../Core/Inc/Estaciones/CEstacionBase.cpp:10:1:CEstacionBase::CEstacionBase()	16	static
../Core/Inc/Estaciones/CEstacionBase.cpp:16:1:CEstacionBase::~CEstacionBase()	16	static
../Core/Inc/Estaciones/CEstacionBase.cpp:16:1:virtual CEstacionBase::~CEstacionBase()	16	static
../Core/Inc/Estaciones/CEstacionBase.cpp:21:7:virtual float CEstacionBase::GetTemperaturaReal()	16	static
../Core/Inc/Estaciones/CEstacionBase.cpp:25:6:virtual void CEstacionBase::SetTemperatura(int)	16	static
../Core/Inc/Estaciones/CEstacionBase.cpp:29:5:virtual int CEstacionBase::GetTemperatura()	16	static
../Core/Inc/Estaciones/CEstacionBase.cpp:33:6:virtual void CEstacionBase::SetNivelAire(int)	16	static
../Core/Inc/Estaciones/CEstacionBase.cpp:37:5:virtual int CEstacionBase::GetNivelAire()	16	static
../Core/Inc/Estaciones/CEstacionBase.cpp:41:5:virtual int CEstacionBase::GetEstado()	16	static
../Core/Inc/Estaciones/CEstacionBase.cpp:46:6:virtual void CEstacionBase::IncrementaTemperatura()	16	static
../Core/Inc/Estaciones/CEstacionBase.cpp:51:6:virtual void CEstacionBase::DecrementaTemperatura()	16	static
../Core/Inc/Estaciones/CEstacionBase.cpp:56:6:virtual void CEstacionBase::SetManejadorControles(CManejadorEventosControles*)	16	static
../Core/Inc/Estaciones/CEstacionBase.cpp:61:6:virtual void CEstacionBase::Procesa()	16	static
../Core/Inc/Estaciones/CEstacionBase.cpp:65:6:virtual void CEstacionBase::NivelAireEvent(int)	16	static
../Core/Inc/Estaciones/CEstacionBase.cpp:71:6:virtual void CEstacionBase::TemperaturaRealEvent(int)	16	static
../Core/Inc/Estaciones/CEstacionBase.cpp:78:6:virtual void CEstacionBase::ActivarCalefactor()	16	static
../Core/Inc/Estaciones/CEstacionBase.cpp:82:6:virtual void CEstacionBase::DesactivarCalefactor()	16	static
../Core/Inc/Estaciones/CEstacionBase.cpp:86:6:virtual void CEstacionBase::CruceXCero(int)	16	static
../Core/Inc/Estaciones/CEstacionBase.cpp:90:6:virtual void CEstacionBase::TimerTick()	16	static
../Core/Inc/Estaciones/CEstacionBase.cpp:94:5:virtual int CEstacionBase::GetPID()	16	static
../Core/Inc/Estaciones/CEstacionBase.cpp:98:6:virtual void CEstacionBase::SetPID(int)	16	static
../Core/Inc/Estaciones/CEstacionBase.cpp:102:6:virtual void CEstacionBase::GPIO_INTERRUPCION(int)	16	static
../Core/Inc/Estaciones/CEstacionBase.cpp:106:6:virtual void CEstacionBase::QuitaManejadorControles()	16	static
