../Core/Inc/Estaciones/CestacionVirtual.cpp:12:1:CestacionVirtual::~CestacionVirtual()	16	static
../Core/Inc/Estaciones/CestacionVirtual.cpp:12:1:virtual CestacionVirtual::~CestacionVirtual()	16	static
../Core/Inc/Estaciones/CestacionVirtual.cpp:17:1:CestacionVirtual::CestacionVirtual()	32	static
../Core/Inc/Estaciones/CestacionVirtual.cpp:59:7:virtual float CestacionVirtual::GetTemperaturaReal()	16	static
../Core/Inc/Estaciones/CestacionVirtual.cpp:65:6:virtual void CestacionVirtual::SetTemperatura(int)	16	static
../Core/Inc/Estaciones/CestacionVirtual.cpp:71:5:virtual int CestacionVirtual::GetTemperatura()	16	static
../Core/Inc/Estaciones/CestacionVirtual.cpp:77:6:virtual void CestacionVirtual::SetNivelAire(int)	16	static
../Core/Inc/Estaciones/CestacionVirtual.cpp:84:5:virtual int CestacionVirtual::GetNivelAire()	16	static
../Core/Inc/Estaciones/CestacionVirtual.cpp:90:5:virtual int CestacionVirtual::GetEstado()	16	static
../Core/Inc/Estaciones/CestacionVirtual.cpp:96:6:virtual void CestacionVirtual::OnBotonClickEvent(int, int)	24	static
../Core/Inc/Estaciones/CestacionVirtual.cpp:115:6:virtual void CestacionVirtual::OnBotonPresionadoEvent(int)	16	static
../Core/Inc/Estaciones/CestacionVirtual.cpp:135:6:virtual void CestacionVirtual::OnBotonSueltoEvent(int)	16	static
../Core/Inc/Estaciones/CestacionVirtual.cpp:155:6:virtual void CestacionVirtual::OnIncrementoEncoder(int)	16	static
../Core/Inc/Estaciones/CestacionVirtual.cpp:160:6:virtual void CestacionVirtual::OnDecrementoEncoder(int)	16	static
../Core/Inc/Estaciones/CestacionVirtual.cpp:165:6:virtual void CestacionVirtual::OnBotonEncoderClickEvent(int, int)	24	static
../Core/Inc/Estaciones/CestacionVirtual.cpp:170:6:virtual void CestacionVirtual::OnBotonEncoderPresionadoEvent(int)	16	static
../Core/Inc/Estaciones/CestacionVirtual.cpp:175:6:virtual void CestacionVirtual::OnBotonEncoderPresionadoLargoEvent(int)	16	static
../Core/Inc/Estaciones/CestacionVirtual.cpp:180:6:virtual void CestacionVirtual::OnBotonEncoderSueltoEvent(int)	16	static
../Core/Inc/Estaciones/CestacionVirtual.cpp:185:6:virtual void CestacionVirtual::IncrementaTemperatura()	16	static
../Core/Inc/Estaciones/CestacionVirtual.cpp:193:6:virtual void CestacionVirtual::DecrementaTemperatura()	16	static
../Core/Inc/Estaciones/CestacionVirtual.cpp:201:6:virtual void CestacionVirtual::InterrupcionEncoder()	16	static
../Core/Inc/Estaciones/CestacionVirtual.cpp:206:6:virtual void CestacionVirtual::ActivarCalefactor()	16	static
../Core/Inc/Estaciones/CestacionVirtual.cpp:211:6:virtual void CestacionVirtual::DesactivarCalefactor()	16	static
../Core/Inc/Estaciones/CestacionVirtual.cpp:217:6:virtual void CestacionVirtual::OnSensorMagneticoChange(int)	16	static
../Core/Inc/Estaciones/CestacionVirtual.cpp:222:6:virtual void CestacionVirtual::Procesa()	16	static
../Core/Inc/Estaciones/CestacionVirtual.cpp:232:6:void CestacionVirtual::ProcesaTemperatura()	24	static
../Core/Inc/Estaciones/CestacionVirtual.cpp:243:6:void CestacionVirtual::ProcesaTemperaturaReal()	24	static
../Core/Inc/Estaciones/CestacionVirtual.cpp:254:6:void CestacionVirtual::procesaAire()	24	static
../Core/Inc/Estaciones/CestacionVirtual.cpp:264:6:void CestacionVirtual::ProcesaBotones()	16	static
../Core/Inc/Estaciones/CestacionVirtual.cpp:272:6:void CestacionVirtual::ProcesaCalefactor()	32	static
../Core/Inc/Estaciones/CestacionVirtual.cpp:302:6:void CestacionVirtual::EnfriaYApagaPistola()	32	static
