../Core/Inc/Estaciones/CestacionBaku601.cpp:13:1:CestacionBaku601::~CestacionBaku601()	16	static
../Core/Inc/Estaciones/CestacionBaku601.cpp:13:1:virtual CestacionBaku601::~CestacionBaku601()	16	static
../Core/Inc/Estaciones/CestacionBaku601.cpp:18:1:CestacionBaku601::CestacionBaku601()	32	static
../Core/Inc/Estaciones/CestacionBaku601.cpp:61:7:virtual float CestacionBaku601::GetTemperaturaReal()	16	static
../Core/Inc/Estaciones/CestacionBaku601.cpp:67:6:virtual void CestacionBaku601::SetTemperatura(int)	16	static
../Core/Inc/Estaciones/CestacionBaku601.cpp:73:5:virtual int CestacionBaku601::GetTemperatura()	16	static
../Core/Inc/Estaciones/CestacionBaku601.cpp:79:6:virtual void CestacionBaku601::SetNivelAire(int)	16	static
../Core/Inc/Estaciones/CestacionBaku601.cpp:86:5:virtual int CestacionBaku601::GetNivelAire()	16	static
../Core/Inc/Estaciones/CestacionBaku601.cpp:92:5:virtual int CestacionBaku601::GetEstado()	16	static
../Core/Inc/Estaciones/CestacionBaku601.cpp:98:6:virtual void CestacionBaku601::OnBotonClickEvent(int, int)	24	static
../Core/Inc/Estaciones/CestacionBaku601.cpp:117:6:virtual void CestacionBaku601::OnBotonPresionadoEvent(int)	16	static
../Core/Inc/Estaciones/CestacionBaku601.cpp:137:6:virtual void CestacionBaku601::OnBotonSueltoEvent(int)	16	static
../Core/Inc/Estaciones/CestacionBaku601.cpp:157:6:virtual void CestacionBaku601::OnIncrementoEncoder(int)	16	static
../Core/Inc/Estaciones/CestacionBaku601.cpp:162:6:virtual void CestacionBaku601::OnDecrementoEncoder(int)	16	static
../Core/Inc/Estaciones/CestacionBaku601.cpp:167:6:virtual void CestacionBaku601::OnBotonEncoderClickEvent(int, int)	24	static
../Core/Inc/Estaciones/CestacionBaku601.cpp:172:6:virtual void CestacionBaku601::OnBotonEncoderPresionadoEvent(int)	16	static
../Core/Inc/Estaciones/CestacionBaku601.cpp:177:6:virtual void CestacionBaku601::OnBotonEncoderPresionadoLargoEvent(int)	16	static
../Core/Inc/Estaciones/CestacionBaku601.cpp:182:6:virtual void CestacionBaku601::OnBotonEncoderSueltoEvent(int)	16	static
../Core/Inc/Estaciones/CestacionBaku601.cpp:187:6:virtual void CestacionBaku601::IncrementaTemperatura()	16	static
../Core/Inc/Estaciones/CestacionBaku601.cpp:195:6:virtual void CestacionBaku601::DecrementaTemperatura()	16	static
../Core/Inc/Estaciones/CestacionBaku601.cpp:204:6:virtual void CestacionBaku601::ActivarCalefactor()	16	static
../Core/Inc/Estaciones/CestacionBaku601.cpp:209:6:virtual void CestacionBaku601::DesactivarCalefactor()	16	static
../Core/Inc/Estaciones/CestacionBaku601.cpp:215:6:virtual void CestacionBaku601::OnSensorMagneticoChange(int)	16	static
../Core/Inc/Estaciones/CestacionBaku601.cpp:220:6:virtual void CestacionBaku601::Procesa()	16	static
../Core/Inc/Estaciones/CestacionBaku601.cpp:229:6:void CestacionBaku601::ProcesaTemperatura()	24	static
../Core/Inc/Estaciones/CestacionBaku601.cpp:240:6:void CestacionBaku601::ProcesaTemperaturaReal()	24	static
../Core/Inc/Estaciones/CestacionBaku601.cpp:251:6:void CestacionBaku601::procesaAire()	24	static
../Core/Inc/Estaciones/CestacionBaku601.cpp:262:6:void CestacionBaku601::ProcesaCalefactor()	40	static
../Core/Inc/Estaciones/CestacionBaku601.cpp:300:6:void CestacionBaku601::EnfriaYApagaPistola()	32	static
../Core/Inc/Estaciones/CestacionBaku601.cpp:325:6:virtual void CestacionBaku601::CruceXCero(int)	16	static
../Core/Inc/Estaciones/CestacionBaku601.cpp:351:6:virtual void CestacionBaku601::TimerTick()	16	static
../Core/Inc/Estaciones/CestacionBaku601.cpp:358:5:virtual int CestacionBaku601::GetPID()	16	static
../Core/Inc/Estaciones/CestacionBaku601.cpp:362:6:virtual void CestacionBaku601::SetPID(int)	16	static
../Core/Inc/Estaciones/CestacionBaku601.cpp:366:6:virtual void CestacionBaku601::GPIO_INTERRUPCION(int)	16	static
../Core/Inc/Estaciones/CestacionBaku601.cpp:372:6:void CestacionBaku601::ProcesaBotones(int)	16	static
../Core/Inc/Estaciones/CestacionBaku601.cpp:379:6:virtual void CestacionBaku601::InterrupcionEncoder(int)	16	static
