../Core/Inc/Estaciones/CestacionBaku601.cpp:13:1:CestacionBaku601::~CestacionBaku601()	16	static
../Core/Inc/Estaciones/CestacionBaku601.cpp:13:1:virtual CestacionBaku601::~CestacionBaku601()	16	static
../Core/Inc/Estaciones/CestacionBaku601.cpp:18:1:CestacionBaku601::CestacionBaku601()	16	static
../Core/Inc/Estaciones/CestacionBaku601.cpp:39:7:virtual float CestacionBaku601::GetTemperaturaReal()	16	static
../Core/Inc/Estaciones/CestacionBaku601.cpp:45:6:virtual void CestacionBaku601::SetTemperatura(int)	16	static
../Core/Inc/Estaciones/CestacionBaku601.cpp:51:5:virtual int CestacionBaku601::GetTemperatura()	16	static
../Core/Inc/Estaciones/CestacionBaku601.cpp:57:6:virtual void CestacionBaku601::SetNivelAire(int)	16	static
../Core/Inc/Estaciones/CestacionBaku601.cpp:65:5:virtual int CestacionBaku601::GetEstado()	16	static
../Core/Inc/Estaciones/CestacionBaku601.cpp:73:6:virtual void CestacionBaku601::IncrementaTemperatura()	16	static
../Core/Inc/Estaciones/CestacionBaku601.cpp:81:6:virtual void CestacionBaku601::DecrementaTemperatura()	16	static
../Core/Inc/Estaciones/CestacionBaku601.cpp:90:6:virtual void CestacionBaku601::ActivarCalefactor()	16	static
../Core/Inc/Estaciones/CestacionBaku601.cpp:95:6:virtual void CestacionBaku601::DesactivarCalefactor()	16	static
../Core/Inc/Estaciones/CestacionBaku601.cpp:101:6:virtual void CestacionBaku601::OnSensorMagneticoChange(int)	16	static
../Core/Inc/Estaciones/CestacionBaku601.cpp:106:6:virtual void CestacionBaku601::Procesa()	16	static
../Core/Inc/Estaciones/CestacionBaku601.cpp:115:6:void CestacionBaku601::ProcesaTemperatura()	24	static
../Core/Inc/Estaciones/CestacionBaku601.cpp:126:6:void CestacionBaku601::ProcesaTemperaturaReal()	24	static
../Core/Inc/Estaciones/CestacionBaku601.cpp:137:6:void CestacionBaku601::procesaAire()	24	static
../Core/Inc/Estaciones/CestacionBaku601.cpp:148:6:void CestacionBaku601::ProcesaCalefactor()	40	static
../Core/Inc/Estaciones/CestacionBaku601.cpp:186:6:void CestacionBaku601::EnfriaYApagaPistola()	32	static
../Core/Inc/Estaciones/CestacionBaku601.cpp:211:6:virtual void CestacionBaku601::CruceXCero(int)	16	static
../Core/Inc/Estaciones/CestacionBaku601.cpp:235:6:virtual void CestacionBaku601::TimerTick()	16	static
../Core/Inc/Estaciones/CestacionBaku601.cpp:242:5:virtual int CestacionBaku601::GetPID()	16	static
../Core/Inc/Estaciones/CestacionBaku601.cpp:246:6:virtual void CestacionBaku601::SetPID(int)	16	static
../Core/Inc/Estaciones/CestacionBaku601.cpp:250:6:virtual void CestacionBaku601::GPIO_INTERRUPCION(int)	16	static
