../Core/Inc/Estaciones/CestacionVirtual.cpp:12:1:CestacionVirtual::~CestacionVirtual()	16	static
../Core/Inc/Estaciones/CestacionVirtual.cpp:12:1:virtual CestacionVirtual::~CestacionVirtual()	16	static
../Core/Inc/Estaciones/CestacionVirtual.cpp:17:1:CestacionVirtual::CestacionVirtual()	32	static
../Core/Inc/Estaciones/CestacionVirtual.cpp:59:7:virtual float CestacionVirtual::GetTemperaturaReal()	24	static
../Core/Inc/Estaciones/CestacionVirtual.cpp:66:6:virtual void CestacionVirtual::SetTemperatura(int)	16	static
../Core/Inc/Estaciones/CestacionVirtual.cpp:73:5:virtual int CestacionVirtual::GetTemperatura()	16	static
../Core/Inc/Estaciones/CestacionVirtual.cpp:79:6:virtual void CestacionVirtual::SetNivelAire(int)	16	static
../Core/Inc/Estaciones/CestacionVirtual.cpp:85:5:virtual int CestacionVirtual::GetNivelAire()	16	static
../Core/Inc/Estaciones/CestacionVirtual.cpp:91:5:virtual int CestacionVirtual::GetEstado()	16	static
../Core/Inc/Estaciones/CestacionVirtual.cpp:97:6:virtual void CestacionVirtual::OnBotonClickEvent(int, int)	24	static
../Core/Inc/Estaciones/CestacionVirtual.cpp:116:6:virtual void CestacionVirtual::OnBotonPresionadoEvent(int)	16	static
../Core/Inc/Estaciones/CestacionVirtual.cpp:136:6:virtual void CestacionVirtual::OnBotonSueltoEvent(int)	16	static
../Core/Inc/Estaciones/CestacionVirtual.cpp:156:6:virtual void CestacionVirtual::OnIncrementoEncoder(int)	16	static
../Core/Inc/Estaciones/CestacionVirtual.cpp:161:6:virtual void CestacionVirtual::OnDecrementoEncoder(int)	16	static
../Core/Inc/Estaciones/CestacionVirtual.cpp:166:6:virtual void CestacionVirtual::OnBotonEncoderClickEvent(int, int)	24	static
../Core/Inc/Estaciones/CestacionVirtual.cpp:171:6:virtual void CestacionVirtual::OnBotonEncoderPresionadoEvent(int)	16	static
../Core/Inc/Estaciones/CestacionVirtual.cpp:176:6:virtual void CestacionVirtual::OnBotonEncoderPresionadoLargoEvent(int)	16	static
../Core/Inc/Estaciones/CestacionVirtual.cpp:181:6:virtual void CestacionVirtual::OnBotonEncoderSueltoEvent(int)	16	static
../Core/Inc/Estaciones/CestacionVirtual.cpp:186:6:virtual void CestacionVirtual::IncrementaTemperatura()	16	static
../Core/Inc/Estaciones/CestacionVirtual.cpp:195:6:virtual void CestacionVirtual::DecrementaTemperatura()	16	static
../Core/Inc/Estaciones/CestacionVirtual.cpp:204:6:virtual void CestacionVirtual::InterrupcionEncoder()	16	static
../Core/Inc/Estaciones/CestacionVirtual.cpp:209:6:virtual void CestacionVirtual::ActivarCalefactor()	16	static
../Core/Inc/Estaciones/CestacionVirtual.cpp:214:6:virtual void CestacionVirtual::DesactivarCalefactor()	16	static
../Core/Inc/Estaciones/CestacionVirtual.cpp:219:6:void CestacionVirtual::EnfriaYApagaPistola()	24	static
../Core/Inc/Estaciones/CestacionVirtual.cpp:232:6:virtual void CestacionVirtual::OnSensorMagneticoChange(int)	16	static
../Core/Inc/Estaciones/CestacionVirtual.cpp:237:6:virtual void CestacionVirtual::Procesa()	16	static
../Core/Inc/Estaciones/CestacionVirtual.cpp:247:6:void CestacionVirtual::ProcesaTemperatura()	24	static
../Core/Inc/Estaciones/CestacionVirtual.cpp:260:6:void CestacionVirtual::ProcesaTemperaturaReal()	24	static
../Core/Inc/Estaciones/CestacionVirtual.cpp:271:6:void CestacionVirtual::procesaAire()	24	static
../Core/Inc/Estaciones/CestacionVirtual.cpp:281:6:void CestacionVirtual::ProcesaBotones()	16	static
../Core/Inc/Estaciones/CestacionVirtual.cpp:289:6:void CestacionVirtual::ProcesaCalefactor()	24	static
