../Core/Inc/Estaciones/CestacionBaku601.cpp:15:1:CestacionBaku601::~CestacionBaku601()	16	static
../Core/Inc/Estaciones/CestacionBaku601.cpp:15:1:virtual CestacionBaku601::~CestacionBaku601()	16	static
../Core/Inc/Estaciones/CestacionBaku601.cpp:20:6:void CestacionBaku601::IniciaMax6675()	32	static
../Core/Inc/Estaciones/CestacionBaku601.cpp:28:6:void CestacionBaku601::IniciaSensorTemperaturaAnalogico()	32	static
../Core/Inc/Estaciones/CestacionBaku601.cpp:33:1:CestacionBaku601::CestacionBaku601()	16	static
../Core/Inc/Estaciones/CestacionBaku601.cpp:49:7:virtual float CestacionBaku601::GetTemperaturaRealx()	16	static
../Core/Inc/Estaciones/CestacionBaku601.cpp:56:6:virtual void CestacionBaku601::SetTemperatura(int)	16	static
../Core/Inc/Estaciones/CestacionBaku601.cpp:62:5:virtual int CestacionBaku601::GetTemperatura()	16	static
../Core/Inc/Estaciones/CestacionBaku601.cpp:68:6:virtual void CestacionBaku601::SetNivelAire(int)	16	static
../Core/Inc/Estaciones/CestacionBaku601.cpp:72:5:virtual int CestacionBaku601::GetNivelAire()	16	static
../Core/Inc/Estaciones/CestacionBaku601.cpp:78:5:virtual int CestacionBaku601::GetEstado()	16	static
../Core/Inc/Estaciones/CestacionBaku601.cpp:83:6:virtual void CestacionBaku601::IncrementaTemperatura()	16	static
../Core/Inc/Estaciones/CestacionBaku601.cpp:92:6:virtual void CestacionBaku601::DecrementaTemperatura()	16	static
../Core/Inc/Estaciones/CestacionBaku601.cpp:100:6:virtual void CestacionBaku601::ActivarCalefactor()	16	static
../Core/Inc/Estaciones/CestacionBaku601.cpp:105:6:virtual void CestacionBaku601::DesactivarCalefactor()	16	static
../Core/Inc/Estaciones/CestacionBaku601.cpp:110:6:virtual void CestacionBaku601::OnSensorMagneticoChange(int)	16	static
../Core/Inc/Estaciones/CestacionBaku601.cpp:115:6:virtual void CestacionBaku601::Procesa()	16	static
../Core/Inc/Estaciones/CestacionBaku601.cpp:123:6:void CestacionBaku601::ProcesaTemperatura()	24	static
../Core/Inc/Estaciones/CestacionBaku601.cpp:134:6:void CestacionBaku601::ProcesaTemperaturaReal()	16	static
../Core/Inc/Estaciones/CestacionBaku601.cpp:139:6:void CestacionBaku601::procesaAire()	24	static
../Core/Inc/Estaciones/CestacionBaku601.cpp:149:6:void CestacionBaku601::ProcesaCalefactor()	24	static
../Core/Inc/Estaciones/CestacionBaku601.cpp:189:6:virtual void CestacionBaku601::EnfriaYApagaPistola()	32	static
../Core/Inc/Estaciones/CestacionBaku601.cpp:213:6:virtual void CestacionBaku601::CruceXCero(int)	16	static
../Core/Inc/Estaciones/CestacionBaku601.cpp:241:6:virtual void CestacionBaku601::TimerTick()	16	static
../Core/Inc/Estaciones/CestacionBaku601.cpp:253:5:virtual int CestacionBaku601::GetPID()	16	static
../Core/Inc/Estaciones/CestacionBaku601.cpp:257:6:virtual void CestacionBaku601::SetPID(int)	16	static
../Core/Inc/Estaciones/CestacionBaku601.cpp:261:6:virtual void CestacionBaku601::GPIO_INTERRUPCION(int)	16	static
