../Core/Inc/GUI/CEtiquetaTft.cpp:11:1:CEtiquetaTft::~CEtiquetaTft()	16	static
../Core/Inc/GUI/CEtiquetaTft.cpp:11:1:virtual CEtiquetaTft::~CEtiquetaTft()	16	static
../Core/Inc/GUI/CEtiquetaTft.cpp:16:1:CEtiquetaTft::CEtiquetaTft(int, int, int, int, int, char*, int, int, int, int)	40	static
../Core/Inc/GUI/CEtiquetaTft.cpp:24:6:)	244	static
../Core/Inc/GUI/CEtiquetaTft.cpp:98:7:char* CEtiquetaTft::DameTexto()	16	static
../Core/Inc/GUI/CEtiquetaTft.cpp:103:6:void CEtiquetaTft::SetSeparacion(int, int)	24	static
../Core/Inc/GUI/CEtiquetaTft.cpp:109:5:int CEtiquetaTft::DameSeparacionArriba()	16	static
../Core/Inc/GUI/CEtiquetaTft.cpp:114:5:int CEtiquetaTft::DameSeparacionIzquierda()	16	static
../Core/Inc/GUI/CEtiquetaTft.cpp:119:6:void CEtiquetaTft::SetColorTexto(int)	16	static
../Core/Inc/GUI/CEtiquetaTft.cpp:124:5:int CEtiquetaTft::DameColorTexto()	16	static
../Core/Inc/GUI/CEtiquetaTft.cpp:129:6:virtual void CEtiquetaTft::Show()	16	static
../Core/Inc/GUI/CEtiquetaTft.cpp:143:6:void CEtiquetaTft::SetTextSize(int)	16	static
../Core/Inc/GUI/CEtiquetaTft.cpp:148:5:int CEtiquetaTft::DameTextSize()	16	static
../Core/Inc/GUI/CEtiquetaTft.cpp:152:6:void CEtiquetaTft::SetBackColor(int)	16	static
