../Core/Inc/GUI/PantallaManual/CPantallaManual.cpp:17:1:CPantallaManual::~CPantallaManual()	16	static
../Core/Inc/GUI/PantallaManual/CPantallaManual.cpp:17:1:virtual CPantallaManual::~CPantallaManual()	16	static
../Core/Inc/GUI/PantallaManual/CPantallaManual.cpp:22:1:CPantallaManual::CPantallaManual()	64	static
../Core/Inc/GUI/PantallaManual/CPantallaManual.cpp:36:6:virtual void CPantallaManual::MuestraEstado(bool)	16	static
../Core/Inc/GUI/PantallaManual/CPantallaManual.cpp:64:6:virtual void CPantallaManual::LeeDatosEstacion()	16	static
../Core/Inc/GUI/PantallaManual/CPantallaManual.cpp:74:6:void CPantallaManual::MuestraTemperaturas(bool)	16	static
../Core/Inc/GUI/PantallaManual/CPantallaManual.cpp:88:6:virtual void CPantallaManual::OnNivelAireEvent(int)	16	static
../Core/Inc/GUI/PantallaManual/CPantallaManual.cpp:94:6:void CPantallaManual::MuestraNivelAire(bool)	16	static
../Core/Inc/GUI/PantallaManual/CPantallaManual.cpp:108:6:virtual void CPantallaManual::OnTemperaturaRealEvent(int)	16	static
../Core/Inc/GUI/PantallaManual/CPantallaManual.cpp:113:6:virtual void CPantallaManual::OnPerillaIncremento()	16	static
../Core/Inc/GUI/PantallaManual/CPantallaManual.cpp:119:6:virtual void CPantallaManual::OnPerillaDecremento()	16	static
../Core/Inc/GUI/PantallaManual/CPantallaManual.cpp:125:6:virtual void CPantallaManual::Refresca()	16	static
../Core/Inc/GUI/PantallaManual/CPantallaManual.cpp:131:7:virtual void CPantallaManual::OnBotonPerillaClickEvent()	16	static
../Core/Inc/GUI/PantallaManual/CPantallaManual.cpp:135:7:virtual void CPantallaManual::MuestraInformacion(bool)	16	static
../Core/Inc/GUI/PantallaManual/CPantallaManual.cpp:145:7:virtual void CPantallaManual::GuardaTemperatura()	24	static
../Core/Inc/GUI/PantallaManual/CPantallaManual.cpp:157:6:void CPantallaManual::LeeMemoria()	24	static
../Core/Inc/GUI/PantallaManual/CPantallaManual.cpp:165:7:virtual void CPantallaManual::Show()	16	static
../Core/Inc/GUI/PantallaManual/CPantallaManual.cpp:175:6:virtual void CPantallaManual::OnBotonTresClickEvent()	16	static
../Core/Inc/GUI/PantallaManual/CPantallaManual.cpp:179:6:virtual void CPantallaManual::OnBotonUnoClickEvent()	16	static
../Core/Inc/GUI/PantallaManual/CPantallaManual.cpp:183:6:virtual void CPantallaManual::OnBotonDosClickEvent()	16	static
../Core/Inc/GUI/PantallaManual/CPantallaManual.cpp:187:6:virtual void CPantallaManual::SetEstacion(CEstacionBase*)	16	static
