../Core/Src/main.cpp:79:5:int main()	8	static
../Core/Src/main.cpp:129:6:void SystemClock_Config()	88	static
../Core/Src/main.cpp:173:13:void MX_ADC1_Init()	24	static
../Core/Src/main.cpp:220:13:void MX_SPI1_Init()	8	static
../Core/Src/main.cpp:258:13:void MX_TIM1_Init()	80	static
../Core/Src/main.cpp:323:13:void MX_TIM2_Init()	64	static
../Core/Src/main.cpp:382:13:void MX_USART1_UART_Init()	8	static
../Core/Src/main.cpp:415:13:void MX_GPIO_Init()	32	static
../Core/Src/main.cpp:488:6:void Error_Handler()	4	static,ignoring_inline_asm
