../Core/Src/main.cpp:76:5:int main()	8	static
../Core/Src/main.cpp:126:6:void SystemClock_Config()	88	static
../Core/Src/main.cpp:170:13:void MX_ADC1_Init()	24	static
../Core/Src/main.cpp:217:13:void MX_SPI1_Init()	8	static
../Core/Src/main.cpp:255:13:void MX_TIM1_Init()	80	static
../Core/Src/main.cpp:320:13:void MX_TIM2_Init()	64	static
../Core/Src/main.cpp:379:13:void MX_USART1_UART_Init()	8	static
../Core/Src/main.cpp:412:13:void MX_GPIO_Init()	32	static
../Core/Src/main.cpp:482:6:void Error_Handler()	4	static,ignoring_inline_asm
