../Core/Inc/ManejadorControles/CManejadorControles.cpp:11:1:CManejadorControles::CManejadorControles()	32	static
../Core/Inc/ManejadorControles/CManejadorControles.cpp:40:1:CManejadorControles::~CManejadorControles()	16	static
../Core/Inc/ManejadorControles/CManejadorControles.cpp:40:1:virtual CManejadorControles::~CManejadorControles()	16	static
../Core/Inc/ManejadorControles/CManejadorControles.cpp:45:6:virtual void CManejadorControles::GPIO_INTERRUPCION(int)	16	static
../Core/Inc/ManejadorControles/CManejadorControles.cpp:51:6:void CManejadorControles::ProcesaBotones(int)	16	static
../Core/Inc/ManejadorControles/CManejadorControles.cpp:58:6:virtual void CManejadorControles::InterrupcionEncoder(int)	16	static
../Core/Inc/ManejadorControles/CManejadorControles.cpp:64:5:int CManejadorControles::GetNivelAire()	16	static
../Core/Inc/ManejadorControles/CManejadorControles.cpp:70:6:virtual void CManejadorControles::BotonUnoClickEvent()	16	static
../Core/Inc/ManejadorControles/CManejadorControles.cpp:78:6:virtual void CManejadorControles::BotonDosClickEvent()	16	static
../Core/Inc/ManejadorControles/CManejadorControles.cpp:86:6:virtual void CManejadorControles::BotonTresClickEvent()	16	static
../Core/Inc/ManejadorControles/CManejadorControles.cpp:94:6:virtual void CManejadorControles::BotonCuatroClickEvent()	16	static
../Core/Inc/ManejadorControles/CManejadorControles.cpp:102:6:virtual void CManejadorControles::BotonPerillaClickEvent()	16	static
../Core/Inc/ManejadorControles/CManejadorControles.cpp:110:6:virtual void CManejadorControles::EncoderIncremento()	16	static
../Core/Inc/ManejadorControles/CManejadorControles.cpp:117:6:virtual void CManejadorControles::EncoderDecremento()	16	static
../Core/Inc/ManejadorControles/CManejadorControles.cpp:125:6:virtual void CManejadorControles::OnBotonClickEvent(int)	16	static
../Core/Inc/ManejadorControles/CManejadorControles.cpp:146:6:virtual void CManejadorControles::OnIncrementoEncoder(int)	16	static
../Core/Inc/ManejadorControles/CManejadorControles.cpp:151:6:virtual void CManejadorControles::OnDecrementoEncoder(int)	16	static
../Core/Inc/ManejadorControles/CManejadorControles.cpp:156:6:virtual void CManejadorControles::OnBotonEncoderClickEvent(int)	16	static
../Core/Inc/ManejadorControles/CManejadorControles.cpp:165:6:virtual void CManejadorControles::SetManejadorControles(CManejadorEventosControles*)	16	static
../Core/Inc/ManejadorControles/CManejadorControles.cpp:170:6:void CManejadorControles::TimerTick()	16	static
