../Core/Inc/ManejadorControles/CManejadorControlesBase.cpp:10:1:CManejadorControlesBase::CManejadorControlesBase()	16	static
../Core/Inc/ManejadorControles/CManejadorControlesBase.cpp:16:1:CManejadorControlesBase::~CManejadorControlesBase()	16	static
../Core/Inc/ManejadorControles/CManejadorControlesBase.cpp:16:1:virtual CManejadorControlesBase::~CManejadorControlesBase()	16	static
../Core/Inc/ManejadorControles/CManejadorControlesBase.cpp:21:6:virtual void CManejadorControlesBase::OnTemperaturaEvent(int)	16	static
../Core/Inc/ManejadorControles/CManejadorControlesBase.cpp:25:6:virtual void CManejadorControlesBase::OnTemperaturaRealEvent(int)	16	static
../Core/Inc/ManejadorControles/CManejadorControlesBase.cpp:29:6:virtual void CManejadorControlesBase::OnNivelAireEvent(int)	16	static
../Core/Inc/ManejadorControles/CManejadorControlesBase.cpp:34:6:virtual void CManejadorControlesBase::OnBotonUnoClickEvent(int)	16	static
../Core/Inc/ManejadorControles/CManejadorControlesBase.cpp:38:6:virtual void CManejadorControlesBase::OnBotonUnoPresionadoEvent()	16	static
../Core/Inc/ManejadorControles/CManejadorControlesBase.cpp:42:6:virtual void CManejadorControlesBase::OnBotonUnoPresionadoLargoEvent()	16	static
../Core/Inc/ManejadorControles/CManejadorControlesBase.cpp:46:6:virtual void CManejadorControlesBase::OnBotonUnoSueltoEvent()	16	static
../Core/Inc/ManejadorControles/CManejadorControlesBase.cpp:51:6:virtual void CManejadorControlesBase::OnBotonDosClickEvent(int)	16	static
../Core/Inc/ManejadorControles/CManejadorControlesBase.cpp:55:6:virtual void CManejadorControlesBase::OnBotonDosPresionadoEvent()	16	static
../Core/Inc/ManejadorControles/CManejadorControlesBase.cpp:59:6:virtual void CManejadorControlesBase::OnBotonDosPresionadoLargoEvent()	16	static
../Core/Inc/ManejadorControles/CManejadorControlesBase.cpp:63:6:virtual void CManejadorControlesBase::OnBotonDosSueltoEvent()	16	static
../Core/Inc/ManejadorControles/CManejadorControlesBase.cpp:68:6:virtual void CManejadorControlesBase::OnBotonTresClickEvent(int)	16	static
../Core/Inc/ManejadorControles/CManejadorControlesBase.cpp:72:6:virtual void CManejadorControlesBase::OnBotonTresPresionadoEvent()	16	static
../Core/Inc/ManejadorControles/CManejadorControlesBase.cpp:76:6:virtual void CManejadorControlesBase::OnBotonTresPresionadoLargoEvent()	16	static
../Core/Inc/ManejadorControles/CManejadorControlesBase.cpp:80:6:virtual void CManejadorControlesBase::OnBotonTresSueltoEvent()	16	static
../Core/Inc/ManejadorControles/CManejadorControlesBase.cpp:85:6:virtual void CManejadorControlesBase::OnBotonCuatroClickEvent(int)	16	static
../Core/Inc/ManejadorControles/CManejadorControlesBase.cpp:89:6:virtual void CManejadorControlesBase::OnBotonCuatroPresionadoEvent()	16	static
../Core/Inc/ManejadorControles/CManejadorControlesBase.cpp:93:6:virtual void CManejadorControlesBase::OnBotonCuatroPresionadoLargoEvent()	16	static
../Core/Inc/ManejadorControles/CManejadorControlesBase.cpp:97:6:virtual void CManejadorControlesBase::OnBotonCuatroSueltoEvent()	16	static
../Core/Inc/ManejadorControles/CManejadorControlesBase.cpp:102:6:virtual void CManejadorControlesBase::OnBotonPerillaClickEvent(int)	16	static
../Core/Inc/ManejadorControles/CManejadorControlesBase.cpp:106:6:virtual void CManejadorControlesBase::OnBotonPerillaPresionadoEvent()	16	static
../Core/Inc/ManejadorControles/CManejadorControlesBase.cpp:110:6:virtual void CManejadorControlesBase::OnBotonPerillaPresionadoLargoEvent()	16	static
../Core/Inc/ManejadorControles/CManejadorControlesBase.cpp:114:6:virtual void CManejadorControlesBase::OnBotonPerillaSueltoEvent()	16	static
../Core/Inc/ManejadorControles/CManejadorControlesBase.cpp:119:6:virtual void CManejadorControlesBase::OnPerillaIncremento()	16	static
../Core/Inc/ManejadorControles/CManejadorControlesBase.cpp:123:6:virtual void CManejadorControlesBase::OnPerillaDecremento()	16	static
