../Core/Inc/GUI/PantallaManual/CPantallaManual.cpp:10:1:CPantallaManual::~CPantallaManual()	16	static
../Core/Inc/GUI/PantallaManual/CPantallaManual.cpp:10:1:virtual CPantallaManual::~CPantallaManual()	16	static
../Core/Inc/GUI/PantallaManual/CPantallaManual.cpp:15:1:CPantallaManual::CPantallaManual()	64	static
../Core/Inc/GUI/PantallaManual/CPantallaManual.cpp:27:6:virtual void CPantallaManual::SetEstacion(CEstacionBase*)	16	static
../Core/Inc/GUI/PantallaManual/CPantallaManual.cpp:33:6:virtual void CPantallaManual::Show()	16	static
../Core/Inc/GUI/PantallaManual/CPantallaManual.cpp:41:6:void CPantallaManual::MuestraEstado()	16	static
../Core/Inc/GUI/PantallaManual/CPantallaManual.cpp:60:6:void CPantallaManual::LeeDatosEstacion()	16	static
../Core/Inc/GUI/PantallaManual/CPantallaManual.cpp:66:6:virtual void CPantallaManual::OnTemperaturaEvent(int)	16	static
../Core/Inc/GUI/PantallaManual/CPantallaManual.cpp:71:6:void CPantallaManual::MuestraTemperaturas()	16	static
../Core/Inc/GUI/PantallaManual/CPantallaManual.cpp:80:6:virtual void CPantallaManual::OnNivelAireEvent(int)	16	static
../Core/Inc/GUI/PantallaManual/CPantallaManual.cpp:85:6:void CPantallaManual::MuestraNivelAire()	16	static
../Core/Inc/GUI/PantallaManual/CPantallaManual.cpp:94:6:virtual void CPantallaManual::OnTemperaturaRealEvent(int)	16	static
../Core/Inc/GUI/PantallaManual/CPantallaManual.cpp:100:6:virtual void CPantallaManual::OnBotonDosClickEvent(int)	16	static
../Core/Inc/GUI/PantallaManual/CPantallaManual.cpp:106:6:virtual void CPantallaManual::OnPerillaIncremento()	16	static
../Core/Inc/GUI/PantallaManual/CPantallaManual.cpp:110:6:virtual void CPantallaManual::OnPerillaDecremento()	16	static
../Core/Inc/GUI/PantallaManual/CPantallaManual.cpp:114:6:virtual void CPantallaManual::OnBotonPerillaClickEvent(int)	16	static
../Core/Inc/GUI/PantallaManual/CPantallaManual.cpp:123:6:virtual void CPantallaManual::Refresca()	16	static
