../Core/Inc/ILI9341/ILI9341_STM32_Driver.cpp:92:6:void ILI9341_SPI_Init()	8	static
../Core/Inc/ILI9341/ILI9341_STM32_Driver.cpp:100:6:void ILI9341_SPI_Send(unsigned char)	16	static
../Core/Inc/ILI9341/ILI9341_STM32_Driver.cpp:106:6:void ILI9341_Write_Command(uint8_t)	16	static
../Core/Inc/ILI9341/ILI9341_STM32_Driver.cpp:115:6:void ILI9341_Write_Data(uint8_t)	16	static
../Core/Inc/ILI9341/ILI9341_STM32_Driver.cpp:124:6:void ILI9341_Set_Address(uint16_t, uint16_t, uint16_t, uint16_t)	24	static
../Core/Inc/ILI9341/ILI9341_STM32_Driver.cpp:142:6:void ILI9341_Reset()	8	static
../Core/Inc/ILI9341/ILI9341_STM32_Driver.cpp:152:6:void ILI9341_Set_Rotation(uint8_t)	24	static
../Core/Inc/ILI9341/ILI9341_STM32_Driver.cpp:189:6:void ILI9341_Enable()	8	static
../Core/Inc/ILI9341/ILI9341_STM32_Driver.cpp:195:6:void ILI9341_Init()	8	static
../Core/Inc/ILI9341/ILI9341_STM32_Driver.cpp:335:6:void ILI9341_Draw_Colour(uint16_t)	24	static
../Core/Inc/ILI9341/ILI9341_STM32_Driver.cpp:348:6:void ILI9341_Draw_Colour_Burst(uint16_t, uint32_t)	80	dynamic
../Core/Inc/ILI9341/ILI9341_STM32_Driver.cpp:395:6:void ILI9341_Fill_Screen(uint16_t)	16	static
../Core/Inc/ILI9341/ILI9341_STM32_Driver.cpp:407:6:void ILI9341_Draw_Pixel(uint16_t, uint16_t, uint16_t)	32	static
../Core/Inc/ILI9341/ILI9341_STM32_Driver.cpp:462:6:void ILI9341_Draw_Rectangle(uint16_t, uint16_t, uint16_t, uint16_t, uint16_t)	24	static
../Core/Inc/ILI9341/ILI9341_STM32_Driver.cpp:480:6:void ILI9341_Draw_Horizontal_Line(uint16_t, uint16_t, uint16_t, uint16_t)	24	static
../Core/Inc/ILI9341/ILI9341_STM32_Driver.cpp:494:6:void ILI9341_Draw_Vertical_Line(uint16_t, uint16_t, uint16_t, uint16_t)	24	static
