../Core/Inc/GUI/PantallaMenuPrincipal/CMenuPrincipal.cpp:15:1:CMenuPrincipal::CMenuPrincipal()	40	static
../Core/Inc/GUI/PantallaMenuPrincipal/CMenuPrincipal.cpp:29:1:CMenuPrincipal::~CMenuPrincipal()	16	static
../Core/Inc/GUI/PantallaMenuPrincipal/CMenuPrincipal.cpp:29:1:virtual CMenuPrincipal::~CMenuPrincipal()	16	static
../Core/Inc/GUI/PantallaMenuPrincipal/CMenuPrincipal.cpp:34:6:virtual void CMenuPrincipal::Show()	16	static
../Core/Inc/GUI/PantallaMenuPrincipal/CMenuPrincipal.cpp:40:6:virtual void CMenuPrincipal::Refresca()	16	static
../Core/Inc/GUI/PantallaMenuPrincipal/CMenuPrincipal.cpp:45:6:virtual void CMenuPrincipal::OnBotonCuatroClickEvent()	16	static
../Core/Inc/GUI/PantallaMenuPrincipal/CMenuPrincipal.cpp:49:6:virtual void CMenuPrincipal::OnPerillaIncremento()	16	static
../Core/Inc/GUI/PantallaMenuPrincipal/CMenuPrincipal.cpp:53:6:virtual void CMenuPrincipal::OnPerillaDecremento()	16	static
../Core/Inc/GUI/PantallaMenuPrincipal/CMenuPrincipal.cpp:57:6:virtual void CMenuPrincipal::OnBotonPerillaClickEvent()	16	static
../Core/Inc/GUI/PantallaMenuPrincipal/CMenuPrincipal.cpp:61:6:virtual void CMenuPrincipal::OnMenuEvent(int)	16	static
../Core/Inc/GUI/PantallaMenuPrincipal/CMenuPrincipal.cpp:77:6:virtual void CMenuPrincipal::OnBotonTresClickEvent()	16	static
../Core/Inc/GUI/PantallaMenuPrincipal/CMenuPrincipal.cpp:81:6:virtual void CMenuPrincipal::OnBotonUnoClickEvent()	16	static
../Core/Inc/GUI/PantallaMenuPrincipal/CMenuPrincipal.cpp:85:6:virtual void CMenuPrincipal::OnBotonDosClickEvent()	16	static
