Archive member included to satisfy reference by file (symbol)

C:/ST/STM32CubeIDE_1.13.1/STM32CubeIDE/plugins/com.st.stm32cube.ide.mcu.externaltools.gnu-tools-for-stm32.12.3.rel1.win32_1.0.200.202406191623/tools/bin/../lib/gcc/arm-none-eabi/12.3.1/../../../../arm-none-eabi/lib/thumb/v7-m/nofp\libstdc++_nano.a(del_ops.o)
                              ./Core/Inc/Boton/CManejadorBoton.o (operator delete(void*, unsigned int))
C:/ST/STM32CubeIDE_1.13.1/STM32CubeIDE/plugins/com.st.stm32cube.ide.mcu.externaltools.gnu-tools-for-stm32.12.3.rel1.win32_1.0.200.202406191623/tools/bin/../lib/gcc/arm-none-eabi/12.3.1/../../../../arm-none-eabi/lib/thumb/v7-m/nofp\libstdc++_nano.a(new_op.o)
                              ./Core/Inc/Encoder/CEncoder.o (operator new(unsigned int))
C:/ST/STM32CubeIDE_1.13.1/STM32CubeIDE/plugins/com.st.stm32cube.ide.mcu.externaltools.gnu-tools-for-stm32.12.3.rel1.win32_1.0.200.202406191623/tools/bin/../lib/gcc/arm-none-eabi/12.3.1/../../../../arm-none-eabi/lib/thumb/v7-m/nofp\libstdc++_nano.a(del_op.o)
                              C:/ST/STM32CubeIDE_1.13.1/STM32CubeIDE/plugins/com.st.stm32cube.ide.mcu.externaltools.gnu-tools-for-stm32.12.3.rel1.win32_1.0.200.202406191623/tools/bin/../lib/gcc/arm-none-eabi/12.3.1/../../../../arm-none-eabi/lib/thumb/v7-m/nofp\libstdc++_nano.a(del_ops.o) (operator delete(void*))
C:/ST/STM32CubeIDE_1.13.1/STM32CubeIDE/plugins/com.st.stm32cube.ide.mcu.externaltools.gnu-tools-for-stm32.12.3.rel1.win32_1.0.200.202406191623/tools/bin/../lib/gcc/arm-none-eabi/12.3.1/../../../../arm-none-eabi/lib/thumb/v7-m/nofp\libstdc++_nano.a(new_handler.o)
                              C:/ST/STM32CubeIDE_1.13.1/STM32CubeIDE/plugins/com.st.stm32cube.ide.mcu.externaltools.gnu-tools-for-stm32.12.3.rel1.win32_1.0.200.202406191623/tools/bin/../lib/gcc/arm-none-eabi/12.3.1/../../../../arm-none-eabi/lib/thumb/v7-m/nofp\libstdc++_nano.a(new_op.o) (std::get_new_handler())
C:/ST/STM32CubeIDE_1.13.1/STM32CubeIDE/plugins/com.st.stm32cube.ide.mcu.externaltools.gnu-tools-for-stm32.12.3.rel1.win32_1.0.200.202406191623/tools/bin/../lib/gcc/arm-none-eabi/12.3.1/../../../../arm-none-eabi/lib/thumb/v7-m/nofp\libc_nano.a(libc_a-abort.o)
                              C:/ST/STM32CubeIDE_1.13.1/STM32CubeIDE/plugins/com.st.stm32cube.ide.mcu.externaltools.gnu-tools-for-stm32.12.3.rel1.win32_1.0.200.202406191623/tools/bin/../lib/gcc/arm-none-eabi/12.3.1/../../../../arm-none-eabi/lib/thumb/v7-m/nofp\libstdc++_nano.a(new_op.o) (abort)
C:/ST/STM32CubeIDE_1.13.1/STM32CubeIDE/plugins/com.st.stm32cube.ide.mcu.externaltools.gnu-tools-for-stm32.12.3.rel1.win32_1.0.200.202406191623/tools/bin/../lib/gcc/arm-none-eabi/12.3.1/../../../../arm-none-eabi/lib/thumb/v7-m/nofp\libc_nano.a(libc_a-exit.o)
                              C:/ST/STM32CubeIDE_1.13.1/STM32CubeIDE/plugins/com.st.stm32cube.ide.mcu.externaltools.gnu-tools-for-stm32.12.3.rel1.win32_1.0.200.202406191623/tools/bin/../lib/gcc/arm-none-eabi/12.3.1/../../../../arm-none-eabi/lib/thumb/v7-m/nofp/crt0.o (exit)
C:/ST/STM32CubeIDE_1.13.1/STM32CubeIDE/plugins/com.st.stm32cube.ide.mcu.externaltools.gnu-tools-for-stm32.12.3.rel1.win32_1.0.200.202406191623/tools/bin/../lib/gcc/arm-none-eabi/12.3.1/../../../../arm-none-eabi/lib/thumb/v7-m/nofp\libc_nano.a(libc_a-malloc.o)
                              C:/ST/STM32CubeIDE_1.13.1/STM32CubeIDE/plugins/com.st.stm32cube.ide.mcu.externaltools.gnu-tools-for-stm32.12.3.rel1.win32_1.0.200.202406191623/tools/bin/../lib/gcc/arm-none-eabi/12.3.1/../../../../arm-none-eabi/lib/thumb/v7-m/nofp\libstdc++_nano.a(new_op.o) (malloc)
C:/ST/STM32CubeIDE_1.13.1/STM32CubeIDE/plugins/com.st.stm32cube.ide.mcu.externaltools.gnu-tools-for-stm32.12.3.rel1.win32_1.0.200.202406191623/tools/bin/../lib/gcc/arm-none-eabi/12.3.1/../../../../arm-none-eabi/lib/thumb/v7-m/nofp\libc_nano.a(libc_a-mallocr.o)
                              C:/ST/STM32CubeIDE_1.13.1/STM32CubeIDE/plugins/com.st.stm32cube.ide.mcu.externaltools.gnu-tools-for-stm32.12.3.rel1.win32_1.0.200.202406191623/tools/bin/../lib/gcc/arm-none-eabi/12.3.1/../../../../arm-none-eabi/lib/thumb/v7-m/nofp\libc_nano.a(libc_a-malloc.o) (_malloc_r)
C:/ST/STM32CubeIDE_1.13.1/STM32CubeIDE/plugins/com.st.stm32cube.ide.mcu.externaltools.gnu-tools-for-stm32.12.3.rel1.win32_1.0.200.202406191623/tools/bin/../lib/gcc/arm-none-eabi/12.3.1/../../../../arm-none-eabi/lib/thumb/v7-m/nofp\libc_nano.a(libc_a-mlock.o)
                              C:/ST/STM32CubeIDE_1.13.1/STM32CubeIDE/plugins/com.st.stm32cube.ide.mcu.externaltools.gnu-tools-for-stm32.12.3.rel1.win32_1.0.200.202406191623/tools/bin/../lib/gcc/arm-none-eabi/12.3.1/../../../../arm-none-eabi/lib/thumb/v7-m/nofp\libc_nano.a(libc_a-mallocr.o) (__malloc_lock)
C:/ST/STM32CubeIDE_1.13.1/STM32CubeIDE/plugins/com.st.stm32cube.ide.mcu.externaltools.gnu-tools-for-stm32.12.3.rel1.win32_1.0.200.202406191623/tools/bin/../lib/gcc/arm-none-eabi/12.3.1/../../../../arm-none-eabi/lib/thumb/v7-m/nofp\libc_nano.a(libc_a-nano-vfprintf_float.o)
[...]
Memory Configuration

Name             Origin             Length             Attributes
RAM              0x20000000         0x00005000         xrw
FLASH            0x08000000         0x00010000         xr
*default*        0x00000000         0xffffffff

Linker script and memory map

LOAD C:/ST/STM32CubeIDE_1.13.1/STM32CubeIDE/plugins/com.st.stm32cube.ide.mcu.externaltools.gnu-tools-for-stm32.12.3.rel1.win32_1.0.200.202406191623/tools/bin/../lib/gcc/arm-none-eabi/12.3.1/thumb/v7-m/nofp/crti.o
LOAD C:/ST/STM32CubeIDE_1.13.1/STM32CubeIDE/plugins/com.st.stm32cube.ide.mcu.externaltools.gnu-tools-for-stm32.12.3.rel1.win32_1.0.200.202406191623/tools/bin/../lib/gcc/arm-none-eabi/12.3.1/thumb/v7-m/nofp/crtbegin.o
LOAD C:/ST/STM32CubeIDE_1.13.1/STM32CubeIDE/plugins/com.st.stm32cube.ide.mcu.externaltools.gnu-tools-for-stm32.12.3.rel1.win32_1.0.200.202406191623/tools/bin/../lib/gcc/arm-none-eabi/12.3.1/../../../../arm-none-eabi/lib/thumb/v7-m/nofp/crt0.o
LOAD ./Core/Inc/Boton/CManejadorBoton.o
LOAD ./Core/Inc/Boton/CManejadorEventosBoton.o
LOAD ./Core/Inc/ControlVelocidadAire/ControlVelocidadAire.o
LOAD ./Core/Inc/Delays/delays.o
LOAD ./Core/Inc/Encoder/CEncoder.o
LOAD ./Core/Inc/Encoder/CManejadorEventosEncoder.o
LOAD ./Core/Inc/Estaciones/CEstacionBase.o
LOAD ./Core/Inc/Estaciones/CestacionVirtual.o
LOAD ./Core/Inc/GUI/CComponenteBaseTft.o
LOAD ./Core/Inc/GUI/CEtiquetaTft.o
LOAD ./Core/Inc/GUI/CPantallaBase.o
LOAD ./Core/Inc/GUI/CRectanguloTft.o
LOAD ./Core/Inc/GUI/PantallaManual/CPantallaManual.o
LOAD ./Core/Inc/ILI9341/ILI9341_GFX.o
LOAD ./Core/Inc/ILI9341/ILI9341_STM32_Driver.o
LOAD ./Core/Inc/ILI9341/ILI9341_Touchscreen.o
LOAD ./Core/Inc/ManejadorControles/CManejadorControlesBase.o
LOAD ./Core/Inc/Max6675/Max6675.o
LOAD ./Core/Inc/Uart/Uart.o
LOAD ./Core/Src/Principal.o
LOAD ./Core/Src/gpio.o
LOAD ./Core/Src/main.o
LOAD ./Core/Src/spi.o
LOAD ./Core/Src/stm32f1xx_hal_msp.o
LOAD ./Core/Src/stm32f1xx_it.o
LOAD ./Core/Src/syscalls.o
LOAD ./Core/Src/sysmem.o
LOAD ./Core/Src/system_stm32f1xx.o
LOAD ./Core/Startup/startup_stm32f103c8tx.o
LOAD ./Drivers/STM32F1xx_HAL_Driver/Src/stm32f1xx_hal.o
LOAD ./Drivers/STM32F1xx_HAL_Driver/Src/stm32f1xx_hal_adc.o
LOAD ./Drivers/STM32F1xx_HAL_Driver/Src/stm32f1xx_hal_adc_ex.o
LOAD ./Drivers/STM32F1xx_HAL_Driver/Src/stm32f1xx_hal_cortex.o
LOAD ./Drivers/STM32F1xx_HAL_Driver/Src/stm32f1xx_hal_dma.o
LOAD ./Drivers/STM32F1xx_HAL_Driver/Src/stm32f1xx_hal_exti.o
LOAD ./Drivers/STM32F1xx_HAL_Driver/Src/stm32f1xx_hal_flash.o
LOAD ./Drivers/STM32F1xx_HAL_Driver/Src/stm32f1xx_hal_flash_ex.o
LOAD ./Drivers/STM32F1xx_HAL_Driver/Src/stm32f1xx_hal_gpio.o
LOAD ./Drivers/STM32F1xx_HAL_Driver/Src/stm32f1xx_hal_gpio_ex.o
LOAD ./Drivers/STM32F1xx_HAL_Driver/Src/stm32f1xx_hal_pwr.o
LOAD ./Drivers/STM32F1xx_HAL_Driver/Src/stm32f1xx_hal_rcc.o
LOAD ./Drivers/STM32F1xx_HAL_Driver/Src/stm32f1xx_hal_rcc_ex.o
LOAD ./Drivers/STM32F1xx_HAL_Driver/Src/stm32f1xx_hal_spi.o
LOAD ./Drivers/STM32F1xx_HAL_Driver/Src/stm32f1xx_hal_tim.o
LOAD ./Drivers/STM32F1xx_HAL_Driver/Src/stm32f1xx_hal_tim_ex.o
LOAD ./Drivers/STM32F1xx_HAL_Driver/Src/stm32f1xx_hal_uart.o
START GROUP
LOAD C:/ST/STM32CubeIDE_1.13.1/STM32CubeIDE/plugins/com.st.stm32cube.ide.mcu.externaltools.gnu-tools-for-stm32.12.3.rel1.win32_1.0.200.202406191623/tools/bin/../lib/gcc/arm-none-eabi/12.3.1/../../../../arm-none-eabi/lib/thumb/v7-m/nofp\libstdc++_nano.a
LOAD C:/ST/STM32CubeIDE_1.13.1/STM32CubeIDE/plugins/com.st.stm32cube.ide.mcu.externaltools.gnu-tools-for-stm32.12.3.rel1.win32_1.0.200.202406191623/tools/bin/../lib/gcc/arm-none-eabi/12.3.1/../../../../arm-none-eabi/lib/thumb/v7-m/nofp\libsupc++_nano.a
END GROUP
LOAD C:/ST/STM32CubeIDE_1.13.1/STM32CubeIDE/plugins/com.st.stm32cube.ide.mcu.externaltools.gnu-tools-for-stm32.12.3.rel1.win32_1.0.200.202406191623/tools/bin/../lib/gcc/arm-none-eabi/12.3.1/../../../../arm-none-eabi/lib/thumb/v7-m/nofp\libstdc++_nano.a
LOAD C:/ST/STM32CubeIDE_1.13.1/STM32CubeIDE/plugins/com.st.stm32cube.ide.mcu.externaltools.gnu-tools-for-stm32.12.3.rel1.win32_1.0.200.202406191623/tools/bin/../lib/gcc/arm-none-eabi/12.3.1/../../../../arm-none-eabi/lib/thumb/v7-m/nofp\libm.a
LOAD C:/ST/STM32CubeIDE_1.13.1/STM32CubeIDE/plugins/com.st.stm32cube.ide.mcu.externaltools.gnu-tools-for-stm32.12.3.rel1.win32_1.0.200.202406191623/tools/bin/../lib/gcc/arm-none-eabi/12.3.1/../../../../arm-none-eabi/lib/thumb/v7-m/nofp\libc_nano.a
START GROUP
LOAD C:/ST/STM32CubeIDE_1.13.1/STM32CubeIDE/plugins/com.st.stm32cube.ide.mcu.externaltools.gnu-tools-for-stm32.12.3.rel1.win32_1.0.200.202406191623/tools/bin/../lib/gcc/arm-none-eabi/12.3.1/thumb/v7-m/nofp\libgcc.a
LOAD C:/ST/STM32CubeIDE_1.13.1/STM32CubeIDE/plugins/com.st.stm32cube.ide.mcu.externaltools.gnu-tools-for-stm32.12.3.rel1.win32_1.0.200.202406191623/tools/bin/../lib/gcc/arm-none-eabi/12.3.1/../../../../arm-none-eabi/lib/thumb/v7-m/nofp\libc_nano.a
END GROUP
START GROUP
LOAD C:/ST/STM32CubeIDE_1.13.1/STM32CubeIDE/plugins/com.st.stm32cube.ide.mcu.externaltools.gnu-tools-for-stm32.12.3.rel1.win32_1.0.200.202406191623/tools/bin/../lib/gcc/arm-none-eabi/12.3.1/thumb/v7-m/nofp\libgcc.a
LOAD C:/ST/STM32CubeIDE_1.13.1/STM32CubeIDE/plugins/com.st.stm32cube.ide.mcu.externaltools.gnu-tools-for-stm32.12.3.rel1.win32_1.0.200.202406191623/tools/bin/../lib/gcc/arm-none-eabi/12.3.1/../../../../arm-none-eabi/lib/thumb/v7-m/nofp\libc_nano.a
LOAD C:/ST/STM32CubeIDE_1.13.1/STM32CubeIDE/plugins/com.st.stm32cube.ide.mcu.externaltools.gnu-tools-for-stm32.12.3.rel1.win32_1.0.200.202406191623/tools/bin/../lib/gcc/arm-none-eabi/12.3.1/../../../../arm-none-eabi/lib/thumb/v7-m/nofp\libnosys.a
END GROUP
START GROUP
LOAD C:/ST/STM32CubeIDE_1.13.1/STM32CubeIDE/plugins/com.st.stm32cube.ide.mcu.externaltools.gnu-tools-for-stm32.12.3.rel1.win32_1.0.200.202406191623/tools/bin/../lib/gcc/arm-none-eabi/12.3.1/thumb/v7-m/nofp\libgcc.a
LOAD C:/ST/STM32CubeIDE_1.13.1/STM32CubeIDE/plugins/com.st.stm32cube.ide.mcu.externaltools.gnu-tools-for-stm32.12.3.rel1.win32_1.0.200.202406191623/tools/bin/../lib/gcc/arm-none-eabi/12.3.1/../../../../arm-none-eabi/lib/thumb/v7-m/nofp\libc_nano.a
LOAD C:/ST/STM32CubeIDE_1.13.1/STM32CubeIDE/plugins/com.st.stm32cube.ide.mcu.externaltools.gnu-tools-for-stm32.12.3.rel1.win32_1.0.200.202406191623/tools/bin/../lib/gcc/arm-none-eabi/12.3.1/../../../../arm-none-eabi/lib/thumb/v7-m/nofp\libnosys.a
END GROUP
LOAD C:/ST/STM32CubeIDE_1.13.1/STM32CubeIDE/plugins/com.st.stm32cube.ide.mcu.externaltools.gnu-tools-for-stm32.12.3.rel1.win32_1.0.200.202406191623/tools/bin/../lib/gcc/arm-none-eabi/12.3.1/thumb/v7-m/nofp/crtend.o
LOAD C:/ST/STM32CubeIDE_1.13.1/STM32CubeIDE/plugins/com.st.stm32cube.ide.mcu.externaltools.gnu-tools-for-stm32.12.3.rel1.win32_1.0.200.202406191623/tools/bin/../lib/gcc/arm-none-eabi/12.3.1/thumb/v7-m/nofp/crtn.o
                0x20005000                        _estack = (ORIGIN (RAM) + LENGTH (RAM))
                0x00000200                        _Min_Heap_Size = 0x200
                0x00000400                        _Min_Stack_Size = 0x400

.isr_vector     0x08000000      0x10c
                0x08000000                        . = ALIGN (0x4)
 *(.isr_vector)
 .isr_vector    0x08000000      0x10c ./Core/Startup/startup_stm32f103c8tx.o
                0x08000000                g_pfnVectors
                0x0800010c                        . = ALIGN (0x4)

.text           0x08000110     0xabec
                0x08000110                        . = ALIGN (0x4)
 *(.text)
 .text          0x08000110       0x40 C:/ST/STM32CubeIDE_1.13.1/STM32CubeIDE/plugins/com.st.stm32cube.ide.mcu.externaltools.gnu-tools-for-stm32.12.3.rel1.win32_1.0.200.202406191623/tools/bin/../lib/gcc/arm-none-eabi/12.3.1/thumb/v7-m/nofp/crtbegin.o
 .text          0x08000150       0x10 C:/ST/STM32CubeIDE_1.13.1/STM32CubeIDE/plugins/com.st.stm32cube.ide.mcu.externaltools.gnu-tools-for-stm32.12.3.rel1.win32_1.0.200.202406191623/tools/bin/../lib/gcc/arm-none-eabi/12.3.1/../../../../arm-none-eabi/lib/thumb/v7-m/nofp\libc_nano.a(libc_a-strlen.o)
                0x08000150                strlen
 .text          0x08000160      0x168 C:/ST/STM32CubeIDE_1.13.1/STM32CubeIDE/plugins/com.st.stm32cube.ide.mcu.externaltools.gnu-tools-for-stm32.12.3.rel1.win32_1.0.200.202406191623/tools/bin/../lib/gcc/arm-none-eabi/12.3.1/thumb/v7-m/nofp\libgcc.a(_arm_mulsf3.o)
                0x08000160                __aeabi_fmul
                0x08000160                __mulsf3
 .text          0x080002c8      0x378 C:/ST/STM32CubeIDE_1.13.1/STM32CubeIDE/plugins/com.st.stm32cube.ide.mcu.externaltools.gnu-tools-for-stm32.12.3.rel1.win32_1.0.200.202406191623/tools/bin/../lib/gcc/arm-none-eabi/12.3.1/thumb/v7-m/nofp\libgcc.a(_arm_addsubdf3.o)
                0x080002c8                __aeabi_drsub
                0x080002d0                __aeabi_dsub
                0x080002d0                __subdf3
                0x080002d4                __aeabi_dadd
                0x080002d4                __adddf3
                0x0800054c                __floatunsidf
                0x0800054c                __aeabi_ui2d
                0x0800056c                __floatsidf
                0x0800056c                __aeabi_i2d
                0x08000590                __aeabi_f2d
                0x08000590                __extendsfdf2
                0x080005d4                __floatundidf
                0x080005d4                __aeabi_ul2d
                0x080005e4                __floatdidf
                0x080005e4                __aeabi_l2d
 .text          0x08000640      0x424 C:/ST/STM32CubeIDE_1.13.1/STM32CubeIDE/plugins/com.st.stm32cube.ide.mcu.externaltools.gnu-tools-for-stm32.12.3.rel1.win32_1.0.200.202406191623/tools/bin/../lib/gcc/arm-none-eabi/12.3.1/thumb/v7-m/nofp\libgcc.a(_arm_muldivdf3.o)
                0x08000640                __aeabi_dmul
                0x08000640                __muldf3
                0x08000894                __divdf3
                0x08000894                __aeabi_ddiv
 .text          0x08000a64      0x110 C:/ST/STM32CubeIDE_1.13.1/STM32CubeIDE/plugins/com.st.stm32cube.ide.mcu.externaltools.gnu-tools-for-stm32.12.3.rel1.win32_1.0.200.202406191623/tools/bin/../lib/gcc/arm-none-eabi/12.3.1/thumb/v7-m/nofp\libgcc.a(_arm_cmpdf2.o)
                0x08000a64                __gtdf2
                0x08000a64                __gedf2
                0x08000a6c                __ltdf2
                0x08000a6c                __ledf2
                0x08000a74                __nedf2
                0x08000a74                __eqdf2
                0x08000a74                __cmpdf2
                0x08000af0                __aeabi_cdrcmple
                0x08000b00                __aeabi_cdcmpeq
                0x08000b00                __aeabi_cdcmple
                0x08000b10                __aeabi_dcmpeq
                0x08000b24                __aeabi_dcmplt
                0x08000b38                __aeabi_dcmple
                0x08000b4c                __aeabi_dcmpge
                0x08000b60                __aeabi_dcmpgt
 .text          0x08000b74       0x2c C:/ST/STM32CubeIDE_1.13.1/STM32CubeIDE/plugins/com.st.stm32cube.ide.mcu.externaltools.gnu-tools-for-stm32.12.3.rel1.win32_1.0.200.202406191623/tools/bin/../lib/gcc/arm-none-eabi/12.3.1/thumb/v7-m/nofp\libgcc.a(_arm_unorddf2.o)
                0x08000b74                __unorddf2
                0x08000b74                __aeabi_dcmpun
 .text          0x08000ba0       0x50 C:/ST/STM32CubeIDE_1.13.1/STM32CubeIDE/plugins/com.st.stm32cube.ide.mcu.externaltools.gnu-tools-for-stm32.12.3.rel1.win32_1.0.200.202406191623/tools/bin/../lib/gcc/arm-none-eabi/12.3.1/thumb/v7-m/nofp\libgcc.a(_arm_fixdfsi.o)
                0x08000ba0                __aeabi_d2iz
                0x08000ba0                __fixdfsi
 .text          0x08000bf0      0x21c C:/ST/STM32CubeIDE_1.13.1/STM32CubeIDE/plugins/com.st.stm32cube.ide.mcu.externaltools.gnu-tools-for-stm32.12.3.rel1.win32_1.0.200.202406191623/tools/bin/../lib/gcc/arm-none-eabi/12.3.1/thumb/v7-m/nofp\libgcc.a(_arm_addsubsf3.o)
                0x08000bf0                __aeabi_frsub
                0x08000bf8                __subsf3
                0x08000bf8                __aeabi_fsub
                0x08000bfc                __aeabi_fadd
                0x08000bfc                __addsf3
                0x08000d5c                __aeabi_ui2f
                0x08000d5c                __floatunsisf
                0x08000d64                __aeabi_i2f
                0x08000d64                __floatsisf
                0x08000d80                __aeabi_ul2f
                0x08000d80                __floatundisf
                0x08000d90                __aeabi_l2f
                0x08000d90                __floatdisf
 .text          0x08000e0c       0xec C:/ST/STM32CubeIDE_1.13.1/STM32CubeIDE/plugins/com.st.stm32cube.ide.mcu.externaltools.gnu-tools-for-stm32.12.3.rel1.win32_1.0.200.202406191623/tools/bin/../lib/gcc/arm-none-eabi/12.3.1/thumb/v7-m/nofp\libgcc.a(_arm_cmpsf2.o)
                0x08000e0c                __gesf2
                0x08000e0c                __gtsf2
                0x08000e14                __lesf2
                0x08000e14                __ltsf2
                0x08000e1c                __nesf2
                0x08000e1c                __eqsf2
                0x08000e1c                __cmpsf2
                0x08000e7c                __aeabi_cfrcmple
                0x08000e84                __aeabi_cfcmpeq
                0x08000e84                __aeabi_cfcmple
                0x08000e94                __aeabi_fcmpeq
                0x08000ea8                __aeabi_fcmplt
                0x08000ebc                __aeabi_fcmple
                0x08000ed0                __aeabi_fcmpge
                0x08000ee4                __aeabi_fcmpgt
 .text          0x08000ef8       0x4c C:/ST/STM32CubeIDE_1.13.1/STM32CubeIDE/plugins/com.st.stm32cube.ide.mcu.externaltools.gnu-tools-for-stm32.12.3.rel1.win32_1.0.200.202406191623/tools/bin/../lib/gcc/arm-none-eabi/12.3.1/thumb/v7-m/nofp\libgcc.a(_arm_fixsfsi.o)
                0x08000ef8                __aeabi_f2iz
                0x08000ef8                __fixsfsi
 *(.text*)
 .text._ZN15CManejadorBotonC2Ev
                0x08000f44       0x3c ./Core/Inc/Boton/CManejadorBoton.o
                0x08000f44                CManejadorBoton::CManejadorBoton()
                0x08000f44                CManejadorBoton::CManejadorBoton()
 .text._ZN15CManejadorBotonD2Ev
                0x08000f80       0x20 ./Core/Inc/Boton/CManejadorBoton.o
                0x08000f80                CManejadorBoton::~CManejadorBoton()
                0x08000f80                CManejadorBoton::~CManejadorBoton()
 .text._ZN15CManejadorBotonD0Ev
                0x08000fa0       0x20 ./Core/Inc/Boton/CManejadorBoton.o
                0x08000fa0                CManejadorBoton::~CManejadorBoton()
 .text._ZN15CManejadorBoton10ConfigurarEP12GPIO_TypeDefth
                0x08000fc0       0x32 ./Core/Inc/Boton/CManejadorBoton.o
                0x08000fc0                CManejadorBoton::Configurar(GPIO_TypeDef*, unsigned short, unsigned char)
 .text._ZN15CManejadorBoton4InitEv
                0x08000ff2       0x3c ./Core/Inc/Boton/CManejadorBoton.o
                0x08000ff2                CManejadorBoton::Init()
 .text._ZN15CManejadorBoton4LeerEv
                0x0800102e       0x22 ./Core/Inc/Boton/CManejadorBoton.o
                0x0800102e                CManejadorBoton::Leer()
 .text._ZN15CManejadorBoton22AsignaManejadorEventosEP22CManejadorEventosBoton
                0x08001050       0x1a ./Core/Inc/Boton/CManejadorBoton.o
                0x08001050                CManejadorBoton::AsignaManejadorEventos(CManejadorEventosBoton*)
 .text._ZN15CManejadorBoton7ProcesaEv
                0x0800106a      0x126 ./Core/Inc/Boton/CManejadorBoton.o
                0x0800106a                CManejadorBoton::Procesa()
 .text._ZN22CManejadorEventosBotonC2Ev
                0x08001190       0x20 ./Core/Inc/Boton/CManejadorEventosBoton.o
                0x08001190                CManejadorEventosBoton::CManejadorEventosBoton()
                0x08001190                CManejadorEventosBoton::CManejadorEventosBoton()
 .text._ZN22CManejadorEventosBotonD2Ev
                0x080011b0       0x20 ./Core/Inc/Boton/CManejadorEventosBoton.o
                0x080011b0                CManejadorEventosBoton::~CManejadorEventosBoton()
                0x080011b0                CManejadorEventosBoton::~CManejadorEventosBoton()
 .text._ZN22CManejadorEventosBotonD0Ev
                0x080011d0       0x20 ./Core/Inc/Boton/CManejadorEventosBoton.o
                0x080011d0                CManejadorEventosBoton::~CManejadorEventosBoton()
 .text._ZN22CManejadorEventosBoton17OnBotonClickEventEii
                0x080011f0       0x16 ./Core/Inc/Boton/CManejadorEventosBoton.o
                0x080011f0                CManejadorEventosBoton::OnBotonClickEvent(int, int)
 .text._ZN22CManejadorEventosBoton22OnBotonPresionadoEventEi
                0x08001206       0x14 ./Core/Inc/Boton/CManejadorEventosBoton.o
                0x08001206                CManejadorEventosBoton::OnBotonPresionadoEvent(int)
 .text._ZN22CManejadorEventosBoton18OnBotonSueltoEventEi
                0x0800121a       0x14 ./Core/Inc/Boton/CManejadorEventosBoton.o
                0x0800121a                CManejadorEventosBoton::OnBotonSueltoEvent(int)
 .text._ZN22CManejadorEventosBoton27OnBotonPresionadoLargoEventEi
                0x0800122e       0x14 ./Core/Inc/Boton/CManejadorEventosBoton.o
                0x0800122e                CManejadorEventosBoton::OnBotonPresionadoLargoEvent(int)
 *fill*         0x08001242        0x2 
 .text._ZN20ControlVelocidadAireC2Ev
                0x08001244       0x20 ./Core/Inc/ControlVelocidadAire/ControlVelocidadAire.o
                0x08001244                ControlVelocidadAire::ControlVelocidadAire()
                0x08001244                ControlVelocidadAire::ControlVelocidadAire()
 .text._ZN20ControlVelocidadAireD2Ev
                0x08001264       0x20 ./Core/Inc/ControlVelocidadAire/ControlVelocidadAire.o
                0x08001264                ControlVelocidadAire::~ControlVelocidadAire()
                0x08001264                ControlVelocidadAire::~ControlVelocidadAire()
 .text._ZN20ControlVelocidadAireD0Ev
                0x08001284       0x20 ./Core/Inc/ControlVelocidadAire/ControlVelocidadAire.o
                0x08001284                ControlVelocidadAire::~ControlVelocidadAire()
 .text._ZN20ControlVelocidadAire10InicializaEv
                0x080012a4       0xa8 ./Core/Inc/ControlVelocidadAire/ControlVelocidadAire.o
                0x080012a4                ControlVelocidadAire::Inicializa()
 .text._ZN20ControlVelocidadAire12LeeVelocidadEv
                0x0800134c       0x3c ./Core/Inc/ControlVelocidadAire/ControlVelocidadAire.o
                0x0800134c                ControlVelocidadAire::LeeVelocidad()
 .text._ZN20ControlVelocidadAire13Error_HandlerEv
                0x08001388       0x12 ./Core/Inc/ControlVelocidadAire/ControlVelocidadAire.o
                0x08001388                ControlVelocidadAire::Error_Handler()
 *fill*         0x0800139a        0x2 
 .text._Z17delay_us_dwt_initv
                0x0800139c       0x44 ./Core/Inc/Delays/delays.o
                0x0800139c                delay_us_dwt_init()
 .text._Z12delay_us_dwtm
                0x080013e0       0x40 ./Core/Inc/Delays/delays.o
                0x080013e0                delay_us_dwt(unsigned long)
 .text._ZN8CEncoderC2Ev
                0x08001420       0x48 ./Core/Inc/Encoder/CEncoder.o
                0x08001420                CEncoder::CEncoder()
                0x08001420                CEncoder::CEncoder()
 .text._ZN8CEncoderD2Ev
                0x08001468       0x24 ./Core/Inc/Encoder/CEncoder.o
                0x08001468                CEncoder::~CEncoder()
                0x08001468                CEncoder::~CEncoder()
 .text._ZN8CEncoderD0Ev
                0x0800148c       0x20 ./Core/Inc/Encoder/CEncoder.o
                0x0800148c                CEncoder::~CEncoder()
 .text._ZN8CEncoder10ConfigurarEP12GPIO_TypeDeftS1_tS1_ti
                0x080014ac       0x82 ./Core/Inc/Encoder/CEncoder.o
                0x080014ac                CEncoder::Configurar(GPIO_TypeDef*, unsigned short, GPIO_TypeDef*, unsigned short, GPIO_TypeDef*, unsigned short, int)
 .text._ZN8CEncoder6LeeClkEv
                0x0800152e       0x22 ./Core/Inc/Encoder/CEncoder.o
                0x0800152e                CEncoder::LeeClk()
 .text._ZN8CEncoder5LeeDtEv
                0x08001550       0x22 ./Core/Inc/Encoder/CEncoder.o
                0x08001550                CEncoder::LeeDt()
 .text._ZN8CEncoder4InitEv
                0x08001572       0x78 ./Core/Inc/Encoder/CEncoder.o
                0x08001572                CEncoder::Init()
 .text._ZN8CEncoder22AsignaManejadorEventosEP24CManejadorEventosEncoder
                0x080015ea       0x1a ./Core/Inc/Encoder/CEncoder.o
                0x080015ea                CEncoder::AsignaManejadorEventos(CManejadorEventosEncoder*)
 .text._ZN8CEncoder18OnBotonSueltoEventEi
                0x08001604       0x38 ./Core/Inc/Encoder/CEncoder.o
                0x08001604                CEncoder::OnBotonSueltoEvent(int)
 .text._ZN8CEncoder22OnBotonPresionadoEventEi
                0x0800163c       0x38 ./Core/Inc/Encoder/CEncoder.o
                0x0800163c                CEncoder::OnBotonPresionadoEvent(int)
 .text._ZN8CEncoder17OnBotonClickEventEii
                0x08001674       0x32 ./Core/Inc/Encoder/CEncoder.o
                0x08001674                CEncoder::OnBotonClickEvent(int, int)
 .text._ZN8CEncoder7ProcesaEv
                0x080016a6       0x20 ./Core/Inc/Encoder/CEncoder.o
                0x080016a6                CEncoder::Procesa()
 .text._ZN8CEncoder10leeEncoderEv
                0x080016c6       0x60 ./Core/Inc/Encoder/CEncoder.o
                0x080016c6                CEncoder::leeEncoder()
 .text._ZN8CEncoder10incrementaEv
                0x08001726       0x26 ./Core/Inc/Encoder/CEncoder.o
                0x08001726                CEncoder::incrementa()
 .text._ZN8CEncoder10decrementaEv
                0x0800174c       0x26 ./Core/Inc/Encoder/CEncoder.o
                0x0800174c                CEncoder::decrementa()
 *fill*         0x08001772        0x2 
 .text._ZN24CManejadorEventosEncoderC2Ev
                0x08001774       0x20 ./Core/Inc/Encoder/CManejadorEventosEncoder.o
                0x08001774                CManejadorEventosEncoder::CManejadorEventosEncoder()
                0x08001774                CManejadorEventosEncoder::CManejadorEventosEncoder()
 .text._ZN24CManejadorEventosEncoderD2Ev
                0x08001794       0x20 ./Core/Inc/Encoder/CManejadorEventosEncoder.o
                0x08001794                CManejadorEventosEncoder::~CManejadorEventosEncoder()
                0x08001794                CManejadorEventosEncoder::~CManejadorEventosEncoder()
 .text._ZN24CManejadorEventosEncoderD0Ev
                0x080017b4       0x20 ./Core/Inc/Encoder/CManejadorEventosEncoder.o
                0x080017b4                CManejadorEventosEncoder::~CManejadorEventosEncoder()
 .text._ZN24CManejadorEventosEncoder19OnIncrementoEncoderEi
                0x080017d4       0x14 ./Core/Inc/Encoder/CManejadorEventosEncoder.o
                0x080017d4                CManejadorEventosEncoder::OnIncrementoEncoder(int)
 .text._ZN24CManejadorEventosEncoder19OnDecrementoEncoderEi
                0x080017e8       0x14 ./Core/Inc/Encoder/CManejadorEventosEncoder.o
                0x080017e8                CManejadorEventosEncoder::OnDecrementoEncoder(int)
 .text._ZN24CManejadorEventosEncoder24OnBotonEncoderClickEventEii
                0x080017fc       0x16 ./Core/Inc/Encoder/CManejadorEventosEncoder.o
                0x080017fc                CManejadorEventosEncoder::OnBotonEncoderClickEvent(int, int)
 .text._ZN24CManejadorEventosEncoder29OnBotonEncoderPresionadoEventEi
                0x08001812       0x14 ./Core/Inc/Encoder/CManejadorEventosEncoder.o
                0x08001812                CManejadorEventosEncoder::OnBotonEncoderPresionadoEvent(int)
 .text._ZN24CManejadorEventosEncoder34OnBotonEncoderPresionadoLargoEventEi
                0x08001826       0x14 ./Core/Inc/Encoder/CManejadorEventosEncoder.o
                0x08001826                CManejadorEventosEncoder::OnBotonEncoderPresionadoLargoEvent(int)
 .text._ZN24CManejadorEventosEncoder25OnBotonEncoderSueltoEventEi
                0x0800183a       0x14 ./Core/Inc/Encoder/CManejadorEventosEncoder.o
                0x0800183a                CManejadorEventosEncoder::OnBotonEncoderSueltoEvent(int)
 *fill*         0x0800184e        0x2 
 .text._ZN13CEstacionBaseC2Ev
                0x08001850       0x24 ./Core/Inc/Estaciones/CEstacionBase.o
                0x08001850                CEstacionBase::CEstacionBase()
                0x08001850                CEstacionBase::CEstacionBase()
 .text._ZN13CEstacionBaseD2Ev
                0x08001874       0x20 ./Core/Inc/Estaciones/CEstacionBase.o
                0x08001874                CEstacionBase::~CEstacionBase()
                0x08001874                CEstacionBase::~CEstacionBase()
 .text._ZN13CEstacionBaseD0Ev
                0x08001894       0x20 ./Core/Inc/Estaciones/CEstacionBase.o
                0x08001894                CEstacionBase::~CEstacionBase()
 .text._ZN13CEstacionBase18GetTemperaturaRealEv
                0x080018b4       0x14 ./Core/Inc/Estaciones/CEstacionBase.o
                0x080018b4                CEstacionBase::GetTemperaturaReal()
 .text._ZN13CEstacionBase14SetTemperaturaEi
                0x080018c8       0x14 ./Core/Inc/Estaciones/CEstacionBase.o
                0x080018c8                CEstacionBase::SetTemperatura(int)
 .text._ZN13CEstacionBase14GetTemperaturaEv
                0x080018dc       0x14 ./Core/Inc/Estaciones/CEstacionBase.o
                0x080018dc                CEstacionBase::GetTemperatura()
 .text._ZN13CEstacionBase12SetNivelAireEi
                0x080018f0       0x14 ./Core/Inc/Estaciones/CEstacionBase.o
                0x080018f0                CEstacionBase::SetNivelAire(int)
 .text._ZN13CEstacionBase12GetNivelAireEv
                0x08001904       0x14 ./Core/Inc/Estaciones/CEstacionBase.o
                0x08001904                CEstacionBase::GetNivelAire()
 .text._ZN13CEstacionBase9GetEstadoEv
                0x08001918       0x14 ./Core/Inc/Estaciones/CEstacionBase.o
                0x08001918                CEstacionBase::GetEstado()
 .text._ZN13CEstacionBase21IncrementaTemperaturaEv
                0x0800192c       0x12 ./Core/Inc/Estaciones/CEstacionBase.o
                0x0800192c                CEstacionBase::IncrementaTemperatura()
 .text._ZN13CEstacionBase21DecrementaTemperaturaEv
                0x0800193e       0x12 ./Core/Inc/Estaciones/CEstacionBase.o
                0x0800193e                CEstacionBase::DecrementaTemperatura()
 .text._ZN13CEstacionBase21SetManejadorControlesEP23CManejadorControlesBase
                0x08001950       0x1a ./Core/Inc/Estaciones/CEstacionBase.o
                0x08001950                CEstacionBase::SetManejadorControles(CManejadorControlesBase*)
 .text._ZN13CEstacionBase7ProcesaEv
                0x0800196a       0x12 ./Core/Inc/Estaciones/CEstacionBase.o
                0x0800196a                CEstacionBase::Procesa()
 .text._ZN13CEstacionBase16TemperaturaEventEi
                0x0800197c       0x30 ./Core/Inc/Estaciones/CEstacionBase.o
                0x0800197c                CEstacionBase::TemperaturaEvent(int)
 .text._ZN13CEstacionBase14NivelAireEventEi
                0x080019ac       0x30 ./Core/Inc/Estaciones/CEstacionBase.o
                0x080019ac                CEstacionBase::NivelAireEvent(int)
 .text._ZN13CEstacionBase20TemperaturaRealEventEi
                0x080019dc       0x30 ./Core/Inc/Estaciones/CEstacionBase.o
                0x080019dc                CEstacionBase::TemperaturaRealEvent(int)
 .text._ZN13CEstacionBase18BotonUnoClickEventEi
                0x08001a0c       0x30 ./Core/Inc/Estaciones/CEstacionBase.o
                0x08001a0c                CEstacionBase::BotonUnoClickEvent(int)
 .text._ZN13CEstacionBase23BotonUnoPresionadoEventEv
                0x08001a3c       0x2c ./Core/Inc/Estaciones/CEstacionBase.o
                0x08001a3c                CEstacionBase::BotonUnoPresionadoEvent()
 .text._ZN13CEstacionBase28BotonUnoPresionadoLargoEventEv
                0x08001a68       0x2c ./Core/Inc/Estaciones/CEstacionBase.o
                0x08001a68                CEstacionBase::BotonUnoPresionadoLargoEvent()
 .text._ZN13CEstacionBase19BotonUnoSueltoEventEv
                0x08001a94       0x2c ./Core/Inc/Estaciones/CEstacionBase.o
                0x08001a94                CEstacionBase::BotonUnoSueltoEvent()
 .text._ZN13CEstacionBase18BotonDosClickEventEi
                0x08001ac0       0x30 ./Core/Inc/Estaciones/CEstacionBase.o
                0x08001ac0                CEstacionBase::BotonDosClickEvent(int)
 .text._ZN13CEstacionBase23BotonDosPresionadoEventEv
                0x08001af0       0x2c ./Core/Inc/Estaciones/CEstacionBase.o
                0x08001af0                CEstacionBase::BotonDosPresionadoEvent()
 .text._ZN13CEstacionBase28BotonDosPresionaLargodoEventEv
                0x08001b1c       0x2c ./Core/Inc/Estaciones/CEstacionBase.o
                0x08001b1c                CEstacionBase::BotonDosPresionaLargodoEvent()
 .text._ZN13CEstacionBase19BotonDosSueltoEventEv
                0x08001b48       0x2c ./Core/Inc/Estaciones/CEstacionBase.o
                0x08001b48                CEstacionBase::BotonDosSueltoEvent()
 .text._ZN13CEstacionBase19BotonTresClickEventEi
                0x08001b74       0x30 ./Core/Inc/Estaciones/CEstacionBase.o
                0x08001b74                CEstacionBase::BotonTresClickEvent(int)
 .text._ZN13CEstacionBase24BotonTresPresionadoEventEv
                0x08001ba4       0x2c ./Core/Inc/Estaciones/CEstacionBase.o
                0x08001ba4                CEstacionBase::BotonTresPresionadoEvent()
 .text._ZN13CEstacionBase29BotonTresPresionaLargodoEventEv
                0x08001bd0       0x2c ./Core/Inc/Estaciones/CEstacionBase.o
                0x08001bd0                CEstacionBase::BotonTresPresionaLargodoEvent()
 .text._ZN13CEstacionBase20BotonTresSueltoEventEv
                0x08001bfc       0x2c ./Core/Inc/Estaciones/CEstacionBase.o
                0x08001bfc                CEstacionBase::BotonTresSueltoEvent()
 .text._ZN13CEstacionBase21BotonCuatroClickEventEi
                0x08001c28       0x30 ./Core/Inc/Estaciones/CEstacionBase.o
                0x08001c28                CEstacionBase::BotonCuatroClickEvent(int)
 .text._ZN13CEstacionBase26BotonCuatroPresionadoEventEv
                0x08001c58       0x2c ./Core/Inc/Estaciones/CEstacionBase.o
                0x08001c58                CEstacionBase::BotonCuatroPresionadoEvent()
 .text._ZN13CEstacionBase31BotonCuatroPresionaLargodoEventEv
                0x08001c84       0x2c ./Core/Inc/Estaciones/CEstacionBase.o
                0x08001c84                CEstacionBase::BotonCuatroPresionaLargodoEvent()
 .text._ZN13CEstacionBase22BotonCuatroSueltoEventEv
                0x08001cb0       0x2c ./Core/Inc/Estaciones/CEstacionBase.o
                0x08001cb0                CEstacionBase::BotonCuatroSueltoEvent()
 .text._ZN13CEstacionBase22BotonPerillaClickEventEi
                0x08001cdc       0x30 ./Core/Inc/Estaciones/CEstacionBase.o
                0x08001cdc                CEstacionBase::BotonPerillaClickEvent(int)
 .text._ZN13CEstacionBase27BotonPerillaPresionadoEventEv
                0x08001d0c       0x2c ./Core/Inc/Estaciones/CEstacionBase.o
                0x08001d0c                CEstacionBase::BotonPerillaPresionadoEvent()
 .text._ZN13CEstacionBase32BotonPerillaPresionadoLargoEventEv
                0x08001d38       0x2c ./Core/Inc/Estaciones/CEstacionBase.o
                0x08001d38                CEstacionBase::BotonPerillaPresionadoLargoEvent()
 .text._ZN13CEstacionBase23BotonPerillaSueltoEventEv
                0x08001d64       0x2c ./Core/Inc/Estaciones/CEstacionBase.o
                0x08001d64                CEstacionBase::BotonPerillaSueltoEvent()
 .text._ZN13CEstacionBase17EncoderIncrementoEv
                0x08001d90       0x2c ./Core/Inc/Estaciones/CEstacionBase.o
                0x08001d90                CEstacionBase::EncoderIncremento()
 .text._ZN13CEstacionBase17EncoderDecrementoEv
                0x08001dbc       0x2c ./Core/Inc/Estaciones/CEstacionBase.o
                0x08001dbc                CEstacionBase::EncoderDecremento()
 .text._ZN16CestacionVirtualD2Ev
                0x08001de8       0x8c ./Core/Inc/Estaciones/CestacionVirtual.o
                0x08001de8                CestacionVirtual::~CestacionVirtual()
                0x08001de8                CestacionVirtual::~CestacionVirtual()
 .text._ZThn8_N16CestacionVirtualD1Ev
                0x08001e74        0x8 ./Core/Inc/Estaciones/CestacionVirtual.o
                0x08001e74                non-virtual thunk to CestacionVirtual::~CestacionVirtual()
 .text._ZThn12_N16CestacionVirtualD1Ev
                0x08001e7c        0x8 ./Core/Inc/Estaciones/CestacionVirtual.o
                0x08001e7c                non-virtual thunk to CestacionVirtual::~CestacionVirtual()
 .text._ZN16CestacionVirtualD0Ev
                0x08001e84       0x22 ./Core/Inc/Estaciones/CestacionVirtual.o
                0x08001e84                CestacionVirtual::~CestacionVirtual()
 .text._ZThn12_N16CestacionVirtualD0Ev
                0x08001ea6        0x8 ./Core/Inc/Estaciones/CestacionVirtual.o
                0x08001ea6                non-virtual thunk to CestacionVirtual::~CestacionVirtual()
 .text._ZThn8_N16CestacionVirtualD0Ev
                0x08001eae        0x8 ./Core/Inc/Estaciones/CestacionVirtual.o
                0x08001eae                non-virtual thunk to CestacionVirtual::~CestacionVirtual()
 *fill*         0x08001eb6        0x2 
 .text._ZN16CestacionVirtualC2Ev
                0x08001eb8      0x204 ./Core/Inc/Estaciones/CestacionVirtual.o
                0x08001eb8                CestacionVirtual::CestacionVirtual()
                0x08001eb8                CestacionVirtual::CestacionVirtual()
 .text._ZN16CestacionVirtual18GetTemperaturaRealEv
                0x080020bc       0x1e ./Core/Inc/Estaciones/CestacionVirtual.o
                0x080020bc                CestacionVirtual::GetTemperaturaReal()
 .text._ZN16CestacionVirtual14SetTemperaturaEi
                0x080020da       0x2a ./Core/Inc/Estaciones/CestacionVirtual.o
                0x080020da                CestacionVirtual::SetTemperatura(int)
 .text._ZN16CestacionVirtual14GetTemperaturaEv
                0x08002104       0x16 ./Core/Inc/Estaciones/CestacionVirtual.o
                0x08002104                CestacionVirtual::GetTemperatura()
 .text._ZN16CestacionVirtual12SetNivelAireEi
                0x0800211a       0x14 ./Core/Inc/Estaciones/CestacionVirtual.o
                0x0800211a                CestacionVirtual::SetNivelAire(int)
 .text._ZN16CestacionVirtual12GetNivelAireEv
                0x0800212e       0x1e ./Core/Inc/Estaciones/CestacionVirtual.o
                0x0800212e                CestacionVirtual::GetNivelAire()
 .text._ZN16CestacionVirtual9GetEstadoEv
                0x0800214c       0x14 ./Core/Inc/Estaciones/CestacionVirtual.o
                0x0800214c                CestacionVirtual::GetEstado()
 .text._ZN16CestacionVirtual7ProcesaEv
                0x08002160       0x28 ./Core/Inc/Estaciones/CestacionVirtual.o
                0x08002160                CestacionVirtual::Procesa()
 .text._ZN16CestacionVirtual18ProcesaTemperaturaEv
                0x08002188       0x40 ./Core/Inc/Estaciones/CestacionVirtual.o
                0x08002188                CestacionVirtual::ProcesaTemperatura()
 .text._ZN16CestacionVirtual11procesaAireEv
                0x080021c8       0x40 ./Core/Inc/Estaciones/CestacionVirtual.o
                0x080021c8                CestacionVirtual::procesaAire()
 .text._ZN16CestacionVirtual22ProcesaTemperaturaRealEv
                0x08002208       0x4a ./Core/Inc/Estaciones/CestacionVirtual.o
                0x08002208                CestacionVirtual::ProcesaTemperaturaReal()
 .text._ZN16CestacionVirtual14ProcesaBotonesEv
                0x08002252       0x42 ./Core/Inc/Estaciones/CestacionVirtual.o
                0x08002252                CestacionVirtual::ProcesaBotones()
 .text._ZN16CestacionVirtual17OnBotonClickEventEii
                0x08002294       0x7c ./Core/Inc/Estaciones/CestacionVirtual.o
                0x08002294                CestacionVirtual::OnBotonClickEvent(int, int)
 .text._ZThn8_N16CestacionVirtual17OnBotonClickEventEii
                0x08002310        0x8 ./Core/Inc/Estaciones/CestacionVirtual.o
                0x08002310                non-virtual thunk to CestacionVirtual::OnBotonClickEvent(int, int)
 .text._ZN16CestacionVirtual22OnBotonPresionadoEventEi
                0x08002318       0x70 ./Core/Inc/Estaciones/CestacionVirtual.o
                0x08002318                CestacionVirtual::OnBotonPresionadoEvent(int)
 .text._ZThn8_N16CestacionVirtual22OnBotonPresionadoEventEi
                0x08002388        0x8 ./Core/Inc/Estaciones/CestacionVirtual.o
                0x08002388                non-virtual thunk to CestacionVirtual::OnBotonPresionadoEvent(int)
 .text._ZN16CestacionVirtual18OnBotonSueltoEventEi
                0x08002390       0x70 ./Core/Inc/Estaciones/CestacionVirtual.o
                0x08002390                CestacionVirtual::OnBotonSueltoEvent(int)
 .text._ZThn8_N16CestacionVirtual18OnBotonSueltoEventEi
                0x08002400        0x8 ./Core/Inc/Estaciones/CestacionVirtual.o
                0x08002400                non-virtual thunk to CestacionVirtual::OnBotonSueltoEvent(int)
 .text._ZN16CestacionVirtual19OnIncrementoEncoderEi
                0x08002408       0x20 ./Core/Inc/Estaciones/CestacionVirtual.o
                0x08002408                CestacionVirtual::OnIncrementoEncoder(int)
 .text._ZThn12_N16CestacionVirtual19OnIncrementoEncoderEi
                0x08002428        0x8 ./Core/Inc/Estaciones/CestacionVirtual.o
                0x08002428                non-virtual thunk to CestacionVirtual::OnIncrementoEncoder(int)
 .text._ZN16CestacionVirtual19OnDecrementoEncoderEi
                0x08002430       0x20 ./Core/Inc/Estaciones/CestacionVirtual.o
                0x08002430                CestacionVirtual::OnDecrementoEncoder(int)
 .text._ZThn12_N16CestacionVirtual19OnDecrementoEncoderEi
                0x08002450        0x8 ./Core/Inc/Estaciones/CestacionVirtual.o
                0x08002450                non-virtual thunk to CestacionVirtual::OnDecrementoEncoder(int)
 .text._ZN16CestacionVirtual24OnBotonEncoderClickEventEii
                0x08002458       0x24 ./Core/Inc/Estaciones/CestacionVirtual.o
                0x08002458                CestacionVirtual::OnBotonEncoderClickEvent(int, int)
 .text._ZThn12_N16CestacionVirtual24OnBotonEncoderClickEventEii
                0x0800247c        0x8 ./Core/Inc/Estaciones/CestacionVirtual.o
                0x0800247c                non-virtual thunk to CestacionVirtual::OnBotonEncoderClickEvent(int, int)
 .text._ZN16CestacionVirtual29OnBotonEncoderPresionadoEventEi
                0x08002484       0x20 ./Core/Inc/Estaciones/CestacionVirtual.o
                0x08002484                CestacionVirtual::OnBotonEncoderPresionadoEvent(int)
 .text._ZThn12_N16CestacionVirtual29OnBotonEncoderPresionadoEventEi
                0x080024a4        0x8 ./Core/Inc/Estaciones/CestacionVirtual.o
                0x080024a4                non-virtual thunk to CestacionVirtual::OnBotonEncoderPresionadoEvent(int)
 .text._ZN16CestacionVirtual34OnBotonEncoderPresionadoLargoEventEi
                0x080024ac       0x20 ./Core/Inc/Estaciones/CestacionVirtual.o
                0x080024ac                CestacionVirtual::OnBotonEncoderPresionadoLargoEvent(int)
 .text._ZThn12_N16CestacionVirtual34OnBotonEncoderPresionadoLargoEventEi
                0x080024cc        0x8 ./Core/Inc/Estaciones/CestacionVirtual.o
                0x080024cc                non-virtual thunk to CestacionVirtual::OnBotonEncoderPresionadoLargoEvent(int)
 .text._ZN16CestacionVirtual25OnBotonEncoderSueltoEventEi
                0x080024d4       0x20 ./Core/Inc/Estaciones/CestacionVirtual.o
                0x080024d4                CestacionVirtual::OnBotonEncoderSueltoEvent(int)
 .text._ZThn12_N16CestacionVirtual25OnBotonEncoderSueltoEventEi
                0x080024f4        0x8 ./Core/Inc/Estaciones/CestacionVirtual.o
                0x080024f4                non-virtual thunk to CestacionVirtual::OnBotonEncoderSueltoEvent(int)
 .text._ZN16CestacionVirtual21IncrementaTemperaturaEv
                0x080024fc       0x38 ./Core/Inc/Estaciones/CestacionVirtual.o
                0x080024fc                CestacionVirtual::IncrementaTemperatura()
 .text._ZN16CestacionVirtual21DecrementaTemperaturaEv
                0x08002534       0x34 ./Core/Inc/Estaciones/CestacionVirtual.o
                0x08002534                CestacionVirtual::DecrementaTemperatura()
 .text._ZN18CComponenteBaseTftC2Ev
                0x08002568       0x30 ./Core/Inc/GUI/CComponenteBaseTft.o
                0x08002568                CComponenteBaseTft::CComponenteBaseTft()
                0x08002568                CComponenteBaseTft::CComponenteBaseTft()
 .text._ZN18CComponenteBaseTftD2Ev
                0x08002598       0x20 ./Core/Inc/GUI/CComponenteBaseTft.o
                0x08002598                CComponenteBaseTft::~CComponenteBaseTft()
                0x08002598                CComponenteBaseTft::~CComponenteBaseTft()
 .text._ZN18CComponenteBaseTftD0Ev
                0x080025b8       0x20 ./Core/Inc/GUI/CComponenteBaseTft.o
                0x080025b8                CComponenteBaseTft::~CComponenteBaseTft()
 .text._ZN18CComponenteBaseTft9drawPixelEsst
                0x080025d8       0x24 ./Core/Inc/GUI/CComponenteBaseTft.o
                0x080025d8                CComponenteBaseTft::drawPixel(short, short, unsigned short)
 .text._ZN18CComponenteBaseTft10startWriteEv
                0x080025fc       0x12 ./Core/Inc/GUI/CComponenteBaseTft.o
                0x080025fc                CComponenteBaseTft::startWrite()
 .text._ZN18CComponenteBaseTft10writePixelEsst
                0x0800260e       0x24 ./Core/Inc/GUI/CComponenteBaseTft.o
                0x0800260e                CComponenteBaseTft::writePixel(short, short, unsigned short)
 .text._ZN18CComponenteBaseTft13writeFillRectEsssst
                0x08002632       0x24 ./Core/Inc/GUI/CComponenteBaseTft.o
                0x08002632                CComponenteBaseTft::writeFillRect(short, short, short, short, unsigned short)
 .text._ZN18CComponenteBaseTft14writeFastVLineEssst
                0x08002656       0x24 ./Core/Inc/GUI/CComponenteBaseTft.o
                0x08002656                CComponenteBaseTft::writeFastVLine(short, short, short, unsigned short)
 .text._ZN18CComponenteBaseTft14writeFastHLineEssst
                0x0800267a       0x24 ./Core/Inc/GUI/CComponenteBaseTft.o
                0x0800267a                CComponenteBaseTft::writeFastHLine(short, short, short, unsigned short)
 .text._ZN18CComponenteBaseTft9writeLineEsssst
                0x0800269e       0x24 ./Core/Inc/GUI/CComponenteBaseTft.o
                0x0800269e                CComponenteBaseTft::writeLine(short, short, short, short, unsigned short)
 .text._ZN18CComponenteBaseTft8endWriteEv
                0x080026c2       0x12 ./Core/Inc/GUI/CComponenteBaseTft.o
                0x080026c2                CComponenteBaseTft::endWrite()
 .text._ZN18CComponenteBaseTft11setRotationEh
                0x080026d4       0x16 ./Core/Inc/GUI/CComponenteBaseTft.o
                0x080026d4                CComponenteBaseTft::setRotation(unsigned char)
 .text._ZN18CComponenteBaseTft13invertDisplayEb
                0x080026ea       0x16 ./Core/Inc/GUI/CComponenteBaseTft.o
                0x080026ea                CComponenteBaseTft::invertDisplay(bool)
 .text._ZN18CComponenteBaseTft13drawFastVLineEssst
                0x08002700       0x24 ./Core/Inc/GUI/CComponenteBaseTft.o
                0x08002700                CComponenteBaseTft::drawFastVLine(short, short, short, unsigned short)
 .text._ZN18CComponenteBaseTft13drawFastHLineEssst
                0x08002724       0x24 ./Core/Inc/GUI/CComponenteBaseTft.o
                0x08002724                CComponenteBaseTft::drawFastHLine(short, short, short, unsigned short)
 .text._ZN18CComponenteBaseTft10fillScreenEt
                0x08002748       0x16 ./Core/Inc/GUI/CComponenteBaseTft.o
                0x08002748                CComponenteBaseTft::fillScreen(unsigned short)
 .text._ZN18CComponenteBaseTft8drawLineEsssst
                0x0800275e       0x24 ./Core/Inc/GUI/CComponenteBaseTft.o
                0x0800275e                CComponenteBaseTft::drawLine(short, short, short, short, unsigned short)
 .text._ZN18CComponenteBaseTft5widthEv
                0x08002782       0x16 ./Core/Inc/GUI/CComponenteBaseTft.o
                0x08002782                CComponenteBaseTft::width()
 .text._ZN18CComponenteBaseTft6heightEv
                0x08002798       0x14 ./Core/Inc/GUI/CComponenteBaseTft.o
                0x08002798                CComponenteBaseTft::height()
 .text._ZN18CComponenteBaseTft8fillRectEsssst
                0x080027ac       0x42 ./Core/Inc/GUI/CComponenteBaseTft.o
                0x080027ac                CComponenteBaseTft::fillRect(short, short, short, short, unsigned short)
 .text._ZN18CComponenteBaseTft8drawRectEsssst
                0x080027ee       0x42 ./Core/Inc/GUI/CComponenteBaseTft.o
                0x080027ee                CComponenteBaseTft::drawRect(short, short, short, short, unsigned short)
 .text._ZN18CComponenteBaseTft9setCursorEss
                0x08002830       0x2a ./Core/Inc/GUI/CComponenteBaseTft.o
                0x08002830                CComponenteBaseTft::setCursor(short, short)
 .text._ZN18CComponenteBaseTft11setTextSizeEh
                0x0800285a       0x1c ./Core/Inc/GUI/CComponenteBaseTft.o
                0x0800285a                CComponenteBaseTft::setTextSize(unsigned char)
 .text._ZN18CComponenteBaseTft12setTextColorEt
                0x08002876       0x1c ./Core/Inc/GUI/CComponenteBaseTft.o
                0x08002876                CComponenteBaseTft::setTextColor(unsigned short)
 .text._ZN18CComponenteBaseTft5printEPc
                0x08002892       0x3e ./Core/Inc/GUI/CComponenteBaseTft.o
                0x08002892                CComponenteBaseTft::print(char*)
 .text._ZN12CEtiquetaTftD2Ev
                0x080028d0       0x24 ./Core/Inc/GUI/CEtiquetaTft.o
                0x080028d0                CEtiquetaTft::~CEtiquetaTft()
                0x080028d0                CEtiquetaTft::~CEtiquetaTft()
 .text._ZN12CEtiquetaTftD0Ev
                0x080028f4       0x20 ./Core/Inc/GUI/CEtiquetaTft.o
                0x080028f4                CEtiquetaTft::~CEtiquetaTft()
 .text._ZN12CEtiquetaTftC2EiiiiiPciiii
                0x08002914       0x74 ./Core/Inc/GUI/CEtiquetaTft.o
                0x08002914                CEtiquetaTft::CEtiquetaTft(int, int, int, int, int, char*, int, int, int, int)
                0x08002914                CEtiquetaTft::CEtiquetaTft(int, int, int, int, int, char*, int, int, int, int)
 .text._ZN12CEtiquetaTft8SetTextoEPcz
                0x08002988      0x264 ./Core/Inc/GUI/CEtiquetaTft.o
                0x08002988                CEtiquetaTft::SetTexto(char*, ...)
 .text._ZN12CEtiquetaTft13SetSeparacionEii
                0x08002bec       0x26 ./Core/Inc/GUI/CEtiquetaTft.o
                0x08002bec                CEtiquetaTft::SetSeparacion(int, int)
 .text._ZN12CEtiquetaTft13SetColorTextoEi
                0x08002c12       0x1c ./Core/Inc/GUI/CEtiquetaTft.o
                0x08002c12                CEtiquetaTft::SetColorTexto(int)
 .text._ZN12CEtiquetaTft4ShowEv
                0x08002c2e       0x7a ./Core/Inc/GUI/CEtiquetaTft.o
                0x08002c2e                CEtiquetaTft::Show()
 .text._ZN13CPantallaBaseD2Ev
                0x08002ca8       0x24 ./Core/Inc/GUI/CPantallaBase.o
                0x08002ca8                CPantallaBase::~CPantallaBase()
                0x08002ca8                CPantallaBase::~CPantallaBase()
 .text._ZN13CPantallaBaseD0Ev
                0x08002ccc       0x20 ./Core/Inc/GUI/CPantallaBase.o
                0x08002ccc                CPantallaBase::~CPantallaBase()
 .text._ZN13CPantallaBaseC2EiPc
                0x08002cec       0xc0 ./Core/Inc/GUI/CPantallaBase.o
                0x08002cec                CPantallaBase::CPantallaBase(int, char*)
                0x08002cec                CPantallaBase::CPantallaBase(int, char*)
 .text._ZN13CPantallaBase4ShowEv
                0x08002dac       0x2a ./Core/Inc/GUI/CPantallaBase.o
                0x08002dac                CPantallaBase::Show()
 *fill*         0x08002dd6        0x2 
 .text._ZN14CRectanguloTftD2Ev
                0x08002dd8       0x24 ./Core/Inc/GUI/CRectanguloTft.o
                0x08002dd8                CRectanguloTft::~CRectanguloTft()
                0x08002dd8                CRectanguloTft::~CRectanguloTft()
 .text._ZN14CRectanguloTftD0Ev
                0x08002dfc       0x20 ./Core/Inc/GUI/CRectanguloTft.o
                0x08002dfc                CRectanguloTft::~CRectanguloTft()
 .text._ZN14CRectanguloTftC2Eiiiiiii
                0x08002e1c       0x64 ./Core/Inc/GUI/CRectanguloTft.o
                0x08002e1c                CRectanguloTft::CRectanguloTft(int, int, int, int, int, int, int)
                0x08002e1c                CRectanguloTft::CRectanguloTft(int, int, int, int, int, int, int)
 .text._ZN14CRectanguloTft4ShowEv
                0x08002e80       0x7c ./Core/Inc/GUI/CRectanguloTft.o
                0x08002e80                CRectanguloTft::Show()
 .text._ZN14CRectanguloTft14CambiaPosicionEii
                0x08002efc       0x22 ./Core/Inc/GUI/CRectanguloTft.o
                0x08002efc                CRectanguloTft::CambiaPosicion(int, int)
 .text._ZN14CRectanguloTft12RedimencionaEii
                0x08002f1e       0x22 ./Core/Inc/GUI/CRectanguloTft.o
                0x08002f1e                CRectanguloTft::Redimenciona(int, int)
 .text._ZN14CRectanguloTft13SetColorFondoEi
                0x08002f40       0x1a ./Core/Inc/GUI/CRectanguloTft.o
                0x08002f40                CRectanguloTft::SetColorFondo(int)
 .text._ZN14CRectanguloTft11DameCentroXEv
                0x08002f5a       0x22 ./Core/Inc/GUI/CRectanguloTft.o
                0x08002f5a                CRectanguloTft::DameCentroX()
 .text._ZN15CPantallaManualD2Ev
                0x08002f7c       0x3c ./Core/Inc/GUI/PantallaManual/CPantallaManual.o
                0x08002f7c                CPantallaManual::~CPantallaManual()
                0x08002f7c                CPantallaManual::~CPantallaManual()
 .text._ZThn156_N15CPantallaManualD1Ev
                0x08002fb8        0x8 ./Core/Inc/GUI/PantallaManual/CPantallaManual.o
                0x08002fb8                non-virtual thunk to CPantallaManual::~CPantallaManual()
 .text._ZN15CPantallaManualD0Ev
                0x08002fc0       0x20 ./Core/Inc/GUI/PantallaManual/CPantallaManual.o
                0x08002fc0                CPantallaManual::~CPantallaManual()
 .text._ZThn156_N15CPantallaManualD0Ev
                0x08002fe0        0x8 ./Core/Inc/GUI/PantallaManual/CPantallaManual.o
                0x08002fe0                non-virtual thunk to CPantallaManual::~CPantallaManual()
 .text._ZN15CPantallaManualC2Ev
                0x08002fe8      0x194 ./Core/Inc/GUI/PantallaManual/CPantallaManual.o
                0x08002fe8                CPantallaManual::CPantallaManual()
                0x08002fe8                CPantallaManual::CPantallaManual()
 .text._ZN15CPantallaManual11SetEstacionEP13CEstacionBase
                0x0800317c       0x34 ./Core/Inc/GUI/PantallaManual/CPantallaManual.o
                0x0800317c                CPantallaManual::SetEstacion(CEstacionBase*)
 .text._ZN15CPantallaManual4ShowEv
                0x080031b0      0x138 ./Core/Inc/GUI/PantallaManual/CPantallaManual.o
                0x080031b0                CPantallaManual::Show()
 .text._ZN15CPantallaManual13MuestraEstadoEv
                0x080032e8       0x94 ./Core/Inc/GUI/PantallaManual/CPantallaManual.o
                0x080032e8                CPantallaManual::MuestraEstado()
 .text._ZN15CPantallaManual16LeeDatosEstacionEv
                0x0800337c       0x72 ./Core/Inc/GUI/PantallaManual/CPantallaManual.o
                0x0800337c                CPantallaManual::LeeDatosEstacion()
 .text._ZN15CPantallaManual18OnTemperaturaEventEi
                0x080033ee       0x20 ./Core/Inc/GUI/PantallaManual/CPantallaManual.o
                0x080033ee                CPantallaManual::OnTemperaturaEvent(int)
 .text._ZThn156_N15CPantallaManual18OnTemperaturaEventEi
                0x0800340e        0x8 ./Core/Inc/GUI/PantallaManual/CPantallaManual.o
                0x0800340e                non-virtual thunk to CPantallaManual::OnTemperaturaEvent(int)
 *fill*         0x08003416        0x2 
 .text._ZN15CPantallaManual19MuestraTemperaturasEv
                0x08003418       0x44 ./Core/Inc/GUI/PantallaManual/CPantallaManual.o
                0x08003418                CPantallaManual::MuestraTemperaturas()
 .text._ZN15CPantallaManual16OnNivelAireEventEi
                0x0800345c       0x48 ./Core/Inc/GUI/PantallaManual/CPantallaManual.o
                0x0800345c                CPantallaManual::OnNivelAireEvent(int)
 .text._ZThn156_N15CPantallaManual16OnNivelAireEventEi
                0x080034a4        0x8 ./Core/Inc/GUI/PantallaManual/CPantallaManual.o
                0x080034a4                non-virtual thunk to CPantallaManual::OnNivelAireEvent(int)
 .text._ZN15CPantallaManual22OnTemperaturaRealEventEi
                0x080034ac       0x20 ./Core/Inc/GUI/PantallaManual/CPantallaManual.o
                0x080034ac                CPantallaManual::OnTemperaturaRealEvent(int)
 .text._ZThn156_N15CPantallaManual22OnTemperaturaRealEventEi
                0x080034cc        0x8 ./Core/Inc/GUI/PantallaManual/CPantallaManual.o
                0x080034cc                non-virtual thunk to CPantallaManual::OnTemperaturaRealEvent(int)
 .text._ZN15CPantallaManual20OnBotonDosClickEventEi
                0x080034d4       0x14 ./Core/Inc/GUI/PantallaManual/CPantallaManual.o
                0x080034d4                CPantallaManual::OnBotonDosClickEvent(int)
 .text._ZThn156_N15CPantallaManual20OnBotonDosClickEventEi
                0x080034e8        0x8 ./Core/Inc/GUI/PantallaManual/CPantallaManual.o
                0x080034e8                non-virtual thunk to CPantallaManual::OnBotonDosClickEvent(int)
 .text._ZN15CPantallaManual19OnPerillaIncrementoEv
                0x080034f0       0x26 ./Core/Inc/GUI/PantallaManual/CPantallaManual.o
                0x080034f0                CPantallaManual::OnPerillaIncremento()
 .text._ZThn156_N15CPantallaManual19OnPerillaIncrementoEv
                0x08003516        0x8 ./Core/Inc/GUI/PantallaManual/CPantallaManual.o
                0x08003516                non-virtual thunk to CPantallaManual::OnPerillaIncremento()
 .text._ZN15CPantallaManual19OnPerillaDecrementoEv
                0x0800351e       0x26 ./Core/Inc/GUI/PantallaManual/CPantallaManual.o
                0x0800351e                CPantallaManual::OnPerillaDecremento()
 .text._ZThn156_N15CPantallaManual19OnPerillaDecrementoEv
                0x08003544        0x8 ./Core/Inc/GUI/PantallaManual/CPantallaManual.o
                0x08003544                non-virtual thunk to CPantallaManual::OnPerillaDecremento()
 .text._ZN15CPantallaManual24OnBotonPerillaClickEventEi
                0x0800354c       0x34 ./Core/Inc/GUI/PantallaManual/CPantallaManual.o
                0x0800354c                CPantallaManual::OnBotonPerillaClickEvent(int)
 .text._ZThn156_N15CPantallaManual24OnBotonPerillaClickEventEi
                0x08003580        0x8 ./Core/Inc/GUI/PantallaManual/CPantallaManual.o
                0x08003580                non-virtual thunk to CPantallaManual::OnBotonPerillaClickEvent(int)
 .text._Z26ILI9341_Draw_Hollow_Circletttt
                0x08003588      0x16c ./Core/Inc/ILI9341/ILI9341_GFX.o
                0x08003588                ILI9341_Draw_Hollow_Circle(unsigned short, unsigned short, unsigned short, unsigned short)
 .text._Z26ILI9341_Draw_Filled_Circletttt
                0x080036f4      0x110 ./Core/Inc/ILI9341/ILI9341_GFX.o
                0x080036f4                ILI9341_Draw_Filled_Circle(unsigned short, unsigned short, unsigned short, unsigned short)
 .text._Z35ILI9341_Draw_Hollow_Rectangle_Coordttttt
                0x08003804      0x102 ./Core/Inc/ILI9341/ILI9341_GFX.o
                0x08003804                ILI9341_Draw_Hollow_Rectangle_Coord(unsigned short, unsigned short, unsigned short, unsigned short, unsigned short)
 .text._Z35ILI9341_Draw_Filled_Rectangle_Coordttttt
                0x08003906       0xbc ./Core/Inc/ILI9341/ILI9341_GFX.o
                0x08003906                ILI9341_Draw_Filled_Rectangle_Coord(unsigned short, unsigned short, unsigned short, unsigned short, unsigned short)
 *fill*         0x080039c2        0x2 
 .text._Z17ILI9341_Draw_Charchhttt
                0x080039c4      0x134 ./Core/Inc/ILI9341/ILI9341_GFX.o
                0x080039c4                ILI9341_Draw_Char(char, unsigned char, unsigned char, unsigned short, unsigned short, unsigned short)
 .text._Z17ILI9341_Draw_TextPKchhttt
                0x08003af8       0x5e ./Core/Inc/ILI9341/ILI9341_GFX.o
                0x08003af8                ILI9341_Draw_Text(char const*, unsigned char, unsigned char, unsigned short, unsigned short, unsigned short)
 *fill*         0x08003b56        0x2 
 .text._Z16ILI9341_SPI_Initv
                0x08003b58       0x20 ./Core/Inc/ILI9341/ILI9341_STM32_Driver.o
                0x08003b58                ILI9341_SPI_Init()
 .text._Z16ILI9341_SPI_Sendh
                0x08003b78       0x24 ./Core/Inc/ILI9341/ILI9341_STM32_Driver.o
                0x08003b78                ILI9341_SPI_Send(unsigned char)
 .text._Z21ILI9341_Write_Commandh
                0x08003b9c       0x3c ./Core/Inc/ILI9341/ILI9341_STM32_Driver.o
                0x08003b9c                ILI9341_Write_Command(unsigned char)
 .text._Z18ILI9341_Write_Datah
                0x08003bd8       0x3c ./Core/Inc/ILI9341/ILI9341_STM32_Driver.o
                0x08003bd8                ILI9341_Write_Data(unsigned char)
 .text._Z19ILI9341_Set_Addresstttt
                0x08003c14       0x98 ./Core/Inc/ILI9341/ILI9341_STM32_Driver.o
                0x08003c14                ILI9341_Set_Address(unsigned short, unsigned short, unsigned short, unsigned short)
 .text._Z13ILI9341_Resetv
                0x08003cac       0x3c ./Core/Inc/ILI9341/ILI9341_STM32_Driver.o
                0x08003cac                ILI9341_Reset()
 .text._Z20ILI9341_Set_Rotationh
                0x08003ce8       0xa4 ./Core/Inc/ILI9341/ILI9341_STM32_Driver.o
                0x08003ce8                ILI9341_Set_Rotation(unsigned char)
 .text._Z14ILI9341_Enablev
                0x08003d8c       0x18 ./Core/Inc/ILI9341/ILI9341_STM32_Driver.o
                0x08003d8c                ILI9341_Enable()
 .text._Z12ILI9341_Initv
                0x08003da4      0x21a ./Core/Inc/ILI9341/ILI9341_STM32_Driver.o
                0x08003da4                ILI9341_Init()
 *fill*         0x08003fbe        0x2 
 .text._Z25ILI9341_Draw_Colour_Bursttm
                0x08003fc0      0x134 ./Core/Inc/ILI9341/ILI9341_STM32_Driver.o
                0x08003fc0                ILI9341_Draw_Colour_Burst(unsigned short, unsigned long)
 .text._Z19ILI9341_Fill_Screent
                0x080040f4       0x4c ./Core/Inc/ILI9341/ILI9341_STM32_Driver.o
                0x080040f4                ILI9341_Fill_Screen(unsigned short)
 .text._Z18ILI9341_Draw_Pixelttt
                0x08004140      0x198 ./Core/Inc/ILI9341/ILI9341_STM32_Driver.o
                0x08004140                ILI9341_Draw_Pixel(unsigned short, unsigned short, unsigned short)
 .text._Z22ILI9341_Draw_Rectanglettttt
                0x080042d8       0xd4 ./Core/Inc/ILI9341/ILI9341_STM32_Driver.o
                0x080042d8                ILI9341_Draw_Rectangle(unsigned short, unsigned short, unsigned short, unsigned short, unsigned short)
 .text._Z28ILI9341_Draw_Horizontal_Linetttt
                0x080043ac       0x9c ./Core/Inc/ILI9341/ILI9341_STM32_Driver.o
                0x080043ac                ILI9341_Draw_Horizontal_Line(unsigned short, unsigned short, unsigned short, unsigned short)
 .text._Z26ILI9341_Draw_Vertical_Linetttt
                0x08004448       0x9c ./Core/Inc/ILI9341/ILI9341_STM32_Driver.o
                0x08004448                ILI9341_Draw_Vertical_Line(unsigned short, unsigned short, unsigned short, unsigned short)
 .text._ZN23CManejadorControlesBaseC2Ev
                0x080044e4       0x20 ./Core/Inc/ManejadorControles/CManejadorControlesBase.o
                0x080044e4                CManejadorControlesBase::CManejadorControlesBase()
                0x080044e4                CManejadorControlesBase::CManejadorControlesBase()
 .text._ZN23CManejadorControlesBaseD2Ev
                0x08004504       0x20 ./Core/Inc/ManejadorControles/CManejadorControlesBase.o
                0x08004504                CManejadorControlesBase::~CManejadorControlesBase()
                0x08004504                CManejadorControlesBase::~CManejadorControlesBase()
 .text._ZN23CManejadorControlesBaseD0Ev
                0x08004524       0x20 ./Core/Inc/ManejadorControles/CManejadorControlesBase.o
                0x08004524                CManejadorControlesBase::~CManejadorControlesBase()
 .text._ZN23CManejadorControlesBase18OnTemperaturaEventEi
                0x08004544       0x14 ./Core/Inc/ManejadorControles/CManejadorControlesBase.o
                0x08004544                CManejadorControlesBase::OnTemperaturaEvent(int)
 .text._ZN23CManejadorControlesBase22OnTemperaturaRealEventEi
                0x08004558       0x14 ./Core/Inc/ManejadorControles/CManejadorControlesBase.o
                0x08004558                CManejadorControlesBase::OnTemperaturaRealEvent(int)
 .text._ZN23CManejadorControlesBase16OnNivelAireEventEi
                0x0800456c       0x14 ./Core/Inc/ManejadorControles/CManejadorControlesBase.o
                0x0800456c                CManejadorControlesBase::OnNivelAireEvent(int)
 .text._ZN23CManejadorControlesBase20OnBotonUnoClickEventEi
                0x08004580       0x14 ./Core/Inc/ManejadorControles/CManejadorControlesBase.o
                0x08004580                CManejadorControlesBase::OnBotonUnoClickEvent(int)
 .text._ZN23CManejadorControlesBase25OnBotonUnoPresionadoEventEv
                0x08004594       0x12 ./Core/Inc/ManejadorControles/CManejadorControlesBase.o
                0x08004594                CManejadorControlesBase::OnBotonUnoPresionadoEvent()
 .text._ZN23CManejadorControlesBase30OnBotonUnoPresionadoLargoEventEv
                0x080045a6       0x12 ./Core/Inc/ManejadorControles/CManejadorControlesBase.o
                0x080045a6                CManejadorControlesBase::OnBotonUnoPresionadoLargoEvent()
 .text._ZN23CManejadorControlesBase21OnBotonUnoSueltoEventEv
                0x080045b8       0x12 ./Core/Inc/ManejadorControles/CManejadorControlesBase.o
                0x080045b8                CManejadorControlesBase::OnBotonUnoSueltoEvent()
 .text._ZN23CManejadorControlesBase20OnBotonDosClickEventEi
                0x080045ca       0x14 ./Core/Inc/ManejadorControles/CManejadorControlesBase.o
                0x080045ca                CManejadorControlesBase::OnBotonDosClickEvent(int)
 .text._ZN23CManejadorControlesBase25OnBotonDosPresionadoEventEv
                0x080045de       0x12 ./Core/Inc/ManejadorControles/CManejadorControlesBase.o
                0x080045de                CManejadorControlesBase::OnBotonDosPresionadoEvent()
 .text._ZN23CManejadorControlesBase30OnBotonDosPresionadoLargoEventEv
                0x080045f0       0x12 ./Core/Inc/ManejadorControles/CManejadorControlesBase.o
                0x080045f0                CManejadorControlesBase::OnBotonDosPresionadoLargoEvent()
 .text._ZN23CManejadorControlesBase21OnBotonDosSueltoEventEv
                0x08004602       0x12 ./Core/Inc/ManejadorControles/CManejadorControlesBase.o
                0x08004602                CManejadorControlesBase::OnBotonDosSueltoEvent()
 .text._ZN23CManejadorControlesBase21OnBotonTresClickEventEi
                0x08004614       0x14 ./Core/Inc/ManejadorControles/CManejadorControlesBase.o
                0x08004614                CManejadorControlesBase::OnBotonTresClickEvent(int)
 .text._ZN23CManejadorControlesBase26OnBotonTresPresionadoEventEv
                0x08004628       0x12 ./Core/Inc/ManejadorControles/CManejadorControlesBase.o
                0x08004628                CManejadorControlesBase::OnBotonTresPresionadoEvent()
 .text._ZN23CManejadorControlesBase31OnBotonTresPresionadoLargoEventEv
                0x0800463a       0x12 ./Core/Inc/ManejadorControles/CManejadorControlesBase.o
                0x0800463a                CManejadorControlesBase::OnBotonTresPresionadoLargoEvent()
 .text._ZN23CManejadorControlesBase22OnBotonTresSueltoEventEv
                0x0800464c       0x12 ./Core/Inc/ManejadorControles/CManejadorControlesBase.o
                0x0800464c                CManejadorControlesBase::OnBotonTresSueltoEvent()
 .text._ZN23CManejadorControlesBase23OnBotonCuatroClickEventEi
                0x0800465e       0x14 ./Core/Inc/ManejadorControles/CManejadorControlesBase.o
                0x0800465e                CManejadorControlesBase::OnBotonCuatroClickEvent(int)
 .text._ZN23CManejadorControlesBase28OnBotonCuatroPresionadoEventEv
                0x08004672       0x12 ./Core/Inc/ManejadorControles/CManejadorControlesBase.o
                0x08004672                CManejadorControlesBase::OnBotonCuatroPresionadoEvent()
 .text._ZN23CManejadorControlesBase33OnBotonCuatroPresionadoLargoEventEv
                0x08004684       0x12 ./Core/Inc/ManejadorControles/CManejadorControlesBase.o
                0x08004684                CManejadorControlesBase::OnBotonCuatroPresionadoLargoEvent()
 .text._ZN23CManejadorControlesBase24OnBotonCuatroSueltoEventEv
                0x08004696       0x12 ./Core/Inc/ManejadorControles/CManejadorControlesBase.o
                0x08004696                CManejadorControlesBase::OnBotonCuatroSueltoEvent()
 .text._ZN23CManejadorControlesBase24OnBotonPerillaClickEventEi
                0x080046a8       0x14 ./Core/Inc/ManejadorControles/CManejadorControlesBase.o
                0x080046a8                CManejadorControlesBase::OnBotonPerillaClickEvent(int)
 .text._ZN23CManejadorControlesBase29OnBotonPerillaPresionadoEventEv
                0x080046bc       0x12 ./Core/Inc/ManejadorControles/CManejadorControlesBase.o
                0x080046bc                CManejadorControlesBase::OnBotonPerillaPresionadoEvent()
 .text._ZN23CManejadorControlesBase34OnBotonPerillaPresionadoLargoEventEv
                0x080046ce       0x12 ./Core/Inc/ManejadorControles/CManejadorControlesBase.o
                0x080046ce                CManejadorControlesBase::OnBotonPerillaPresionadoLargoEvent()
 .text._ZN23CManejadorControlesBase25OnBotonPerillaSueltoEventEv
                0x080046e0       0x12 ./Core/Inc/ManejadorControles/CManejadorControlesBase.o
                0x080046e0                CManejadorControlesBase::OnBotonPerillaSueltoEvent()
 .text._ZN23CManejadorControlesBase19OnPerillaIncrementoEv
                0x080046f2       0x12 ./Core/Inc/ManejadorControles/CManejadorControlesBase.o
                0x080046f2                CManejadorControlesBase::OnPerillaIncremento()
 .text._ZN23CManejadorControlesBase19OnPerillaDecrementoEv
                0x08004704       0x12 ./Core/Inc/ManejadorControles/CManejadorControlesBase.o
                0x08004704                CManejadorControlesBase::OnPerillaDecremento()
 .text._ZN7MAX6675C2Ev
                0x08004716       0x14 ./Core/Inc/Max6675/Max6675.o
                0x08004716                MAX6675::MAX6675()
                0x08004716                MAX6675::MAX6675()
 .text._ZN7MAX667515SetConfigDatPinEP12GPIO_TypeDeft
                0x0800472a       0x24 ./Core/Inc/Max6675/Max6675.o
                0x0800472a                MAX6675::SetConfigDatPin(GPIO_TypeDef*, unsigned short)
 .text._ZN7MAX667514SetConfigCkPinEP12GPIO_TypeDeft
                0x0800474e       0x24 ./Core/Inc/Max6675/Max6675.o
                0x0800474e                MAX6675::SetConfigCkPin(GPIO_TypeDef*, unsigned short)
 .text._ZN7MAX667514SetConfigCsPinEP12GPIO_TypeDeft
                0x08004772       0x24 ./Core/Inc/Max6675/Max6675.o
                0x08004772                MAX6675::SetConfigCsPin(GPIO_TypeDef*, unsigned short)
 .text._ZN7MAX667513MAX6675_pulsoEv
                0x08004796       0x52 ./Core/Inc/Max6675/Max6675.o
                0x08004796                MAX6675::MAX6675_pulso()
 .text._ZN7MAX667511MAX6675_leeEv
                0x080047e8       0xc8 ./Core/Inc/Max6675/Max6675.o
                0x080047e8                MAX6675::MAX6675_lee()
 .text._ZN7MAX66754InitEv
                0x080048b0       0xb0 ./Core/Inc/Max6675/Max6675.o
                0x080048b0                MAX6675::Init()
 .text._Z11uartx_writec
                0x08004960       0x24 ./Core/Inc/Uart/Uart.o
                0x08004960                uartx_write(char)
 .text._Z16uartx_write_textPc
                0x08004984       0x2a ./Core/Inc/Uart/Uart.o
                0x08004984                uartx_write_text(char*)
 *fill*         0x080049ae        0x2 
 .text._Z16USART1_UART_Initv
                0x080049b0       0x5c ./Core/Inc/Uart/Uart.o
                0x080049b0                USART1_UART_Init()
 .text._Z12ErrorHandlerv
                0x08004a0c        0xc ./Core/Inc/Uart/Uart.o
                0x08004a0c                ErrorHandler()
 .text._Z12SerialPrintfPcz
                0x08004a18      0x2e8 ./Core/Inc/Uart/Uart.o
                0x08004a18                SerialPrintf(char*, ...)
 .text._Z16IncializaSistemav
                0x08004d00      0x10c ./Core/Src/Principal.o
                0x08004d00                IncializaSistema()
 .text._Z14EjecutaSistemav
                0x08004e0c      0x1ac ./Core/Src/Principal.o
                0x08004e0c                EjecutaSistema()
 .text._Z15PruebaPantalla2v
                0x08004fb8       0x58 ./Core/Src/Principal.o
                0x08004fb8                PruebaPantalla2()
 .text._Z41__static_initialization_and_destruction_0ii
                0x08005010       0x94 ./Core/Src/Principal.o
 .text._GLOBAL__sub_I_controlVelocidadAire
                0x080050a4       0x10 ./Core/Src/Principal.o
 .text._GLOBAL__sub_D_controlVelocidadAire
                0x080050b4       0x10 ./Core/Src/Principal.o
 .text.MX_GPIO_Init
                0x080050c4      0x1e4 ./Core/Src/gpio.o
                0x080050c4                MX_GPIO_Init
 .text.main     0x080052a8      0x9c0 ./Core/Src/main.o
                0x080052a8                main
 .text._Z18SystemClock_Configv
                0x08005c68       0x6a ./Core/Src/main.o
                0x08005c68                SystemClock_Config()
 *fill*         0x08005cd2        0x2 
 .text._ZL12MX_GPIO_Initv
                0x08005cd4      0x148 ./Core/Src/main.o
 .text.SPI1_Init
                0x08005e1c       0x6c ./Core/Src/spi.o
                0x08005e1c                SPI1_Init
 .text.Error_Handler
                0x08005e88        0xc ./Core/Src/spi.o
                0x08005e88                Error_Handler
 .text.HAL_MspInit
                0x08005e94       0x64 ./Core/Src/stm32f1xx_hal_msp.o
                0x08005e94                HAL_MspInit
 .text.HAL_ADC_MspInit
                0x08005ef8       0x78 ./Core/Src/stm32f1xx_hal_msp.o
                0x08005ef8                HAL_ADC_MspInit
 .text.HAL_SPI_MspInit
                0x08005f70       0x7c ./Core/Src/stm32f1xx_hal_msp.o
                0x08005f70                HAL_SPI_MspInit
 .text.HAL_UART_MspInit
                0x08005fec       0x98 ./Core/Src/stm32f1xx_hal_msp.o
                0x08005fec                HAL_UART_MspInit
 .text.NMI_Handler
                0x08006084        0x8 ./Core/Src/stm32f1xx_it.o
                0x08006084                NMI_Handler
 .text.HardFault_Handler
                0x0800608c        0x8 ./Core/Src/stm32f1xx_it.o
                0x0800608c                HardFault_Handler
 .text.MemManage_Handler
                0x08006094        0x8 ./Core/Src/stm32f1xx_it.o
                0x08006094                MemManage_Handler
 .text.BusFault_Handler
                0x0800609c        0x8 ./Core/Src/stm32f1xx_it.o
                0x0800609c                BusFault_Handler
 .text.UsageFault_Handler
                0x080060a4        0x8 ./Core/Src/stm32f1xx_it.o
                0x080060a4                UsageFault_Handler
 .text.SVC_Handler
                0x080060ac        0xc ./Core/Src/stm32f1xx_it.o
                0x080060ac                SVC_Handler
 .text.DebugMon_Handler
                0x080060b8        0xc ./Core/Src/stm32f1xx_it.o
                0x080060b8                DebugMon_Handler
 .text.PendSV_Handler
                0x080060c4        0xc ./Core/Src/stm32f1xx_it.o
                0x080060c4                PendSV_Handler
 .text.SysTick_Handler
                0x080060d0        0xc ./Core/Src/stm32f1xx_it.o
                0x080060d0                SysTick_Handler
 .text._getpid  0x080060dc        0xe ./Core/Src/syscalls.o
                0x080060dc                _getpid
 .text._kill    0x080060ea       0x20 ./Core/Src/syscalls.o
                0x080060ea                _kill
 .text._exit    0x0800610a       0x16 ./Core/Src/syscalls.o
                0x0800610a                _exit
 .text._read    0x08006120       0x3a ./Core/Src/syscalls.o
                0x08006120                _read
 .text._write   0x0800615a       0x38 ./Core/Src/syscalls.o
                0x0800615a                _write
 .text._close   0x08006192       0x16 ./Core/Src/syscalls.o
                0x08006192                _close
 .text._fstat   0x080061a8       0x1e ./Core/Src/syscalls.o
                0x080061a8                _fstat
 .text._isatty  0x080061c6       0x14 ./Core/Src/syscalls.o
                0x080061c6                _isatty
 .text._lseek   0x080061da       0x18 ./Core/Src/syscalls.o
                0x080061da                _lseek
 *fill*         0x080061f2        0x2 
 .text._sbrk    0x080061f4       0x6c ./Core/Src/sysmem.o
                0x080061f4                _sbrk
 .text.SystemInit
                0x08006260        0xc ./Core/Src/system_stm32f1xx.o
                0x08006260                SystemInit
 .text.Reset_Handler
                0x0800626c       0x48 ./Core/Startup/startup_stm32f103c8tx.o
                0x0800626c                Reset_Handler
 .text.Default_Handler
                0x080062b4        0x2 ./Core/Startup/startup_stm32f103c8tx.o
                0x080062b4                RTC_Alarm_IRQHandler
                0x080062b4                EXTI2_IRQHandler
                0x080062b4                TIM1_CC_IRQHandler
                0x080062b4                PVD_IRQHandler
                0x080062b4                EXTI3_IRQHandler
                0x080062b4                EXTI0_IRQHandler
                0x080062b4                I2C2_EV_IRQHandler
                0x080062b4                ADC1_2_IRQHandler
                0x080062b4                SPI1_IRQHandler
                0x080062b4                TAMPER_IRQHandler
                0x080062b4                DMA1_Channel4_IRQHandler
                0x080062b4                USART3_IRQHandler
                0x080062b4                RTC_IRQHandler
                0x080062b4                DMA1_Channel7_IRQHandler
                0x080062b4                CAN1_RX1_IRQHandler
                0x080062b4                TIM4_IRQHandler
                0x080062b4                I2C1_EV_IRQHandler
                0x080062b4                DMA1_Channel6_IRQHandler
                0x080062b4                TIM3_IRQHandler
                0x080062b4                RCC_IRQHandler
                0x080062b4                TIM1_TRG_COM_IRQHandler
                0x080062b4                DMA1_Channel1_IRQHandler
                0x080062b4                Default_Handler
                0x080062b4                EXTI15_10_IRQHandler
                0x080062b4                EXTI9_5_IRQHandler
                0x080062b4                SPI2_IRQHandler
                0x080062b4                DMA1_Channel5_IRQHandler
                0x080062b4                EXTI4_IRQHandler
                0x080062b4                USB_LP_CAN1_RX0_IRQHandler
                0x080062b4                USB_HP_CAN1_TX_IRQHandler
                0x080062b4                DMA1_Channel3_IRQHandler
                0x080062b4                TIM1_UP_IRQHandler
                0x080062b4                WWDG_IRQHandler
                0x080062b4                TIM2_IRQHandler
                0x080062b4                TIM1_BRK_IRQHandler
                0x080062b4                EXTI1_IRQHandler
                0x080062b4                USART2_IRQHandler
                0x080062b4                I2C2_ER_IRQHandler
                0x080062b4                DMA1_Channel2_IRQHandler
                0x080062b4                CAN1_SCE_IRQHandler
                0x080062b4                FLASH_IRQHandler
                0x080062b4                USART1_IRQHandler
                0x080062b4                I2C1_ER_IRQHandler
                0x080062b4                USBWakeUp_IRQHandler
 *fill*         0x080062b6        0x2 
 .text.HAL_Init
                0x080062b8       0x2c ./Drivers/STM32F1xx_HAL_Driver/Src/stm32f1xx_hal.o
                0x080062b8                HAL_Init
 .text.HAL_InitTick
                0x080062e4       0x60 ./Drivers/STM32F1xx_HAL_Driver/Src/stm32f1xx_hal.o
                0x080062e4                HAL_InitTick
 .text.HAL_IncTick
                0x08006344       0x24 ./Drivers/STM32F1xx_HAL_Driver/Src/stm32f1xx_hal.o
                0x08006344                HAL_IncTick
 .text.HAL_GetTick
                0x08006368       0x14 ./Drivers/STM32F1xx_HAL_Driver/Src/stm32f1xx_hal.o
                0x08006368                HAL_GetTick
 .text.HAL_Delay
                0x0800637c       0x48 ./Drivers/STM32F1xx_HAL_Driver/Src/stm32f1xx_hal.o
                0x0800637c                HAL_Delay
 .text.HAL_ADC_Init
                0x080063c4      0x1b0 ./Drivers/STM32F1xx_HAL_Driver/Src/stm32f1xx_hal_adc.o
                0x080063c4                HAL_ADC_Init
 .text.HAL_ADC_Start
                0x08006574      0x15c ./Drivers/STM32F1xx_HAL_Driver/Src/stm32f1xx_hal_adc.o
                0x08006574                HAL_ADC_Start
 .text.HAL_ADC_GetValue
                0x080066d0       0x18 ./Drivers/STM32F1xx_HAL_Driver/Src/stm32f1xx_hal_adc.o
                0x080066d0                HAL_ADC_GetValue
 .text.HAL_ADC_ConfigChannel
                0x080066e8      0x1f0 ./Drivers/STM32F1xx_HAL_Driver/Src/stm32f1xx_hal_adc.o
                0x080066e8                HAL_ADC_ConfigChannel
 .text.ADC_Enable
                0x080068d8       0xb4 ./Drivers/STM32F1xx_HAL_Driver/Src/stm32f1xx_hal_adc.o
                0x080068d8                ADC_Enable
 .text.ADC_ConversionStop_Disable
                0x0800698c       0x82 ./Drivers/STM32F1xx_HAL_Driver/Src/stm32f1xx_hal_adc.o
                0x0800698c                ADC_ConversionStop_Disable
 *fill*         0x08006a0e        0x2 
 .text.__NVIC_SetPriorityGrouping
                0x08006a10       0x48 ./Drivers/STM32F1xx_HAL_Driver/Src/stm32f1xx_hal_cortex.o
 .text.__NVIC_GetPriorityGrouping
                0x08006a58       0x1c ./Drivers/STM32F1xx_HAL_Driver/Src/stm32f1xx_hal_cortex.o
 .text.__NVIC_SetPriority
                0x08006a74       0x54 ./Drivers/STM32F1xx_HAL_Driver/Src/stm32f1xx_hal_cortex.o
 .text.NVIC_EncodePriority
                0x08006ac8       0x64 ./Drivers/STM32F1xx_HAL_Driver/Src/stm32f1xx_hal_cortex.o
 .text.SysTick_Config
                0x08006b2c       0x44 ./Drivers/STM32F1xx_HAL_Driver/Src/stm32f1xx_hal_cortex.o
 .text.HAL_NVIC_SetPriorityGrouping
                0x08006b70       0x16 ./Drivers/STM32F1xx_HAL_Driver/Src/stm32f1xx_hal_cortex.o
                0x08006b70                HAL_NVIC_SetPriorityGrouping
 .text.HAL_NVIC_SetPriority
                0x08006b86       0x38 ./Drivers/STM32F1xx_HAL_Driver/Src/stm32f1xx_hal_cortex.o
                0x08006b86                HAL_NVIC_SetPriority
 .text.HAL_SYSTICK_Config
                0x08006bbe       0x18 ./Drivers/STM32F1xx_HAL_Driver/Src/stm32f1xx_hal_cortex.o
                0x08006bbe                HAL_SYSTICK_Config
 *fill*         0x08006bd6        0x2 
 .text.HAL_GPIO_Init
                0x08006bd8      0x308 ./Drivers/STM32F1xx_HAL_Driver/Src/stm32f1xx_hal_gpio.o
                0x08006bd8                HAL_GPIO_Init
 .text.HAL_GPIO_ReadPin
                0x08006ee0       0x2e ./Drivers/STM32F1xx_HAL_Driver/Src/stm32f1xx_hal_gpio.o
                0x08006ee0                HAL_GPIO_ReadPin
 .text.HAL_GPIO_WritePin
                0x08006f0e       0x30 ./Drivers/STM32F1xx_HAL_Driver/Src/stm32f1xx_hal_gpio.o
                0x08006f0e                HAL_GPIO_WritePin
 *fill*         0x08006f3e        0x2 
 .text.HAL_RCC_OscConfig
                0x08006f40      0x504 ./Drivers/STM32F1xx_HAL_Driver/Src/stm32f1xx_hal_rcc.o
                0x08006f40                HAL_RCC_OscConfig
 .text.HAL_RCC_ClockConfig
                0x08007444      0x1d4 ./Drivers/STM32F1xx_HAL_Driver/Src/stm32f1xx_hal_rcc.o
                0x08007444                HAL_RCC_ClockConfig
 .text.HAL_RCC_GetSysClockFreq
                0x08007618       0xa8 ./Drivers/STM32F1xx_HAL_Driver/Src/stm32f1xx_hal_rcc.o
                0x08007618                HAL_RCC_GetSysClockFreq
 .text.HAL_RCC_GetHCLKFreq
                0x080076c0       0x14 ./Drivers/STM32F1xx_HAL_Driver/Src/stm32f1xx_hal_rcc.o
                0x080076c0                HAL_RCC_GetHCLKFreq
 .text.HAL_RCC_GetPCLK1Freq
                0x080076d4       0x28 ./Drivers/STM32F1xx_HAL_Driver/Src/stm32f1xx_hal_rcc.o
                0x080076d4                HAL_RCC_GetPCLK1Freq
 .text.HAL_RCC_GetPCLK2Freq
                0x080076fc       0x28 ./Drivers/STM32F1xx_HAL_Driver/Src/stm32f1xx_hal_rcc.o
                0x080076fc                HAL_RCC_GetPCLK2Freq
 .text.RCC_Delay
                0x08007724       0x3c ./Drivers/STM32F1xx_HAL_Driver/Src/stm32f1xx_hal_rcc.o
 .text.HAL_SPI_Init
                0x08007760      0x108 ./Drivers/STM32F1xx_HAL_Driver/Src/stm32f1xx_hal_spi.o
                0x08007760                HAL_SPI_Init
 .text.HAL_SPI_Transmit
                0x08007868      0x286 ./Drivers/STM32F1xx_HAL_Driver/Src/stm32f1xx_hal_spi.o
                0x08007868                HAL_SPI_Transmit
 *fill*         0x08007aee        0x2 
 .text.SPI_WaitFlagStateUntilTimeout
                0x08007af0      0x110 ./Drivers/STM32F1xx_HAL_Driver/Src/stm32f1xx_hal_spi.o
 .text.SPI_EndRxTxTransaction
                0x08007c00       0x3c ./Drivers/STM32F1xx_HAL_Driver/Src/stm32f1xx_hal_spi.o
 .text.HAL_UART_Init
                0x08007c3c       0xa0 ./Drivers/STM32F1xx_HAL_Driver/Src/stm32f1xx_hal_uart.o
                0x08007c3c                HAL_UART_Init
 .text.HAL_UART_Transmit
                0x08007cdc      0x106 ./Drivers/STM32F1xx_HAL_Driver/Src/stm32f1xx_hal_uart.o
                0x08007cdc                HAL_UART_Transmit
 .text.UART_WaitOnFlagUntilTimeout
                0x08007de2       0xdc ./Drivers/STM32F1xx_HAL_Driver/Src/stm32f1xx_hal_uart.o
 *fill*         0x08007ebe        0x2 
 .text.UART_SetConfig
                0x08007ec0      0x11c ./Drivers/STM32F1xx_HAL_Driver/Src/stm32f1xx_hal_uart.o
 .text._ZdlPvj  0x08007fdc        0x4 C:/ST/STM32CubeIDE_1.13.1/STM32CubeIDE/plugins/com.st.stm32cube.ide.mcu.externaltools.gnu-tools-for-stm32.12.3.rel1.win32_1.0.200.202406191623/tools/bin/../lib/gcc/arm-none-eabi/12.3.1/../../../../arm-none-eabi/lib/thumb/v7-m/nofp\libstdc++_nano.a(del_ops.o)
                0x08007fdc                operator delete(void*, unsigned int)
 .text._Znwj    0x08007fe0       0x22 C:/ST/STM32CubeIDE_1.13.1/STM32CubeIDE/plugins/com.st.stm32cube.ide.mcu.externaltools.gnu-tools-for-stm32.12.3.rel1.win32_1.0.200.202406191623/tools/bin/../lib/gcc/arm-none-eabi/12.3.1/../../../../arm-none-eabi/lib/thumb/v7-m/nofp\libstdc++_nano.a(new_op.o)
                0x08007fe0                operator new(unsigned int)
 .text._ZdlPv   0x08008002        0x4 C:/ST/STM32CubeIDE_1.13.1/STM32CubeIDE/plugins/com.st.stm32cube.ide.mcu.externaltools.gnu-tools-for-stm32.12.3.rel1.win32_1.0.200.202406191623/tools/bin/../lib/gcc/arm-none-eabi/12.3.1/../../../../arm-none-eabi/lib/thumb/v7-m/nofp\libstdc++_nano.a(del_op.o)
                0x08008002                operator delete(void*)
 *fill*         0x08008006        0x2 
 .text._ZSt15get_new_handlerv
                0x08008008       0x10 C:/ST/STM32CubeIDE_1.13.1/STM32CubeIDE/plugins/com.st.stm32cube.ide.mcu.externaltools.gnu-tools-for-stm32.12.3.rel1.win32_1.0.200.202406191623/tools/bin/../lib/gcc/arm-none-eabi/12.3.1/../../../../arm-none-eabi/lib/thumb/v7-m/nofp\libstdc++_nano.a(new_handler.o)
                0x08008008                std::get_new_handler()
 .text.abort    0x08008018        0xe C:/ST/STM32CubeIDE_1.13.1/STM32CubeIDE/plugins/com.st.stm32cube.ide.mcu.externaltools.gnu-tools-for-stm32.12.3.rel1.win32_1.0.200.202406191623/tools/bin/../lib/gcc/arm-none-eabi/12.3.1/../../../../arm-none-eabi/lib/thumb/v7-m/nofp\libc_nano.a(libc_a-abort.o)
                0x08008018                abort
 *fill*         0x08008026        0x2 
 .text.malloc   0x08008028       0x10 C:/ST/STM32CubeIDE_1.13.1/STM32CubeIDE/plugins/com.st.stm32cube.ide.mcu.externaltools.gnu-tools-for-stm32.12.3.rel1.win32_1.0.200.202406191623/tools/bin/../lib/gcc/arm-none-eabi/12.3.1/../../../../arm-none-eabi/lib/thumb/v7-m/nofp\libc_nano.a(libc_a-malloc.o)
                0x08008028                malloc
 .text.free     0x08008038       0x10 C:/ST/STM32CubeIDE_1.13.1/STM32CubeIDE/plugins/com.st.stm32cube.ide.mcu.externaltools.gnu-tools-for-stm32.12.3.rel1.win32_1.0.200.202406191623/tools/bin/../lib/gcc/arm-none-eabi/12.3.1/../../../../arm-none-eabi/lib/thumb/v7-m/nofp\libc_nano.a(libc_a-malloc.o)
                0x08008038                free
 .text.sbrk_aligned
                0x08008048       0x44 C:/ST/STM32CubeIDE_1.13.1/STM32CubeIDE/plugins/com.st.stm32cube.ide.mcu.externaltools.gnu-tools-for-stm32.12.3.rel1.win32_1.0.200.202406191623/tools/bin/../lib/gcc/arm-none-eabi/12.3.1/../../../../arm-none-eabi/lib/thumb/v7-m/nofp\libc_nano.a(libc_a-mallocr.o)
 .text._malloc_r
                0x0800808c      0x100 C:/ST/STM32CubeIDE_1.13.1/STM32CubeIDE/plugins/com.st.stm32cube.ide.mcu.externaltools.gnu-tools-for-stm32.12.3.rel1.win32_1.0.200.202406191623/tools/bin/../lib/gcc/arm-none-eabi/12.3.1/../../../../arm-none-eabi/lib/thumb/v7-m/nofp\libc_nano.a(libc_a-mallocr.o)
                0x0800808c                _malloc_r
 .text.__malloc_lock
                0x0800818c        0xc C:/ST/STM32CubeIDE_1.13.1/STM32CubeIDE/plugins/com.st.stm32cube.ide.mcu.externaltools.gnu-tools-for-stm32.12.3.rel1.win32_1.0.200.202406191623/tools/bin/../lib/gcc/arm-none-eabi/12.3.1/../../../../arm-none-eabi/lib/thumb/v7-m/nofp\libc_nano.a(libc_a-mlock.o)
                0x0800818c                __malloc_lock
 .text.__malloc_unlock
                0x08008198        0xc C:/ST/STM32CubeIDE_1.13.1/STM32CubeIDE/plugins/com.st.stm32cube.ide.mcu.externaltools.gnu-tools-for-stm32.12.3.rel1.win32_1.0.200.202406191623/tools/bin/../lib/gcc/arm-none-eabi/12.3.1/../../../../arm-none-eabi/lib/thumb/v7-m/nofp\libc_nano.a(libc_a-mlock.o)
                0x08008198                __malloc_unlock
 .text.__cvt    0x080081a4       0xc8 C:/ST/STM32CubeIDE_1.13.1/STM32CubeIDE/plugins/com.st.stm32cube.ide.mcu.externaltools.gnu-tools-for-stm32.12.3.rel1.win32_1.0.200.202406191623/tools/bin/../lib/gcc/arm-none-eabi/12.3.1/../../../../arm-none-eabi/lib/thumb/v7-m/nofp\libc_nano.a(libc_a-nano-vfprintf_float.o)
                0x080081a4                __cvt
 .text.__exponent
                0x0800826c       0x74 C:/ST/STM32CubeIDE_1.13.1/STM32CubeIDE/plugins/com.st.stm32cube.ide.mcu.externaltools.gnu-tools-for-stm32.12.3.rel1.win32_1.0.200.202406191623/tools/bin/../lib/gcc/arm-none-eabi/12.3.1/../../../../arm-none-eabi/lib/thumb/v7-m/nofp\libc_nano.a(libc_a-nano-vfprintf_float.o)
                0x0800826c                __exponent
 .text._printf_float
                0x080082e0      0x458 C:/ST/STM32CubeIDE_1.13.1/STM32CubeIDE/plugins/com.st.stm32cube.ide.mcu.externaltools.gnu-tools-for-stm32.12.3.rel1.win32_1.0.200.202406191623/tools/bin/../lib/gcc/arm-none-eabi/12.3.1/../../../../arm-none-eabi/lib/thumb/v7-m/nofp\libc_nano.a(libc_a-nano-vfprintf_float.o)
                0x080082e0                _printf_float
 .text._printf_common
                0x08008738       0xe4 C:/ST/STM32CubeIDE_1.13.1/STM32CubeIDE/plugins/com.st.stm32cube.ide.mcu.externaltools.gnu-tools-for-stm32.12.3.rel1.win32_1.0.200.202406191623/tools/bin/../lib/gcc/arm-none-eabi/12.3.1/../../../../arm-none-eabi/lib/thumb/v7-m/nofp\libc_nano.a(libc_a-nano-vfprintf_i.o)
                0x08008738                _printf_common
 .text._printf_i
                0x0800881c      0x240 C:/ST/STM32CubeIDE_1.13.1/STM32CubeIDE/plugins/com.st.stm32cube.ide.mcu.externaltools.gnu-tools-for-stm32.12.3.rel1.win32_1.0.200.202406191623/tools/bin/../lib/gcc/arm-none-eabi/12.3.1/../../../../arm-none-eabi/lib/thumb/v7-m/nofp\libc_nano.a(libc_a-nano-vfprintf_i.o)
                0x0800881c                _printf_i
 .text.std      0x08008a5c       0x6c C:/ST/STM32CubeIDE_1.13.1/STM32CubeIDE/plugins/com.st.stm32cube.ide.mcu.externaltools.gnu-tools-for-stm32.12.3.rel1.win32_1.0.200.202406191623/tools/bin/../lib/gcc/arm-none-eabi/12.3.1/../../../../arm-none-eabi/lib/thumb/v7-m/nofp\libc_nano.a(libc_a-findfp.o)
 .text.stdio_exit_handler
                0x08008ac8       0x18 C:/ST/STM32CubeIDE_1.13.1/STM32CubeIDE/plugins/com.st.stm32cube.ide.mcu.externaltools.gnu-tools-for-stm32.12.3.rel1.win32_1.0.200.202406191623/tools/bin/../lib/gcc/arm-none-eabi/12.3.1/../../../../arm-none-eabi/lib/thumb/v7-m/nofp\libc_nano.a(libc_a-findfp.o)
 .text.cleanup_stdio
                0x08008ae0       0x40 C:/ST/STM32CubeIDE_1.13.1/STM32CubeIDE/plugins/com.st.stm32cube.ide.mcu.externaltools.gnu-tools-for-stm32.12.3.rel1.win32_1.0.200.202406191623/tools/bin/../lib/gcc/arm-none-eabi/12.3.1/../../../../arm-none-eabi/lib/thumb/v7-m/nofp\libc_nano.a(libc_a-findfp.o)
 .text.global_stdio_init.part.0
                0x08008b20       0x3c C:/ST/STM32CubeIDE_1.13.1/STM32CubeIDE/plugins/com.st.stm32cube.ide.mcu.externaltools.gnu-tools-for-stm32.12.3.rel1.win32_1.0.200.202406191623/tools/bin/../lib/gcc/arm-none-eabi/12.3.1/../../../../arm-none-eabi/lib/thumb/v7-m/nofp\libc_nano.a(libc_a-findfp.o)
 .text.__sfp_lock_acquire
                0x08008b5c        0xc C:/ST/STM32CubeIDE_1.13.1/STM32CubeIDE/plugins/com.st.stm32cube.ide.mcu.externaltools.gnu-tools-for-stm32.12.3.rel1.win32_1.0.200.202406191623/tools/bin/../lib/gcc/arm-none-eabi/12.3.1/../../../../arm-none-eabi/lib/thumb/v7-m/nofp\libc_nano.a(libc_a-findfp.o)
                0x08008b5c                __sfp_lock_acquire
 .text.__sfp_lock_release
                0x08008b68        0xc C:/ST/STM32CubeIDE_1.13.1/STM32CubeIDE/plugins/com.st.stm32cube.ide.mcu.externaltools.gnu-tools-for-stm32.12.3.rel1.win32_1.0.200.202406191623/tools/bin/../lib/gcc/arm-none-eabi/12.3.1/../../../../arm-none-eabi/lib/thumb/v7-m/nofp\libc_nano.a(libc_a-findfp.o)
                0x08008b68                __sfp_lock_release
 .text.__sinit  0x08008b74       0x30 C:/ST/STM32CubeIDE_1.13.1/STM32CubeIDE/plugins/com.st.stm32cube.ide.mcu.externaltools.gnu-tools-for-stm32.12.3.rel1.win32_1.0.200.202406191623/tools/bin/../lib/gcc/arm-none-eabi/12.3.1/../../../../arm-none-eabi/lib/thumb/v7-m/nofp\libc_nano.a(libc_a-findfp.o)
                0x08008b74                __sinit
 .text._fwalk_sglue
                0x08008ba4       0x3c C:/ST/STM32CubeIDE_1.13.1/STM32CubeIDE/plugins/com.st.stm32cube.ide.mcu.externaltools.gnu-tools-for-stm32.12.3.rel1.win32_1.0.200.202406191623/tools/bin/../lib/gcc/arm-none-eabi/12.3.1/../../../../arm-none-eabi/lib/thumb/v7-m/nofp\libc_nano.a(libc_a-fwalk.o)
                0x08008ba4                _fwalk_sglue
 .text.sprintf  0x08008be0       0x40 C:/ST/STM32CubeIDE_1.13.1/STM32CubeIDE/plugins/com.st.stm32cube.ide.mcu.externaltools.gnu-tools-for-stm32.12.3.rel1.win32_1.0.200.202406191623/tools/bin/../lib/gcc/arm-none-eabi/12.3.1/../../../../arm-none-eabi/lib/thumb/v7-m/nofp\libc_nano.a(libc_a-sprintf.o)
                0x08008be0                siprintf
                0x08008be0                sprintf
 .text.__sread  0x08008c20       0x22 C:/ST/STM32CubeIDE_1.13.1/STM32CubeIDE/plugins/com.st.stm32cube.ide.mcu.externaltools.gnu-tools-for-stm32.12.3.rel1.win32_1.0.200.202406191623/tools/bin/../lib/gcc/arm-none-eabi/12.3.1/../../../../arm-none-eabi/lib/thumb/v7-m/nofp\libc_nano.a(libc_a-stdio.o)
                0x08008c20                __sread
 .text.__swrite
                0x08008c42       0x38 C:/ST/STM32CubeIDE_1.13.1/STM32CubeIDE/plugins/com.st.stm32cube.ide.mcu.externaltools.gnu-tools-for-stm32.12.3.rel1.win32_1.0.200.202406191623/tools/bin/../lib/gcc/arm-none-eabi/12.3.1/../../../../arm-none-eabi/lib/thumb/v7-m/nofp\libc_nano.a(libc_a-stdio.o)
                0x08008c42                __swrite
 .text.__sseek  0x08008c7a       0x24 C:/ST/STM32CubeIDE_1.13.1/STM32CubeIDE/plugins/com.st.stm32cube.ide.mcu.externaltools.gnu-tools-for-stm32.12.3.rel1.win32_1.0.200.202406191623/tools/bin/../lib/gcc/arm-none-eabi/12.3.1/../../../../arm-none-eabi/lib/thumb/v7-m/nofp\libc_nano.a(libc_a-stdio.o)
                0x08008c7a                __sseek
 .text.__sclose