../Core/Inc/GUI/PantallaInicializaMemoria/CPantallaInicializaMemoria.cpp:14:1:CPantallaInicializaMemoria::CPantallaInicializaMemoria()	48	static
../Core/Inc/GUI/PantallaInicializaMemoria/CPantallaInicializaMemoria.cpp:25:1:CPantallaInicializaMemoria::~CPantallaInicializaMemoria()	16	static
../Core/Inc/GUI/PantallaInicializaMemoria/CPantallaInicializaMemoria.cpp:25:1:virtual CPantallaInicializaMemoria::~CPantallaInicializaMemoria()	16	static
../Core/Inc/GUI/PantallaInicializaMemoria/CPantallaInicializaMemoria.cpp:30:6:virtual void CPantallaInicializaMemoria::Show()	16	static
../Core/Inc/GUI/PantallaInicializaMemoria/CPantallaInicializaMemoria.cpp:35:6:virtual void CPantallaInicializaMemoria::OnProgreso(int, int)	24	static
../Core/Inc/GUI/PantallaInicializaMemoria/CPantallaInicializaMemoria.cpp:41:6:virtual void CPantallaInicializaMemoria::OnFinProgreso()	16	static
../Core/Inc/GUI/PantallaInicializaMemoria/CPantallaInicializaMemoria.cpp:45:6:virtual void CPantallaInicializaMemoria::Refresca()	16	static
