Archive member included to satisfy reference by file (symbol)

C:/ST/STM32CubeIDE_1.13.1/STM32CubeIDE/plugins/com.st.stm32cube.ide.mcu.externaltools.gnu-tools-for-stm32.12.3.rel1.win32_1.0.200.202406191623/tools/bin/../lib/gcc/arm-none-eabi/12.3.1/../../../../arm-none-eabi/lib/thumb/v7e-m+fp/hard\libstdc++_nano.a(del_ops.o)
                              ./Core/Inc/Boton/CManejadorBoton.o (operator delete(void*, unsigned int))
C:/ST/STM32CubeIDE_1.13.1/STM32CubeIDE/plugins/com.st.stm32cube.ide.mcu.externaltools.gnu-tools-for-stm32.12.3.rel1.win32_1.0.200.202406191623/tools/bin/../lib/gcc/arm-none-eabi/12.3.1/../../../../arm-none-eabi/lib/thumb/v7e-m+fp/hard\libstdc++_nano.a(new_op.o)
                              ./Core/Inc/Encoder/CEncoder.o (operator new(unsigned int))
C:/ST/STM32CubeIDE_1.13.1/STM32CubeIDE/plugins/com.st.stm32cube.ide.mcu.externaltools.gnu-tools-for-stm32.12.3.rel1.win32_1.0.200.202406191623/tools/bin/../lib/gcc/arm-none-eabi/12.3.1/../../../../arm-none-eabi/lib/thumb/v7e-m+fp/hard\libstdc++_nano.a(del_op.o)
                              C:/ST/STM32CubeIDE_1.13.1/STM32CubeIDE/plugins/com.st.stm32cube.ide.mcu.externaltools.gnu-tools-for-stm32.12.3.rel1.win32_1.0.200.202406191623/tools/bin/../lib/gcc/arm-none-eabi/12.3.1/../../../../arm-none-eabi/lib/thumb/v7e-m+fp/hard\libstdc++_nano.a(del_ops.o) (operator delete(void*))
C:/ST/STM32CubeIDE_1.13.1/STM32CubeIDE/plugins/com.st.stm32cube.ide.mcu.externaltools.gnu-tools-for-stm32.12.3.rel1.win32_1.0.200.202406191623/tools/bin/../lib/gcc/arm-none-eabi/12.3.1/../../../../arm-none-eabi/lib/thumb/v7e-m+fp/hard\libstdc++_nano.a(new_handler.o)
                              C:/ST/STM32CubeIDE_1.13.1/STM32CubeIDE/plugins/com.st.stm32cube.ide.mcu.externaltools.gnu-tools-for-stm32.12.3.rel1.win32_1.0.200.202406191623/tools/bin/../lib/gcc/arm-none-eabi/12.3.1/../../../../arm-none-eabi/lib/thumb/v7e-m+fp/hard\libstdc++_nano.a(new_op.o) (std::get_new_handler())
C:/ST/STM32CubeIDE_1.13.1/STM32CubeIDE/plugins/com.st.stm32cube.ide.mcu.externaltools.gnu-tools-for-stm32.12.3.rel1.win32_1.0.200.202406191623/tools/bin/../lib/gcc/arm-none-eabi/12.3.1/../../../../arm-none-eabi/lib/thumb/v7e-m+fp/hard\libc_nano.a(libc_a-abort.o)
                              C:/ST/STM32CubeIDE_1.13.1/STM32CubeIDE/plugins/com.st.stm32cube.ide.mcu.externaltools.gnu-tools-for-stm32.12.3.rel1.win32_1.0.200.202406191623/tools/bin/../lib/gcc/arm-none-eabi/12.3.1/../../../../arm-none-eabi/lib/thumb/v7e-m+fp/hard\libstdc++_nano.a(new_op.o) (abort)
C:/ST/STM32CubeIDE_1.13.1/STM32CubeIDE/plugins/com.st.stm32cube.ide.mcu.externaltools.gnu-tools-for-stm32.12.3.rel1.win32_1.0.200.202406191623/tools/bin/../lib/gcc/arm-none-eabi/12.3.1/../../../../arm-none-eabi/lib/thumb/v7e-m+fp/hard\libc_nano.a(libc_a-exit.o)
                              C:/ST/STM32CubeIDE_1.13.1/STM32CubeIDE/plugins/com.st.stm32cube.ide.mcu.externaltools.gnu-tools-for-stm32.12.3.rel1.win32_1.0.200.202406191623/tools/bin/../lib/gcc/arm-none-eabi/12.3.1/../../../../arm-none-eabi/lib/thumb/v7e-m+fp/hard/crt0.o (exit)
C:/ST/STM32CubeIDE_1.13.1/STM32CubeIDE/plugins/com.st.stm32cube.ide.mcu.externaltools.gnu-tools-for-stm32.12.3.rel1.win32_1.0.200.202406191623/tools/bin/../lib/gcc/arm-none-eabi/12.3.1/../../../../arm-none-eabi/lib/thumb/v7e-m+fp/hard\libc_nano.a(libc_a-malloc.o)
                              C:/ST/STM32CubeIDE_1.13.1/STM32CubeIDE/plugins/com.st.stm32cube.ide.mcu.externaltools.gnu-tools-for-stm32.12.3.rel1.win32_1.0.200.202406191623/tools/bin/../lib/gcc/arm-none-eabi/12.3.1/../../../../arm-none-eabi/lib/thumb/v7e-m+fp/hard\libstdc++_nano.a(new_op.o) (malloc)
C:/ST/STM32CubeIDE_1.13.1/STM32CubeIDE/plugins/com.st.stm32cube.ide.mcu.externaltools.gnu-tools-for-stm32.12.3.rel1.win32_1.0.200.202406191623/tools/bin/../lib/gcc/arm-none-eabi/12.3.1/../../../../arm-none-eabi/lib/thumb/v7e-m+fp/hard\libc_nano.a(libc_a-mallocr.o)
                              C:/ST/STM32CubeIDE_1.13.1/STM32CubeIDE/plugins/com.st.stm32cube.ide.mcu.externaltools.gnu-tools-for-stm32.12.3.rel1.win32_1.0.200.202406191623/tools/bin/../lib/gcc/arm-none-eabi/12.3.1/../../../../arm-none-eabi/lib/thumb/v7e-m+fp/hard\libc_nano.a(libc_a-malloc.o) (_malloc_r)
C:/ST/STM32CubeIDE_1.13.1/STM32CubeIDE/plugins/com.st.stm32cube.ide.mcu.externaltools.gnu-tools-for-stm32.12.3.rel1.win32_1.0.200.202406191623/tools/bin/../lib/gcc/arm-none-eabi/12.3.1/../../../../arm-none-eabi/lib/thumb/v7e-m+fp/hard\libc_nano.a(libc_a-mlock.o)
                              C:/ST/STM32CubeIDE_1.13.1/STM32CubeIDE/plugins/com.st.stm32cube.ide.mcu.externaltools.gnu-tools-for-stm32.12.3.rel1.win32_1.0.200.202406191623/tools/bin/../lib/gcc/arm-none-eabi/12.3.1/../../../../arm-none-eabi/lib/thumb/v7e-m+fp/hard\libc_nano.a(libc_a-mallocr.o) (__malloc_lock)
[...]
Memory Configuration

Name             Origin             Length             Attributes
RAM              0x20000000         0x00020000         xrw
FLASH            0x08000000         0x00080000         xr
*default*        0x00000000         0xffffffff

Linker script and memory map

LOAD C:/ST/STM32CubeIDE_1.13.1/STM32CubeIDE/plugins/com.st.stm32cube.ide.mcu.externaltools.gnu-tools-for-stm32.12.3.rel1.win32_1.0.200.202406191623/tools/bin/../lib/gcc/arm-none-eabi/12.3.1/thumb/v7e-m+fp/hard/crti.o
LOAD C:/ST/STM32CubeIDE_1.13.1/STM32CubeIDE/plugins/com.st.stm32cube.ide.mcu.externaltools.gnu-tools-for-stm32.12.3.rel1.win32_1.0.200.202406191623/tools/bin/../lib/gcc/arm-none-eabi/12.3.1/thumb/v7e-m+fp/hard/crtbegin.o
LOAD C:/ST/STM32CubeIDE_1.13.1/STM32CubeIDE/plugins/com.st.stm32cube.ide.mcu.externaltools.gnu-tools-for-stm32.12.3.rel1.win32_1.0.200.202406191623/tools/bin/../lib/gcc/arm-none-eabi/12.3.1/../../../../arm-none-eabi/lib/thumb/v7e-m+fp/hard/crt0.o
LOAD ./Core/Inc/Boton/CManejadorBoton.o
LOAD ./Core/Inc/Boton/CManejadorEventosBoton.o
LOAD ./Core/Inc/Calefactor/Calefactor.o
LOAD ./Core/Inc/ControlVelocidadAire/ControlVelocidadAire.o
LOAD ./Core/Inc/Delays/delays.o
LOAD ./Core/Inc/Encoder/CEncoder.o
LOAD ./Core/Inc/Encoder/CManejadorEventosEncoder.o
LOAD ./Core/Inc/Estaciones/CEstacionBase.o
LOAD ./Core/Inc/Estaciones/CestacionBaku601.o
LOAD ./Core/Inc/GUI/CComponenteBaseTft.o
LOAD ./Core/Inc/GUI/CEtiquetaTft.o
LOAD ./Core/Inc/GUI/CPantallaBase.o
LOAD ./Core/Inc/GUI/CRectanguloTft.o
LOAD ./Core/Inc/GUI/ConfigurarPantallaMemoria/CConfigurarPantallaMemoria.o
LOAD ./Core/Inc/GUI/ManejadorPantallas/CManejadorPantallas.o
LOAD ./Core/Inc/GUI/Menu/CManejadorEventoMenu.o
LOAD ./Core/Inc/GUI/Menu/CMenu.o
LOAD ./Core/Inc/GUI/Menu/CMenuItem.o
LOAD ./Core/Inc/GUI/PantallaManual/CPantallaManual.o
LOAD ./Core/Inc/GUI/PantallaMemoria/CPantallaMemoria.o
LOAD ./Core/Inc/GUI/PantallaMenuPrincipal/CMenuPrincipal.o
LOAD ./Core/Inc/ILI9341/ILI9341_GFX.o
LOAD ./Core/Inc/ILI9341/ILI9341_STM32_Driver.o
LOAD ./Core/Inc/ManejadorControles/CManejadorControles.o
LOAD ./Core/Inc/ManejadorControles/CManejadorEventosControles.o
LOAD ./Core/Inc/Max6675/Max6675.o
LOAD ./Core/Inc/PWM/Pwm.o
LOAD ./Core/Inc/SensorMagnetico/CManejadorEventoSensorMagnetico.o
LOAD ./Core/Inc/SensorMagnetico/SensorMagnetico.o
LOAD ./Core/Inc/Timer/Timer.o
LOAD ./Core/Inc/Uart/Uart.o
LOAD ./Core/Src/Principal.o
LOAD ./Core/Src/gpio.o
LOAD ./Core/Src/main.o
LOAD ./Core/Src/pruebaMemoria.o
LOAD ./Core/Src/spi.o
LOAD ./Core/Src/stm32f4xx_hal_msp.o
LOAD ./Core/Src/stm32f4xx_it.o
LOAD ./Core/Src/syscalls.o
LOAD ./Core/Src/sysmem.o
LOAD ./Core/Src/system_stm32f4xx.o
LOAD ./Core/Startup/startup_stm32f411ceux.o
LOAD ./Drivers/STM32F4xx_HAL_Driver/Src/stm32f4xx_hal.o
LOAD ./Drivers/STM32F4xx_HAL_Driver/Src/stm32f4xx_hal_adc.o
LOAD ./Drivers/STM32F4xx_HAL_Driver/Src/stm32f4xx_hal_adc_ex.o
LOAD ./Drivers/STM32F4xx_HAL_Driver/Src/stm32f4xx_hal_cortex.o
LOAD ./Drivers/STM32F4xx_HAL_Driver/Src/stm32f4xx_hal_dma.o
LOAD ./Drivers/STM32F4xx_HAL_Driver/Src/stm32f4xx_hal_dma_ex.o
LOAD ./Drivers/STM32F4xx_HAL_Driver/Src/stm32f4xx_hal_exti.o
LOAD ./Drivers/STM32F4xx_HAL_Driver/Src/stm32f4xx_hal_flash.o
LOAD ./Drivers/STM32F4xx_HAL_Driver/Src/stm32f4xx_hal_flash_ex.o
LOAD ./Drivers/STM32F4xx_HAL_Driver/Src/stm32f4xx_hal_flash_ramfunc.o
LOAD ./Drivers/STM32F4xx_HAL_Driver/Src/stm32f4xx_hal_gpio.o
LOAD ./Drivers/STM32F4xx_HAL_Driver/Src/stm32f4xx_hal_i2c.o
LOAD ./Drivers/STM32F4xx_HAL_Driver/Src/stm32f4xx_hal_i2c_ex.o
LOAD ./Drivers/STM32F4xx_HAL_Driver/Src/stm32f4xx_hal_pwr.o
LOAD ./Drivers/STM32F4xx_HAL_Driver/Src/stm32f4xx_hal_pwr_ex.o
LOAD ./Drivers/STM32F4xx_HAL_Driver/Src/stm32f4xx_hal_rcc.o
LOAD ./Drivers/STM32F4xx_HAL_Driver/Src/stm32f4xx_hal_rcc_ex.o
LOAD ./Drivers/STM32F4xx_HAL_Driver/Src/stm32f4xx_hal_spi.o
LOAD ./Drivers/STM32F4xx_HAL_Driver/Src/stm32f4xx_hal_tim.o
LOAD ./Drivers/STM32F4xx_HAL_Driver/Src/stm32f4xx_hal_tim_ex.o
LOAD ./Drivers/STM32F4xx_HAL_Driver/Src/stm32f4xx_hal_uart.o
LOAD ./Drivers/STM32F4xx_HAL_Driver/Src/stm32f4xx_ll_adc.o
START GROUP
LOAD C:/ST/STM32CubeIDE_1.13.1/STM32CubeIDE/plugins/com.st.stm32cube.ide.mcu.externaltools.gnu-tools-for-stm32.12.3.rel1.win32_1.0.200.202406191623/tools/bin/../lib/gcc/arm-none-eabi/12.3.1/../../../../arm-none-eabi/lib/thumb/v7e-m+fp/hard\libstdc++_nano.a
LOAD C:/ST/STM32CubeIDE_1.13.1/STM32CubeIDE/plugins/com.st.stm32cube.ide.mcu.externaltools.gnu-tools-for-stm32.12.3.rel1.win32_1.0.200.202406191623/tools/bin/../lib/gcc/arm-none-eabi/12.3.1/../../../../arm-none-eabi/lib/thumb/v7e-m+fp/hard\libsupc++_nano.a
END GROUP
LOAD C:/ST/STM32CubeIDE_1.13.1/STM32CubeIDE/plugins/com.st.stm32cube.ide.mcu.externaltools.gnu-tools-for-stm32.12.3.rel1.win32_1.0.200.202406191623/tools/bin/../lib/gcc/arm-none-eabi/12.3.1/../../../../arm-none-eabi/lib/thumb/v7e-m+fp/hard\libstdc++_nano.a
LOAD C:/ST/STM32CubeIDE_1.13.1/STM32CubeIDE/plugins/com.st.stm32cube.ide.mcu.externaltools.gnu-tools-for-stm32.12.3.rel1.win32_1.0.200.202406191623/tools/bin/../lib/gcc/arm-none-eabi/12.3.1/../../../../arm-none-eabi/lib/thumb/v7e-m+fp/hard\libm.a
LOAD C:/ST/STM32CubeIDE_1.13.1/STM32CubeIDE/plugins/com.st.stm32cube.ide.mcu.externaltools.gnu-tools-for-stm32.12.3.rel1.win32_1.0.200.202406191623/tools/bin/../lib/gcc/arm-none-eabi/12.3.1/../../../../arm-none-eabi/lib/thumb/v7e-m+fp/hard\libc_nano.a
START GROUP
LOAD C:/ST/STM32CubeIDE_1.13.1/STM32CubeIDE/plugins/com.st.stm32cube.ide.mcu.externaltools.gnu-tools-for-stm32.12.3.rel1.win32_1.0.200.202406191623/tools/bin/../lib/gcc/arm-none-eabi/12.3.1/thumb/v7e-m+fp/hard\libgcc.a
LOAD C:/ST/STM32CubeIDE_1.13.1/STM32CubeIDE/plugins/com.st.stm32cube.ide.mcu.externaltools.gnu-tools-for-stm32.12.3.rel1.win32_1.0.200.202406191623/tools/bin/../lib/gcc/arm-none-eabi/12.3.1/../../../../arm-none-eabi/lib/thumb/v7e-m+fp/hard\libc_nano.a
END GROUP
START GROUP
LOAD C:/ST/STM32CubeIDE_1.13.1/STM32CubeIDE/plugins/com.st.stm32cube.ide.mcu.externaltools.gnu-tools-for-stm32.12.3.rel1.win32_1.0.200.202406191623/tools/bin/../lib/gcc/arm-none-eabi/12.3.1/thumb/v7e-m+fp/hard\libgcc.a
LOAD C:/ST/STM32CubeIDE_1.13.1/STM32CubeIDE/plugins/com.st.stm32cube.ide.mcu.externaltools.gnu-tools-for-stm32.12.3.rel1.win32_1.0.200.202406191623/tools/bin/../lib/gcc/arm-none-eabi/12.3.1/../../../../arm-none-eabi/lib/thumb/v7e-m+fp/hard\libc_nano.a
LOAD C:/ST/STM32CubeIDE_1.13.1/STM32CubeIDE/plugins/com.st.stm32cube.ide.mcu.externaltools.gnu-tools-for-stm32.12.3.rel1.win32_1.0.200.202406191623/tools/bin/../lib/gcc/arm-none-eabi/12.3.1/../../../../arm-none-eabi/lib/thumb/v7e-m+fp/hard\libnosys.a
END GROUP
START GROUP
LOAD C:/ST/STM32CubeIDE_1.13.1/STM32CubeIDE/plugins/com.st.stm32cube.ide.mcu.externaltools.gnu-tools-for-stm32.12.3.rel1.win32_1.0.200.202406191623/tools/bin/../lib/gcc/arm-none-eabi/12.3.1/thumb/v7e-m+fp/hard\libgcc.a
LOAD C:/ST/STM32CubeIDE_1.13.1/STM32CubeIDE/plugins/com.st.stm32cube.ide.mcu.externaltools.gnu-tools-for-stm32.12.3.rel1.win32_1.0.200.202406191623/tools/bin/../lib/gcc/arm-none-eabi/12.3.1/../../../../arm-none-eabi/lib/thumb/v7e-m+fp/hard\libc_nano.a
LOAD C:/ST/STM32CubeIDE_1.13.1/STM32CubeIDE/plugins/com.st.stm32cube.ide.mcu.externaltools.gnu-tools-for-stm32.12.3.rel1.win32_1.0.200.202406191623/tools/bin/../lib/gcc/arm-none-eabi/12.3.1/../../../../arm-none-eabi/lib/thumb/v7e-m+fp/hard\libnosys.a
END GROUP
LOAD C:/ST/STM32CubeIDE_1.13.1/STM32CubeIDE/plugins/com.st.stm32cube.ide.mcu.externaltools.gnu-tools-for-stm32.12.3.rel1.win32_1.0.200.202406191623/tools/bin/../lib/gcc/arm-none-eabi/12.3.1/thumb/v7e-m+fp/hard/crtend.o
LOAD C:/ST/STM32CubeIDE_1.13.1/STM32CubeIDE/plugins/com.st.stm32cube.ide.mcu.externaltools.gnu-tools-for-stm32.12.3.rel1.win32_1.0.200.202406191623/tools/bin/../lib/gcc/arm-none-eabi/12.3.1/thumb/v7e-m+fp/hard/crtn.o
                0x20020000                        _estack = (ORIGIN (RAM) + LENGTH (RAM))
                0x00000200                        _Min_Heap_Size = 0x200
                0x00000400                        _Min_Stack_Size = 0x400

.isr_vector     0x08000000      0x198
                0x08000000                        . = ALIGN (0x4)
 *(.isr_vector)
 .isr_vector    0x08000000      0x198 ./Core/Startup/startup_stm32f411ceux.o
                0x08000000                g_pfnVectors
                0x08000198                        . = ALIGN (0x4)

.text           0x080001a0     0xeae0
                0x080001a0                        . = ALIGN (0x4)
 *(.text)
 .text          0x080001a0       0x40 C:/ST/STM32CubeIDE_1.13.1/STM32CubeIDE/plugins/com.st.stm32cube.ide.mcu.externaltools.gnu-tools-for-stm32.12.3.rel1.win32_1.0.200.202406191623/tools/bin/../lib/gcc/arm-none-eabi/12.3.1/thumb/v7e-m+fp/hard/crtbegin.o
 .text          0x080001e0       0xa0 C:/ST/STM32CubeIDE_1.13.1/STM32CubeIDE/plugins/com.st.stm32cube.ide.mcu.externaltools.gnu-tools-for-stm32.12.3.rel1.win32_1.0.200.202406191623/tools/bin/../lib/gcc/arm-none-eabi/12.3.1/../../../../arm-none-eabi/lib/thumb/v7e-m+fp/hard\libc_nano.a(libc_a-memchr.o)
                0x080001e0                memchr
 .text          0x08000280       0x10 C:/ST/STM32CubeIDE_1.13.1/STM32CubeIDE/plugins/com.st.stm32cube.ide.mcu.externaltools.gnu-tools-for-stm32.12.3.rel1.win32_1.0.200.202406191623/tools/bin/../lib/gcc/arm-none-eabi/12.3.1/../../../../arm-none-eabi/lib/thumb/v7e-m+fp/hard\libc_nano.a(libc_a-strlen.o)
                0x08000280                strlen
 .text          0x08000290      0x378 C:/ST/STM32CubeIDE_1.13.1/STM32CubeIDE/plugins/com.st.stm32cube.ide.mcu.externaltools.gnu-tools-for-stm32.12.3.rel1.win32_1.0.200.202406191623/tools/bin/../lib/gcc/arm-none-eabi/12.3.1/thumb/v7e-m+fp/hard\libgcc.a(_arm_addsubdf3.o)
                0x08000290                __aeabi_drsub
                0x08000298                __aeabi_dsub
                0x08000298                __subdf3
                0x0800029c                __aeabi_dadd
                0x0800029c                __adddf3
                0x08000514                __floatunsidf
                0x08000514                __aeabi_ui2d
                0x08000534                __floatsidf
                0x08000534                __aeabi_i2d
                0x08000558                __aeabi_f2d
                0x08000558                __extendsfdf2
                0x0800059c                __floatundidf
                0x0800059c                __aeabi_ul2d
                0x080005ac                __floatdidf
                0x080005ac                __aeabi_l2d
 .text          0x08000608      0x424 C:/ST/STM32CubeIDE_1.13.1/STM32CubeIDE/plugins/com.st.stm32cube.ide.mcu.externaltools.gnu-tools-for-stm32.12.3.rel1.win32_1.0.200.202406191623/tools/bin/../lib/gcc/arm-none-eabi/12.3.1/thumb/v7e-m+fp/hard\libgcc.a(_arm_muldivdf3.o)
                0x08000608                __aeabi_dmul
                0x08000608                __muldf3
                0x0800085c                __divdf3
                0x0800085c                __aeabi_ddiv
 .text          0x08000a2c      0x110 C:/ST/STM32CubeIDE_1.13.1/STM32CubeIDE/plugins/com.st.stm32cube.ide.mcu.externaltools.gnu-tools-for-stm32.12.3.rel1.win32_1.0.200.202406191623/tools/bin/../lib/gcc/arm-none-eabi/12.3.1/thumb/v7e-m+fp/hard\libgcc.a(_arm_cmpdf2.o)
                0x08000a2c                __gtdf2
                0x08000a2c                __gedf2
                0x08000a34                __ltdf2
                0x08000a34                __ledf2
                0x08000a3c                __nedf2
                0x08000a3c                __eqdf2
                0x08000a3c                __cmpdf2
                0x08000ab8                __aeabi_cdrcmple
                0x08000ac8                __aeabi_cdcmpeq
                0x08000ac8                __aeabi_cdcmple
                0x08000ad8                __aeabi_dcmpeq
                0x08000aec                __aeabi_dcmplt
                0x08000b00                __aeabi_dcmple
                0x08000b14                __aeabi_dcmpge
                0x08000b28                __aeabi_dcmpgt
 .text          0x08000b3c       0x2c C:/ST/STM32CubeIDE_1.13.1/STM32CubeIDE/plugins/com.st.stm32cube.ide.mcu.externaltools.gnu-tools-for-stm32.12.3.rel1.win32_1.0.200.202406191623/tools/bin/../lib/gcc/arm-none-eabi/12.3.1/thumb/v7e-m+fp/hard\libgcc.a(_arm_unorddf2.o)
                0x08000b3c                __unorddf2
                0x08000b3c                __aeabi_dcmpun
 .text          0x08000b68       0x50 C:/ST/STM32CubeIDE_1.13.1/STM32CubeIDE/plugins/com.st.stm32cube.ide.mcu.externaltools.gnu-tools-for-stm32.12.3.rel1.win32_1.0.200.202406191623/tools/bin/../lib/gcc/arm-none-eabi/12.3.1/thumb/v7e-m+fp/hard\libgcc.a(_arm_fixdfsi.o)
                0x08000b68                __aeabi_d2iz
                0x08000b68                __fixdfsi
 .text          0x08000bb8       0x30 C:/ST/STM32CubeIDE_1.13.1/STM32CubeIDE/plugins/com.st.stm32cube.ide.mcu.externaltools.gnu-tools-for-stm32.12.3.rel1.win32_1.0.200.202406191623/tools/bin/../lib/gcc/arm-none-eabi/12.3.1/thumb/v7e-m+fp/hard\libgcc.a(_aeabi_uldivmod.o)
                0x08000bb8                __aeabi_uldivmod
 .text          0x08000be8      0x2bc C:/ST/STM32CubeIDE_1.13.1/STM32CubeIDE/plugins/com.st.stm32cube.ide.mcu.externaltools.gnu-tools-for-stm32.12.3.rel1.win32_1.0.200.202406191623/tools/bin/../lib/gcc/arm-none-eabi/12.3.1/thumb/v7e-m+fp/hard\libgcc.a(_udivmoddi4.o)
                0x08000be8                __udivmoddi4
 .text          0x08000ea4        0x4 C:/ST/STM32CubeIDE_1.13.1/STM32CubeIDE/plugins/com.st.stm32cube.ide.mcu.externaltools.gnu-tools-for-stm32.12.3.rel1.win32_1.0.200.202406191623/tools/bin/../lib/gcc/arm-none-eabi/12.3.1/thumb/v7e-m+fp/hard\libgcc.a(_dvmd_tls.o)
                0x08000ea4                __aeabi_idiv0
                0x08000ea4                __aeabi_ldiv0
 *(.text*)
 .text._ZN15CManejadorBotonC2Ev
                0x08000ea8       0x40 ./Core/Inc/Boton/CManejadorBoton.o
                0x08000ea8                CManejadorBoton::CManejadorBoton()
                0x08000ea8                CManejadorBoton::CManejadorBoton()
 .text._ZN15CManejadorBotonD2Ev
                0x08000ee8       0x20 ./Core/Inc/Boton/CManejadorBoton.o
                0x08000ee8                CManejadorBoton::~CManejadorBoton()
                0x08000ee8                CManejadorBoton::~CManejadorBoton()
 .text._ZN15CManejadorBotonD0Ev
                0x08000f08       0x20 ./Core/Inc/Boton/CManejadorBoton.o
                0x08000f08                CManejadorBoton::~CManejadorBoton()
 .text._ZN15CManejadorBoton10ConfigurarEP12GPIO_TypeDefth
                0x08000f28       0x34 ./Core/Inc/Boton/CManejadorBoton.o
                0x08000f28                CManejadorBoton::Configurar(GPIO_TypeDef*, unsigned short, unsigned char)
 .text._ZN15CManejadorBoton4InitEv
                0x08000f5c       0x3e ./Core/Inc/Boton/CManejadorBoton.o
                0x08000f5c                CManejadorBoton::Init()
 .text._ZN15CManejadorBoton4LeerEv
                0x08000f9a       0x22 ./Core/Inc/Boton/CManejadorBoton.o
                0x08000f9a                CManejadorBoton::Leer()
 .text._ZN15CManejadorBoton22AsignaManejadorEventosEP22CManejadorEventosBoton
                0x08000fbc       0x1c ./Core/Inc/Boton/CManejadorBoton.o
                0x08000fbc                CManejadorBoton::AsignaManejadorEventos(CManejadorEventosBoton*)
 .text._ZN15CManejadorBoton7ProcesaEi
                0x08000fd8       0x80 ./Core/Inc/Boton/CManejadorBoton.o
                0x08000fd8                CManejadorBoton::Procesa(int)
 .text._ZN22CManejadorEventosBotonC2Ev
                0x08001058       0x20 ./Core/Inc/Boton/CManejadorEventosBoton.o
                0x08001058                CManejadorEventosBoton::CManejadorEventosBoton()
                0x08001058                CManejadorEventosBoton::CManejadorEventosBoton()
 .text._ZN22CManejadorEventosBotonD2Ev
                0x08001078       0x20 ./Core/Inc/Boton/CManejadorEventosBoton.o
                0x08001078                CManejadorEventosBoton::~CManejadorEventosBoton()
                0x08001078                CManejadorEventosBoton::~CManejadorEventosBoton()
 .text._ZN22CManejadorEventosBotonD0Ev
                0x08001098       0x20 ./Core/Inc/Boton/CManejadorEventosBoton.o
                0x08001098                CManejadorEventosBoton::~CManejadorEventosBoton()
 .text._ZN22CManejadorEventosBoton17OnBotonClickEventEi
                0x080010b8       0x16 ./Core/Inc/Boton/CManejadorEventosBoton.o
                0x080010b8                CManejadorEventosBoton::OnBotonClickEvent(int)
 *fill*         0x080010ce        0x2 
 .text._ZN10CalefactorC2Ev
                0x080010d0       0x28 ./Core/Inc/Calefactor/Calefactor.o
                0x080010d0                Calefactor::Calefactor()
                0x080010d0                Calefactor::Calefactor()
 .text._ZN10CalefactorD2Ev
                0x080010f8       0x20 ./Core/Inc/Calefactor/Calefactor.o
                0x080010f8                Calefactor::~Calefactor()
                0x080010f8                Calefactor::~Calefactor()
 .text._ZN10CalefactorD0Ev
                0x08001118       0x20 ./Core/Inc/Calefactor/Calefactor.o
                0x08001118                Calefactor::~Calefactor()
 .text._ZN10Calefactor10ConfigurarEP12GPIO_TypeDeft
                0x08001138       0x26 ./Core/Inc/Calefactor/Calefactor.o
                0x08001138                Calefactor::Configurar(GPIO_TypeDef*, unsigned short)
 .text._ZN10Calefactor4InitEv
                0x0800115e       0x48 ./Core/Inc/Calefactor/Calefactor.o
                0x0800115e                Calefactor::Init()
 .text._ZN10Calefactor8EncenderEv
                0x080011a6       0x26 ./Core/Inc/Calefactor/Calefactor.o
                0x080011a6                Calefactor::Encender()
 .text._ZN10Calefactor6ApagarEv
                0x080011cc       0x26 ./Core/Inc/Calefactor/Calefactor.o
                0x080011cc                Calefactor::Apagar()
 *fill*         0x080011f2        0x2 
 .text._ZN20ControlVelocidadAireC2Ev
                0x080011f4       0x20 ./Core/Inc/ControlVelocidadAire/ControlVelocidadAire.o
                0x080011f4                ControlVelocidadAire::ControlVelocidadAire()
                0x080011f4                ControlVelocidadAire::ControlVelocidadAire()
 .text._ZN20ControlVelocidadAireD2Ev
                0x08001214       0x20 ./Core/Inc/ControlVelocidadAire/ControlVelocidadAire.o
                0x08001214                ControlVelocidadAire::~ControlVelocidadAire()
                0x08001214                ControlVelocidadAire::~ControlVelocidadAire()
 .text._ZN20ControlVelocidadAireD0Ev
                0x08001234       0x20 ./Core/Inc/ControlVelocidadAire/ControlVelocidadAire.o
                0x08001234                ControlVelocidadAire::~ControlVelocidadAire()
 .text._ZN20ControlVelocidadAire10InicializaEv
                0x08001254       0xf4 ./Core/Inc/ControlVelocidadAire/ControlVelocidadAire.o
                0x08001254                ControlVelocidadAire::Inicializa()
 .text._ZN20ControlVelocidadAire12LeeVelocidadEv
                0x08001348       0x44 ./Core/Inc/ControlVelocidadAire/ControlVelocidadAire.o
                0x08001348                ControlVelocidadAire::LeeVelocidad()
 .text._ZN20ControlVelocidadAire13Error_HandlerEv
                0x0800138c       0x14 ./Core/Inc/ControlVelocidadAire/ControlVelocidadAire.o
                0x0800138c                ControlVelocidadAire::Error_Handler()
 .text._ZN8CEncoderC2Ev
                0x080013a0       0x48 ./Core/Inc/Encoder/CEncoder.o
                0x080013a0                CEncoder::CEncoder()
                0x080013a0                CEncoder::CEncoder()
 .text._ZN8CEncoderD2Ev
                0x080013e8       0x24 ./Core/Inc/Encoder/CEncoder.o
                0x080013e8                CEncoder::~CEncoder()
                0x080013e8                CEncoder::~CEncoder()
 .text._ZN8CEncoderD0Ev
                0x0800140c       0x20 ./Core/Inc/Encoder/CEncoder.o
                0x0800140c                CEncoder::~CEncoder()
 .text._ZN8CEncoder10ConfigurarEP12GPIO_TypeDeftS1_tS1_ti
                0x0800142c       0x82 ./Core/Inc/Encoder/CEncoder.o
                0x0800142c                CEncoder::Configurar(GPIO_TypeDef*, unsigned short, GPIO_TypeDef*, unsigned short, GPIO_TypeDef*, unsigned short, int)
 .text._ZN8CEncoder6LeeClkEv
                0x080014ae       0x22 ./Core/Inc/Encoder/CEncoder.o
                0x080014ae                CEncoder::LeeClk()
 .text._ZN8CEncoder5LeeDtEv
                0x080014d0       0x22 ./Core/Inc/Encoder/CEncoder.o
                0x080014d0                CEncoder::LeeDt()
 .text._ZN8CEncoder4InitEv
                0x080014f2       0x7c ./Core/Inc/Encoder/CEncoder.o
                0x080014f2                CEncoder::Init()
 .text._ZN8CEncoder22AsignaManejadorEventosEP24CManejadorEventosEncoder
                0x0800156e       0x1c ./Core/Inc/Encoder/CEncoder.o
                0x0800156e                CEncoder::AsignaManejadorEventos(CManejadorEventosEncoder*)
 .text._ZN8CEncoder17OnBotonClickEventEi
                0x0800158a       0x30 ./Core/Inc/Encoder/CEncoder.o
                0x0800158a                CEncoder::OnBotonClickEvent(int)
 .text._ZN8CEncoder7ProcesaEi
                0x080015ba       0x26 ./Core/Inc/Encoder/CEncoder.o
                0x080015ba                CEncoder::Procesa(int)
 .text._ZN8CEncoder10leeEncoderEi
                0x080015e0       0x70 ./Core/Inc/Encoder/CEncoder.o
                0x080015e0                CEncoder::leeEncoder(int)
 .text._ZN8CEncoder10incrementaEv
                0x08001650       0x26 ./Core/Inc/Encoder/CEncoder.o
                0x08001650                CEncoder::incrementa()
 .text._ZN8CEncoder10decrementaEv
                0x08001676       0x26 ./Core/Inc/Encoder/CEncoder.o
                0x08001676                CEncoder::decrementa()
 .text._ZN24CManejadorEventosEncoderC2Ev
                0x0800169c       0x20 ./Core/Inc/Encoder/CManejadorEventosEncoder.o
                0x0800169c                CManejadorEventosEncoder::CManejadorEventosEncoder()
                0x0800169c                CManejadorEventosEncoder::CManejadorEventosEncoder()
 .text._ZN24CManejadorEventosEncoderD2Ev
                0x080016bc       0x20 ./Core/Inc/Encoder/CManejadorEventosEncoder.o
                0x080016bc                CManejadorEventosEncoder::~CManejadorEventosEncoder()
                0x080016bc                CManejadorEventosEncoder::~CManejadorEventosEncoder()
 .text._ZN24CManejadorEventosEncoderD0Ev
                0x080016dc       0x20 ./Core/Inc/Encoder/CManejadorEventosEncoder.o
                0x080016dc                CManejadorEventosEncoder::~CManejadorEventosEncoder()
 .text._ZN24CManejadorEventosEncoder19OnIncrementoEncoderEi
                0x080016fc       0x16 ./Core/Inc/Encoder/CManejadorEventosEncoder.o
                0x080016fc                CManejadorEventosEncoder::OnIncrementoEncoder(int)
 .text._ZN24CManejadorEventosEncoder19OnDecrementoEncoderEi
                0x08001712       0x16 ./Core/Inc/Encoder/CManejadorEventosEncoder.o
                0x08001712                CManejadorEventosEncoder::OnDecrementoEncoder(int)
 .text._ZN24CManejadorEventosEncoder24OnBotonEncoderClickEventEi
                0x08001728       0x16 ./Core/Inc/Encoder/CManejadorEventosEncoder.o
                0x08001728                CManejadorEventosEncoder::OnBotonEncoderClickEvent(int)
 *fill*         0x0800173e        0x2 
 .text._ZN13CEstacionBaseC2Ev
                0x08001740       0x28 ./Core/Inc/Estaciones/CEstacionBase.o
                0x08001740                CEstacionBase::CEstacionBase()
                0x08001740                CEstacionBase::CEstacionBase()
 .text._ZN13CEstacionBaseD2Ev
                0x08001768       0x20 ./Core/Inc/Estaciones/CEstacionBase.o
                0x08001768                CEstacionBase::~CEstacionBase()
                0x08001768                CEstacionBase::~CEstacionBase()
 .text._ZN13CEstacionBaseD0Ev
                0x08001788       0x20 ./Core/Inc/Estaciones/CEstacionBase.o
                0x08001788                CEstacionBase::~CEstacionBase()
 .text._ZN13CEstacionBase19GetTemperaturaRealxEv
                0x080017a8       0x1e ./Core/Inc/Estaciones/CEstacionBase.o
                0x080017a8                CEstacionBase::GetTemperaturaRealx()
 .text._ZN13CEstacionBase14SetTemperaturaEi
                0x080017c6       0x16 ./Core/Inc/Estaciones/CEstacionBase.o
                0x080017c6                CEstacionBase::SetTemperatura(int)
 .text._ZN13CEstacionBase14GetTemperaturaEv
                0x080017dc       0x16 ./Core/Inc/Estaciones/CEstacionBase.o
                0x080017dc                CEstacionBase::GetTemperatura()
 .text._ZN13CEstacionBase12SetNivelAireEi
                0x080017f2       0x16 ./Core/Inc/Estaciones/CEstacionBase.o
                0x080017f2                CEstacionBase::SetNivelAire(int)
 .text._ZN13CEstacionBase12GetNivelAireEv
                0x08001808       0x16 ./Core/Inc/Estaciones/CEstacionBase.o
                0x08001808                CEstacionBase::GetNivelAire()
 .text._ZN13CEstacionBase9GetEstadoEv
                0x0800181e       0x16 ./Core/Inc/Estaciones/CEstacionBase.o
                0x0800181e                CEstacionBase::GetEstado()
 .text._ZN13CEstacionBase21IncrementaTemperaturaEv
                0x08001834       0x14 ./Core/Inc/Estaciones/CEstacionBase.o
                0x08001834                CEstacionBase::IncrementaTemperatura()
 .text._ZN13CEstacionBase21DecrementaTemperaturaEv
                0x08001848       0x14 ./Core/Inc/Estaciones/CEstacionBase.o
                0x08001848                CEstacionBase::DecrementaTemperatura()
 .text._ZN13CEstacionBase21SetManejadorControlesEP26CManejadorEventosControles
                0x0800185c       0x1c ./Core/Inc/Estaciones/CEstacionBase.o
                0x0800185c                CEstacionBase::SetManejadorControles(CManejadorEventosControles*)
 .text._ZN13CEstacionBase7ProcesaEv
                0x08001878       0x14 ./Core/Inc/Estaciones/CEstacionBase.o
                0x08001878                CEstacionBase::Procesa()
 .text._ZN13CEstacionBase14NivelAireEventEi
                0x0800188c       0x30 ./Core/Inc/Estaciones/CEstacionBase.o
                0x0800188c                CEstacionBase::NivelAireEvent(int)
 .text._ZN13CEstacionBase20TemperaturaRealEventEi
                0x080018bc       0x30 ./Core/Inc/Estaciones/CEstacionBase.o
                0x080018bc                CEstacionBase::TemperaturaRealEvent(int)
 .text._ZN13CEstacionBase17ActivarCalefactorEv
                0x080018ec       0x14 ./Core/Inc/Estaciones/CEstacionBase.o
                0x080018ec                CEstacionBase::ActivarCalefactor()
 .text._ZN13CEstacionBase20DesactivarCalefactorEv
                0x08001900       0x14 ./Core/Inc/Estaciones/CEstacionBase.o
                0x08001900                CEstacionBase::DesactivarCalefactor()
 .text._ZN13CEstacionBase10CruceXCeroEi
                0x08001914       0x16 ./Core/Inc/Estaciones/CEstacionBase.o
                0x08001914                CEstacionBase::CruceXCero(int)
 .text._ZN13CEstacionBase9TimerTickEv
                0x0800192a       0x14 ./Core/Inc/Estaciones/CEstacionBase.o
                0x0800192a                CEstacionBase::TimerTick()
 .text._ZN13CEstacionBase6GetPIDEv
                0x0800193e       0x16 ./Core/Inc/Estaciones/CEstacionBase.o
                0x0800193e                CEstacionBase::GetPID()
 .text._ZN13CEstacionBase6SetPIDEi
                0x08001954       0x16 ./Core/Inc/Estaciones/CEstacionBase.o
                0x08001954                CEstacionBase::SetPID(int)
 .text._ZN13CEstacionBase17GPIO_INTERRUPCIONEi
                0x0800196a       0x16 ./Core/Inc/Estaciones/CEstacionBase.o
                0x0800196a                CEstacionBase::GPIO_INTERRUPCION(int)
 .text._ZN13CEstacionBase23QuitaManejadorControlesEv
                0x08001980       0x1a ./Core/Inc/Estaciones/CEstacionBase.o
                0x08001980                CEstacionBase::QuitaManejadorControles()
 *fill*         0x0800199a        0x2 
 .text._ZN16CestacionBaku601D2Ev
                0x0800199c       0x58 ./Core/Inc/Estaciones/CestacionBaku601.o
                0x0800199c                CestacionBaku601::~CestacionBaku601()
                0x0800199c                CestacionBaku601::~CestacionBaku601()
 .text._ZThn8_N16CestacionBaku601D1Ev
                0x080019f4        0x8 ./Core/Inc/Estaciones/CestacionBaku601.o
                0x080019f4                non-virtual thunk to CestacionBaku601::~CestacionBaku601()
 .text._ZN16CestacionBaku601D0Ev
                0x080019fc       0x22 ./Core/Inc/Estaciones/CestacionBaku601.o
                0x080019fc                CestacionBaku601::~CestacionBaku601()
 .text._ZThn8_N16CestacionBaku601D0Ev
                0x08001a1e        0x8 ./Core/Inc/Estaciones/CestacionBaku601.o
                0x08001a1e                non-virtual thunk to CestacionBaku601::~CestacionBaku601()
 *fill*         0x08001a26        0x2 
 .text._ZN16CestacionBaku601C2Ev
                0x08001a28      0x198 ./Core/Inc/Estaciones/CestacionBaku601.o
                0x08001a28                CestacionBaku601::CestacionBaku601()
                0x08001a28                CestacionBaku601::CestacionBaku601()
 .text._ZN16CestacionBaku60119GetTemperaturaRealxEv
                0x08001bc0       0x24 ./Core/Inc/Estaciones/CestacionBaku601.o
                0x08001bc0                CestacionBaku601::GetTemperaturaRealx()
 .text._ZN16CestacionBaku60114SetTemperaturaEi
                0x08001be4       0x1c ./Core/Inc/Estaciones/CestacionBaku601.o
                0x08001be4                CestacionBaku601::SetTemperatura(int)
 .text._ZN16CestacionBaku60114GetTemperaturaEv
                0x08001c00       0x18 ./Core/Inc/Estaciones/CestacionBaku601.o
                0x08001c00                CestacionBaku601::GetTemperatura()
 .text._ZN16CestacionBaku60112SetNivelAireEi
                0x08001c18       0x1e ./Core/Inc/Estaciones/CestacionBaku601.o
                0x08001c18                CestacionBaku601::SetNivelAire(int)
 .text._ZN16CestacionBaku60112GetNivelAireEv
                0x08001c36       0x1a ./Core/Inc/Estaciones/CestacionBaku601.o
                0x08001c36                CestacionBaku601::GetNivelAire()
 .text._ZN16CestacionBaku6019GetEstadoEv
                0x08001c50       0x1c ./Core/Inc/Estaciones/CestacionBaku601.o
                0x08001c50                CestacionBaku601::GetEstado()
 .text._ZN16CestacionBaku60121IncrementaTemperaturaEv
                0x08001c6c       0x2a ./Core/Inc/Estaciones/CestacionBaku601.o
                0x08001c6c                CestacionBaku601::IncrementaTemperatura()
 .text._ZN16CestacionBaku60121DecrementaTemperaturaEv
                0x08001c96       0x26 ./Core/Inc/Estaciones/CestacionBaku601.o
                0x08001c96                CestacionBaku601::DecrementaTemperatura()
 .text._ZN16CestacionBaku60117ActivarCalefactorEv
                0x08001cbc       0x1a ./Core/Inc/Estaciones/CestacionBaku601.o
                0x08001cbc                CestacionBaku601::ActivarCalefactor()
 .text._ZN16CestacionBaku60120DesactivarCalefactorEv
                0x08001cd6       0x1a ./Core/Inc/Estaciones/CestacionBaku601.o
                0x08001cd6                CestacionBaku601::DesactivarCalefactor()
 .text._ZN16CestacionBaku60123OnSensorMagneticoChangeEi
                0x08001cf0       0x16 ./Core/Inc/Estaciones/CestacionBaku601.o
                0x08001cf0                CestacionBaku601::OnSensorMagneticoChange(int)
 .text._ZThn8_N16CestacionBaku60123OnSensorMagneticoChangeEi
                0x08001d06        0x8 ./Core/Inc/Estaciones/CestacionBaku601.o
                0x08001d06                non-virtual thunk to CestacionBaku601::OnSensorMagneticoChange(int)
 .text._ZN16CestacionBaku6017ProcesaEv
                0x08001d0e       0x22 ./Core/Inc/Estaciones/CestacionBaku601.o
                0x08001d0e                CestacionBaku601::Procesa()
 .text._ZN16CestacionBaku60118ProcesaTemperaturaEv
                0x08001d30       0x2e ./Core/Inc/Estaciones/CestacionBaku601.o
                0x08001d30                CestacionBaku601::ProcesaTemperatura()
 .text._ZN16CestacionBaku60111procesaAireEv
                0x08001d5e       0x40 ./Core/Inc/Estaciones/CestacionBaku601.o
                0x08001d5e                CestacionBaku601::procesaAire()
 .text._ZN16CestacionBaku60117ProcesaCalefactorEv
                0x08001d9e      0x14a ./Core/Inc/Estaciones/CestacionBaku601.o
                0x08001d9e                CestacionBaku601::ProcesaCalefactor()
 .text._ZN16CestacionBaku60119EnfriaYApagaPistolaEv
                0x08001ee8       0xe0 ./Core/Inc/Estaciones/CestacionBaku601.o
                0x08001ee8                CestacionBaku601::EnfriaYApagaPistola()
 .text._ZN16CestacionBaku60110CruceXCeroEi
                0x08001fc8       0x86 ./Core/Inc/Estaciones/CestacionBaku601.o
                0x08001fc8                CestacionBaku601::CruceXCero(int)
 .text._ZN16CestacionBaku6019TimerTickEv
                0x0800204e       0x26 ./Core/Inc/Estaciones/CestacionBaku601.o
                0x0800204e                CestacionBaku601::TimerTick()
 .text._ZN16CestacionBaku6016GetPIDEv
                0x08002074       0x18 ./Core/Inc/Estaciones/CestacionBaku601.o
                0x08002074                CestacionBaku601::GetPID()
 .text._ZN16CestacionBaku6016SetPIDEi
                0x0800208c       0x1c ./Core/Inc/Estaciones/CestacionBaku601.o
                0x0800208c                CestacionBaku601::SetPID(int)
 .text._ZN16CestacionBaku60117GPIO_INTERRUPCIONEi
                0x080020a8       0x20 ./Core/Inc/Estaciones/CestacionBaku601.o
                0x080020a8                CestacionBaku601::GPIO_INTERRUPCION(int)
 .text._ZN18CComponenteBaseTftC2Ev
                0x080020c8       0x34 ./Core/Inc/GUI/CComponenteBaseTft.o
                0x080020c8                CComponenteBaseTft::CComponenteBaseTft()
                0x080020c8                CComponenteBaseTft::CComponenteBaseTft()
 .text._ZN18CComponenteBaseTftD2Ev
                0x080020fc       0x20 ./Core/Inc/GUI/CComponenteBaseTft.o
                0x080020fc                CComponenteBaseTft::~CComponenteBaseTft()
                0x080020fc                CComponenteBaseTft::~CComponenteBaseTft()
 .text._ZN18CComponenteBaseTftD0Ev
                0x0800211c       0x20 ./Core/Inc/GUI/CComponenteBaseTft.o
                0x0800211c                CComponenteBaseTft::~CComponenteBaseTft()
 .text._ZN18CComponenteBaseTft9drawPixelEsst
                0x0800213c       0x26 ./Core/Inc/GUI/CComponenteBaseTft.o
                0x0800213c                CComponenteBaseTft::drawPixel(short, short, unsigned short)
 .text._ZN18CComponenteBaseTft10startWriteEv
                0x08002162       0x14 ./Core/Inc/GUI/CComponenteBaseTft.o
                0x08002162                CComponenteBaseTft::startWrite()
 .text._ZN18CComponenteBaseTft10writePixelEsst
                0x08002176       0x26 ./Core/Inc/GUI/CComponenteBaseTft.o
                0x08002176                CComponenteBaseTft::writePixel(short, short, unsigned short)
 .text._ZN18CComponenteBaseTft13writeFillRectEsssst
                0x0800219c       0x26 ./Core/Inc/GUI/CComponenteBaseTft.o
                0x0800219c                CComponenteBaseTft::writeFillRect(short, short, short, short, unsigned short)
 .text._ZN18CComponenteBaseTft14writeFastVLineEssst
                0x080021c2       0x26 ./Core/Inc/GUI/CComponenteBaseTft.o
                0x080021c2                CComponenteBaseTft::writeFastVLine(short, short, short, unsigned short)
 .text._ZN18CComponenteBaseTft14writeFastHLineEssst
                0x080021e8       0x26 ./Core/Inc/GUI/CComponenteBaseTft.o
                0x080021e8                CComponenteBaseTft::writeFastHLine(short, short, short, unsigned short)
 .text._ZN18CComponenteBaseTft9writeLineEsssst
                0x0800220e       0x26 ./Core/Inc/GUI/CComponenteBaseTft.o
                0x0800220e                CComponenteBaseTft::writeLine(short, short, short, short, unsigned short)
 .text._ZN18CComponenteBaseTft8endWriteEv
                0x08002234       0x14 ./Core/Inc/GUI/CComponenteBaseTft.o
                0x08002234                CComponenteBaseTft::endWrite()
 .text._ZN18CComponenteBaseTft11setRotationEh
                0x08002248       0x18 ./Core/Inc/GUI/CComponenteBaseTft.o
                0x08002248                CComponenteBaseTft::setRotation(unsigned char)
 .text._ZN18CComponenteBaseTft13invertDisplayEb
                0x08002260       0x18 ./Core/Inc/GUI/CComponenteBaseTft.o
                0x08002260                CComponenteBaseTft::invertDisplay(bool)
 .text._ZN18CComponenteBaseTft13drawFastVLineEssst
                0x08002278       0x26 ./Core/Inc/GUI/CComponenteBaseTft.o
                0x08002278                CComponenteBaseTft::drawFastVLine(short, short, short, unsigned short)
 .text._ZN18CComponenteBaseTft13drawFastHLineEssst
                0x0800229e       0x26 ./Core/Inc/GUI/CComponenteBaseTft.o
                0x0800229e                CComponenteBaseTft::drawFastHLine(short, short, short, unsigned short)
 .text._ZN18CComponenteBaseTft10fillScreenEt
                0x080022c4       0x18 ./Core/Inc/GUI/CComponenteBaseTft.o
                0x080022c4                CComponenteBaseTft::fillScreen(unsigned short)
 .text._ZN18CComponenteBaseTft8drawLineEsssst
                0x080022dc       0x26 ./Core/Inc/GUI/CComponenteBaseTft.o
                0x080022dc                CComponenteBaseTft::drawLine(short, short, short, short, unsigned short)
 .text._ZN18CComponenteBaseTft5widthEv
                0x08002302       0x18 ./Core/Inc/GUI/CComponenteBaseTft.o
                0x08002302                CComponenteBaseTft::width()
 .text._ZN18CComponenteBaseTft6heightEv
                0x0800231a       0x16 ./Core/Inc/GUI/CComponenteBaseTft.o
                0x0800231a                CComponenteBaseTft::height()
 .text._ZN18CComponenteBaseTft8fillRectEsssst
                0x08002330       0x42 ./Core/Inc/GUI/CComponenteBaseTft.o
                0x08002330                CComponenteBaseTft::fillRect(short, short, short, short, unsigned short)
 .text._ZN18CComponenteBaseTft8drawRectEsssst
                0x08002372       0x42 ./Core/Inc/GUI/CComponenteBaseTft.o
                0x08002372                CComponenteBaseTft::drawRect(short, short, short, short, unsigned short)
 .text._ZN18CComponenteBaseTft9setCursorEss
                0x080023b4       0x2c ./Core/Inc/GUI/CComponenteBaseTft.o
                0x080023b4                CComponenteBaseTft::setCursor(short, short)
 .text._ZN18CComponenteBaseTft11setTextSizeEh
                0x080023e0       0x1e ./Core/Inc/GUI/CComponenteBaseTft.o
                0x080023e0                CComponenteBaseTft::setTextSize(unsigned char)
 .text._ZN18CComponenteBaseTft12setTextColorEt
                0x080023fe       0x1e ./Core/Inc/GUI/CComponenteBaseTft.o
                0x080023fe                CComponenteBaseTft::setTextColor(unsigned short)
 .text._ZN18CComponenteBaseTft5printEPc
                0x0800241c       0x3a ./Core/Inc/GUI/CComponenteBaseTft.o
                0x0800241c                CComponenteBaseTft::print(char*)
 *fill*         0x08002456        0x2 
 .text._ZN12CEtiquetaTftD2Ev
                0x08002458       0x24 ./Core/Inc/GUI/CEtiquetaTft.o
                0x08002458                CEtiquetaTft::~CEtiquetaTft()
                0x08002458                CEtiquetaTft::~CEtiquetaTft()
 .text._ZN12CEtiquetaTftD0Ev
                0x0800247c       0x20 ./Core/Inc/GUI/CEtiquetaTft.o
                0x0800247c                CEtiquetaTft::~CEtiquetaTft()
 .text._ZN12CEtiquetaTftC2EiiiiiPciiii
                0x0800249c       0x74 ./Core/Inc/GUI/CEtiquetaTft.o
                0x0800249c                CEtiquetaTft::CEtiquetaTft(int, int, int, int, int, char*, int, int, int, int)
                0x0800249c                CEtiquetaTft::CEtiquetaTft(int, int, int, int, int, char*, int, int, int, int)
 .text._ZN12CEtiquetaTft8SetTextoEPcz
                0x08002510      0x26c ./Core/Inc/GUI/CEtiquetaTft.o
                0x08002510                CEtiquetaTft::SetTexto(char*, ...)
 .text._ZN12CEtiquetaTft13SetSeparacionEii
                0x0800277c       0x28 ./Core/Inc/GUI/CEtiquetaTft.o
                0x0800277c                CEtiquetaTft::SetSeparacion(int, int)
 .text._ZN12CEtiquetaTft13SetColorTextoEi
                0x080027a4       0x1e ./Core/Inc/GUI/CEtiquetaTft.o
                0x080027a4                CEtiquetaTft::SetColorTexto(int)
 .text._ZN12CEtiquetaTft4ShowEv
                0x080027c2       0x7a ./Core/Inc/GUI/CEtiquetaTft.o
                0x080027c2                CEtiquetaTft::Show()
 .text._ZN12CEtiquetaTft12SetBackColorEi
                0x0800283c       0x1c ./Core/Inc/GUI/CEtiquetaTft.o
                0x0800283c                CEtiquetaTft::SetBackColor(int)
 .text._ZN13CPantallaBaseD2Ev
                0x08002858       0x38 ./Core/Inc/GUI/CPantallaBase.o
                0x08002858                CPantallaBase::~CPantallaBase()
                0x08002858                CPantallaBase::~CPantallaBase()
 .text._ZThn48_N13CPantallaBaseD1Ev
                0x08002890        0x8 ./Core/Inc/GUI/CPantallaBase.o
                0x08002890                non-virtual thunk to CPantallaBase::~CPantallaBase()
 .text._ZN13CPantallaBaseD0Ev
                0x08002898       0x20 ./Core/Inc/GUI/CPantallaBase.o
                0x08002898                CPantallaBase::~CPantallaBase()
 .text._ZThn48_N13CPantallaBaseD0Ev
                0x080028b8        0x8 ./Core/Inc/GUI/CPantallaBase.o
                0x080028b8                non-virtual thunk to CPantallaBase::~CPantallaBase()
 .text._ZN13CPantallaBaseC2EiPc
                0x080028c0       0xe4 ./Core/Inc/GUI/CPantallaBase.o
                0x080028c0                CPantallaBase::CPantallaBase(int, char*)
                0x080028c0                CPantallaBase::CPantallaBase(int, char*)
 .text._ZN13CPantallaBase4ShowEv
                0x080029a4       0x22 ./Core/Inc/GUI/CPantallaBase.o
                0x080029a4                CPantallaBase::Show()
 .text._ZN13CPantallaBase8RefrescaEv
                0x080029c6       0x14 ./Core/Inc/GUI/CPantallaBase.o
                0x080029c6                CPantallaBase::Refresca()
 .text._ZN13CPantallaBase11SetEstacionEP13CEstacionBase
                0x080029da       0x4a ./Core/Inc/GUI/CPantallaBase.o
                0x080029da                CPantallaBase::SetEstacion(CEstacionBase*)
 .text._ZN13CPantallaBase7OcultarEv
                0x08002a24       0x36 ./Core/Inc/GUI/CPantallaBase.o
                0x08002a24                CPantallaBase::Ocultar()
 .text._ZN13CPantallaBase9EsVisibleEv
                0x08002a5a       0x1a ./Core/Inc/GUI/CPantallaBase.o
                0x08002a5a                CPantallaBase::EsVisible()
 .text._ZN13CPantallaBase10SetVisibleEb
                0x08002a74       0x2e ./Core/Inc/GUI/CPantallaBase.o
                0x08002a74                CPantallaBase::SetVisible(bool)
 .text._ZN13CPantallaBase21SetManejadorControlesEP19CManejadorControles
                0x08002aa2       0x40 ./Core/Inc/GUI/CPantallaBase.o
                0x08002aa2                CPantallaBase::SetManejadorControles(CManejadorControles*)
 *fill*         0x08002ae2        0x2 
 .text._ZN14CRectanguloTftD2Ev
                0x08002ae4       0x24 ./Core/Inc/GUI/CRectanguloTft.o
                0x08002ae4                CRectanguloTft::~CRectanguloTft()
                0x08002ae4                CRectanguloTft::~CRectanguloTft()
 .text._ZN14CRectanguloTftD0Ev
                0x08002b08       0x20 ./Core/Inc/GUI/CRectanguloTft.o
                0x08002b08                CRectanguloTft::~CRectanguloTft()
 .text._ZN14CRectanguloTftC2Eiiiiiii
                0x08002b28       0x64 ./Core/Inc/GUI/CRectanguloTft.o
                0x08002b28                CRectanguloTft::CRectanguloTft(int, int, int, int, int, int, int)
                0x08002b28                CRectanguloTft::CRectanguloTft(int, int, int, int, int, int, int)
 .text._ZN14CRectanguloTft4ShowEv
                0x08002b8c       0x7c ./Core/Inc/GUI/CRectanguloTft.o
                0x08002b8c                CRectanguloTft::Show()
 .text._ZN14CRectanguloTft14CambiaPosicionEii
                0x08002c08       0x24 ./Core/Inc/GUI/CRectanguloTft.o
                0x08002c08                CRectanguloTft::CambiaPosicion(int, int)
 .text._ZN14CRectanguloTft12RedimencionaEii
                0x08002c2c       0x24 ./Core/Inc/GUI/CRectanguloTft.o
                0x08002c2c                CRectanguloTft::Redimenciona(int, int)
 .text._ZN14CRectanguloTft13SetColorFondoEi
                0x08002c50       0x1c ./Core/Inc/GUI/CRectanguloTft.o
                0x08002c50                CRectanguloTft::SetColorFondo(int)
 .text._ZN14CRectanguloTft13DamePosicionXEv
                0x08002c6c       0x18 ./Core/Inc/GUI/CRectanguloTft.o
                0x08002c6c                CRectanguloTft::DamePosicionX()
 .text._ZN14CRectanguloTft13DamePosicionYEv
                0x08002c84       0x18 ./Core/Inc/GUI/CRectanguloTft.o
                0x08002c84                CRectanguloTft::DamePosicionY()
 .text._ZN14CRectanguloTft8DameAltoEv
                0x08002c9c       0x18 ./Core/Inc/GUI/CRectanguloTft.o
                0x08002c9c                CRectanguloTft::DameAlto()
 .text._ZN14CRectanguloTft11DameCentroXEv
                0x08002cb4       0x24 ./Core/Inc/GUI/CRectanguloTft.o
                0x08002cb4                CRectanguloTft::DameCentroX()
 .text._ZN26CConfigurarPantallaMemoriaC2Ev
                0x08002cd8      0x1dc ./Core/Inc/GUI/ConfigurarPantallaMemoria/CConfigurarPantallaMemoria.o
                0x08002cd8                CConfigurarPantallaMemoria::CConfigurarPantallaMemoria()
                0x08002cd8                CConfigurarPantallaMemoria::CConfigurarPantallaMemoria()
 .text._ZN26CConfigurarPantallaMemoriaD2Ev
                0x08002eb4       0x30 ./Core/Inc/GUI/ConfigurarPantallaMemoria/CConfigurarPantallaMemoria.o
                0x08002eb4                CConfigurarPantallaMemoria::~CConfigurarPantallaMemoria()
                0x08002eb4                CConfigurarPantallaMemoria::~CConfigurarPantallaMemoria()
 .text._ZThn48_N26CConfigurarPantallaMemoriaD1Ev
                0x08002ee4        0x8 ./Core/Inc/GUI/ConfigurarPantallaMemoria/CConfigurarPantallaMemoria.o
                0x08002ee4                non-virtual thunk to CConfigurarPantallaMemoria::~CConfigurarPantallaMemoria()
 .text._ZN26CConfigurarPantallaMemoriaD0Ev
                0x08002eec       0x20 ./Core/Inc/GUI/ConfigurarPantallaMemoria/CConfigurarPantallaMemoria.o
                0x08002eec                CConfigurarPantallaMemoria::~CConfigurarPantallaMemoria()
 .text._ZThn48_N26CConfigurarPantallaMemoriaD0Ev
                0x08002f0c        0x8 ./Core/Inc/GUI/ConfigurarPantallaMemoria/CConfigurarPantallaMemoria.o
                0x08002f0c                non-virtual thunk to CConfigurarPantallaMemoria::~CConfigurarPantallaMemoria()
 .text._ZN26CConfigurarPantallaMemoria4ShowEv
                0x08002f14       0xa8 ./Core/Inc/GUI/ConfigurarPantallaMemoria/CConfigurarPantallaMemoria.o
                0x08002f14                CConfigurarPantallaMemoria::Show()
 .text._ZN26CConfigurarPantallaMemoria8RefrescaEv
                0x08002fbc       0x48 ./Core/Inc/GUI/ConfigurarPantallaMemoria/CConfigurarPantallaMemoria.o
                0x08002fbc                CConfigurarPantallaMemoria::Refresca()
 .text._ZN26CConfigurarPantallaMemoria10SetMemoriaEi
                0x08003004       0x3c ./Core/Inc/GUI/ConfigurarPantallaMemoria/CConfigurarPantallaMemoria.o
                0x08003004                CConfigurarPantallaMemoria::SetMemoria(int)
 .text._ZN26CConfigurarPantallaMemoria15LeeDatosMemoriaEv
                0x08003040       0x94 ./Core/Inc/GUI/ConfigurarPantallaMemoria/CConfigurarPantallaMemoria.o
                0x08003040                CConfigurarPantallaMemoria::LeeDatosMemoria()
 .text._ZN26CConfigurarPantallaMemoria20DameDireccionMemoriaEv
                0x080030d4       0x44 ./Core/Inc/GUI/ConfigurarPantallaMemoria/CConfigurarPantallaMemoria.o
                0x080030d4                CConfigurarPantallaMemoria::DameDireccionMemoria()
 .text._ZN26CConfigurarPantallaMemoria18MuestraInformacionEv
                0x08003118       0xa4 ./Core/Inc/GUI/ConfigurarPantallaMemoria/CConfigurarPantallaMemoria.o
                0x08003118                CConfigurarPantallaMemoria::MuestraInformacion()
 .text._ZN26CConfigurarPantallaMemoria19OnPerillaIncrementoEv
                0x080031bc       0x2e ./Core/Inc/GUI/ConfigurarPantallaMemoria/CConfigurarPantallaMemoria.o
                0x080031bc                CConfigurarPantallaMemoria::OnPerillaIncremento()
 .text._ZThn48_N26CConfigurarPantallaMemoria19OnPerillaIncrementoEv
                0x080031ea        0x8 ./Core/Inc/GUI/ConfigurarPantallaMemoria/CConfigurarPantallaMemoria.o
                0x080031ea                non-virtual thunk to CConfigurarPantallaMemoria::OnPerillaIncremento()
 .text._ZN26CConfigurarPantallaMemoria19OnPerillaDecrementoEv
                0x080031f2       0x2c ./Core/Inc/GUI/ConfigurarPantallaMemoria/CConfigurarPantallaMemoria.o
                0x080031f2                CConfigurarPantallaMemoria::OnPerillaDecremento()
 .text._ZThn48_N26CConfigurarPantallaMemoria19OnPerillaDecrementoEv
                0x0800321e        0x8 ./Core/Inc/GUI/ConfigurarPantallaMemoria/CConfigurarPantallaMemoria.o
                0x0800321e                non-virtual thunk to CConfigurarPantallaMemoria::OnPerillaDecremento()
 *fill*         0x08003226        0x2 
 .text._ZN26CConfigurarPantallaMemoria20OnBotonUnoClickEventEv
                0x08003228       0x54 ./Core/Inc/GUI/ConfigurarPantallaMemoria/CConfigurarPantallaMemoria.o
                0x08003228                CConfigurarPantallaMemoria::OnBotonUnoClickEvent()
 .text._ZThn48_N26CConfigurarPantallaMemoria20OnBotonUnoClickEventEv
                0x0800327c        0x8 ./Core/Inc/GUI/ConfigurarPantallaMemoria/CConfigurarPantallaMemoria.o
                0x0800327c                non-virtual thunk to CConfigurarPantallaMemoria::OnBotonUnoClickEvent()
 .text._ZN26CConfigurarPantallaMemoria20OnBotonDosClickEventEv
                0x08003284       0x1c ./Core/Inc/GUI/ConfigurarPantallaMemoria/CConfigurarPantallaMemoria.o
                0x08003284                CConfigurarPantallaMemoria::OnBotonDosClickEvent()
 .text._ZThn48_N26CConfigurarPantallaMemoria20OnBotonDosClickEventEv
                0x080032a0        0x8 ./Core/Inc/GUI/ConfigurarPantallaMemoria/CConfigurarPantallaMemoria.o
                0x080032a0                non-virtual thunk to CConfigurarPantallaMemoria::OnBotonDosClickEvent()
 .text._ZN19CManejadorPantallasC2Ev
                0x080032a8       0x4c ./Core/Inc/GUI/ManejadorPantallas/CManejadorPantallas.o
                0x080032a8                CManejadorPantallas::CManejadorPantallas()
                0x080032a8                CManejadorPantallas::CManejadorPantallas()
 .text._ZN19CManejadorPantallasD2Ev
                0x080032f4       0x20 ./Core/Inc/GUI/ManejadorPantallas/CManejadorPantallas.o
                0x080032f4                CManejadorPantallas::~CManejadorPantallas()
                0x080032f4                CManejadorPantallas::~CManejadorPantallas()
 .text._ZN19CManejadorPantallasD0Ev
                0x08003314       0x20 ./Core/Inc/GUI/ManejadorPantallas/CManejadorPantallas.o
                0x08003314                CManejadorPantallas::~CManejadorPantallas()
 .text._ZN19CManejadorPantallas11SetEstacionEP13CEstacionBase
                0x08003334       0x1c ./Core/Inc/GUI/ManejadorPantallas/CManejadorPantallas.o
                0x08003334                CManejadorPantallas::SetEstacion(CEstacionBase*)
 .text._ZN19CManejadorPantallas21MuestraPantallaManualEv
                0x08003350       0x38 ./Core/Inc/GUI/ManejadorPantallas/CManejadorPantallas.o
                0x08003350                CManejadorPantallas::MuestraPantallaManual()
 .text._ZN19CManejadorPantallas20MuestraMenuPrincipalEv
                0x08003388       0x38 ./Core/Inc/GUI/ManejadorPantallas/CManejadorPantallas.o
                0x08003388                CManejadorPantallas::MuestraMenuPrincipal()
 .text._ZN19CManejadorPantallas16RefrescaPantallaEv
                0x080033c0       0x28 ./Core/Inc/GUI/ManejadorPantallas/CManejadorPantallas.o
                0x080033c0                CManejadorPantallas::RefrescaPantalla()
 .text._ZN19CManejadorPantallas20AsignaPantallaActualEP13CPantallaBase
                0x080033e8       0x24 ./Core/Inc/GUI/ManejadorPantallas/CManejadorPantallas.o
                0x080033e8                CManejadorPantallas::AsignaPantallaActual(CPantallaBase*)
 .text._ZN19CManejadorPantallas14CambiaPantallaEv
                0x0800340c       0x8c ./Core/Inc/GUI/ManejadorPantallas/CManejadorPantallas.o
                0x0800340c                CManejadorPantallas::CambiaPantalla()
 .text._ZN19CManejadorPantallas21SetManejadorControlesEP19CManejadorControles
                0x08003498       0x1c ./Core/Inc/GUI/ManejadorPantallas/CManejadorPantallas.o
                0x08003498                CManejadorPantallas::SetManejadorControles(CManejadorControles*)
 .text._ZN19CManejadorPantallas35MuestraPantallaConfiguracionMemoriaEi
                0x080034b4       0x4e ./Core/Inc/GUI/ManejadorPantallas/CManejadorPantallas.o
                0x080034b4                CManejadorPantallas::MuestraPantallaConfiguracionMemoria(int)
 .text._ZN19CManejadorPantallas22MuestraPantallaMemoriaEi
                0x08003502       0x48 ./Core/Inc/GUI/ManejadorPantallas/CManejadorPantallas.o
                0x08003502                CManejadorPantallas::MuestraPantallaMemoria(int)
 *fill*         0x0800354a        0x2 
 .text._ZN20CManejadorEventoMenuC2Ev
                0x0800354c       0x20 ./Core/Inc/GUI/Menu/CManejadorEventoMenu.o
                0x0800354c                CManejadorEventoMenu::CManejadorEventoMenu()
                0x0800354c                CManejadorEventoMenu::CManejadorEventoMenu()
 .text._ZN20CManejadorEventoMenuD2Ev
                0x0800356c       0x20 ./Core/Inc/GUI/Menu/CManejadorEventoMenu.o
                0x0800356c                CManejadorEventoMenu::~CManejadorEventoMenu()
                0x0800356c                CManejadorEventoMenu::~CManejadorEventoMenu()
 .text._ZN20CManejadorEventoMenuD0Ev
                0x0800358c       0x20 ./Core/Inc/GUI/Menu/CManejadorEventoMenu.o
                0x0800358c                CManejadorEventoMenu::~CManejadorEventoMenu()
 .text._ZN20CManejadorEventoMenu11OnMenuEventEi
                0x080035ac       0x16 ./Core/Inc/GUI/Menu/CManejadorEventoMenu.o
                0x080035ac                CManejadorEventoMenu::OnMenuEvent(int)
 *fill*         0x080035c2        0x2 
 .text._ZN5CMenuC2Eiiiiiii
                0x080035c4       0x60 ./Core/Inc/GUI/Menu/CMenu.o
                0x080035c4                CMenu::CMenu(int, int, int, int, int, int, int)
                0x080035c4                CMenu::CMenu(int, int, int, int, int, int, int)
 .text._ZN5CMenuD2Ev
                0x08003624       0x24 ./Core/Inc/GUI/Menu/CMenu.o
                0x08003624                CMenu::~CMenu()
                0x08003624                CMenu::~CMenu()
 .text._ZN5CMenuD0Ev
                0x08003648       0x20 ./Core/Inc/GUI/Menu/CMenu.o
                0x08003648                CMenu::~CMenu()
 .text._ZN5CMenu4ShowEv
                0x08003668       0x4e ./Core/Inc/GUI/Menu/CMenu.o
                0x08003668                CMenu::Show()
 .text._ZN5CMenu18AsignaColoresItemsEiiii
                0x080036b6       0x32 ./Core/Inc/GUI/Menu/CMenu.o
                0x080036b6                CMenu::AsignaColoresItems(int, int, int, int)
 .text._ZN5CMenu8CreaItemEPcib
                0x080036e8       0x94 ./Core/Inc/GUI/Menu/CMenu.o
                0x080036e8                CMenu::CreaItem(char*, int, bool)
 .text._ZN5CMenu10AgregaItemEPcib
                0x0800377c       0x6c ./Core/Inc/GUI/Menu/CMenu.o
                0x0800377c                CMenu::AgregaItem(char*, int, bool)
 .text._ZN5CMenu21CalaculaPosicionItemsEP9CMenuItem
                0x080037e8       0x28 ./Core/Inc/GUI/Menu/CMenu.o
                0x080037e8                CMenu::CalaculaPosicionItems(CMenuItem*)
 .text._ZN5CMenu14SePuedeMostrarEP9CMenuItem
                0x08003810       0x3c ./Core/Inc/GUI/Menu/CMenu.o
                0x08003810                CMenu::SePuedeMostrar(CMenuItem*)
 .text._ZN5CMenu21OnSeleccionaSiguienteEv
                0x0800384c       0x9c ./Core/Inc/GUI/Menu/CMenu.o
                0x0800384c                CMenu::OnSeleccionaSiguiente()
 .text._ZN5CMenu20OnSeleccionaAnteriorEv
                0x080038e8       0xd6 ./Core/Inc/GUI/Menu/CMenu.o
                0x080038e8                CMenu::OnSeleccionaAnterior()
 .text._ZN5CMenu19OnClickSeleccionadoEv
                0x080039be       0x46 ./Core/Inc/GUI/Menu/CMenu.o
                0x080039be                CMenu::OnClickSeleccionado()
 .text._ZN5CMenu14CalculaPaginasEv
                0x08003a04       0x74 ./Core/Inc/GUI/Menu/CMenu.o
                0x08003a04                CMenu::CalculaPaginas()
 .text._ZN5CMenu13LimpiaPaginasEv
                0x08003a78       0x36 ./Core/Inc/GUI/Menu/CMenu.o
                0x08003a78                CMenu::LimpiaPaginas()
 .text._ZN5CMenu16EstaInicioPaginaEP9CMenuItem
                0x08003aae       0x40 ./Core/Inc/GUI/Menu/CMenu.o
                0x08003aae                CMenu::EstaInicioPagina(CMenuItem*)
 .text._ZN5CMenu26AsignaManejadorEventosMenuEP20CManejadorEventoMenu
                0x08003aee       0x1c ./Core/Inc/GUI/Menu/CMenu.o
                0x08003aee                CMenu::AsignaManejadorEventosMenu(CManejadorEventoMenu*)
 *fill*         0x08003b0a        0x2 
 .text._ZN9CMenuItemC2EP12CEtiquetaTftib
                0x08003b0c       0x48 ./Core/Inc/GUI/Menu/CMenuItem.o
                0x08003b0c                CMenuItem::CMenuItem(CEtiquetaTft*, int, bool)
                0x08003b0c                CMenuItem::CMenuItem(CEtiquetaTft*, int, bool)
 .text._ZN9CMenuItemD2Ev
                0x08003b54       0x20 ./Core/Inc/GUI/Menu/CMenuItem.o
                0x08003b54                CMenuItem::~CMenuItem()
                0x08003b54                CMenuItem::~CMenuItem()
 .text._ZN9CMenuItemD0Ev
                0x08003b74       0x20 ./Core/Inc/GUI/Menu/CMenuItem.o
                0x08003b74                CMenuItem::~CMenuItem()
 .text._ZN9CMenuItem13AgregaAlFinalEPS_
                0x08003b94       0x32 ./Core/Inc/GUI/Menu/CMenuItem.o
                0x08003b94                CMenuItem::AgregaAlFinal(CMenuItem*)
 .text._ZN9CMenuItem4ShowEv
                0x08003bc6       0x6e ./Core/Inc/GUI/Menu/CMenuItem.o
                0x08003bc6                CMenuItem::Show()
 .text._ZN9CMenuItem13AsignaColoresEiiii
                0x08003c34       0x32 ./Core/Inc/GUI/Menu/CMenuItem.o
                0x08003c34                CMenuItem::AsignaColores(int, int, int, int)
 .text._ZN9CMenuItem10SeleccionaEb
                0x08003c66       0x20 ./Core/Inc/GUI/Menu/CMenuItem.o
                0x08003c66                CMenuItem::Selecciona(bool)
 .text._ZN9CMenuItem16CalculaPosicionYEi
                0x08003c86       0x5e ./Core/Inc/GUI/Menu/CMenuItem.o
                0x08003c86                CMenuItem::CalculaPosicionY(int)
 .text._ZN9CMenuItem13DameSiguienteEv
                0x08003ce4       0x18 ./Core/Inc/GUI/Menu/CMenuItem.o
                0x08003ce4                CMenuItem::DameSiguiente()
 .text._ZN9CMenuItem13DamePosicionYEv
                0x08003cfc       0x1c ./Core/Inc/GUI/Menu/CMenuItem.o
                0x08003cfc                CMenuItem::DamePosicionY()
 .text._ZN9CMenuItem10DameAlturaEv
                0x08003d18       0x1c ./Core/Inc/GUI/Menu/CMenuItem.o
                0x08003d18                CMenuItem::DameAltura()
 .text._ZN9CMenuItem16EstaSeleccionadoEv
                0x08003d34       0x1a ./Core/Inc/GUI/Menu/CMenuItem.o
                0x08003d34                CMenuItem::EstaSeleccionado()
 .text._ZN9CMenuItem12DameAnteriorEv
                0x08003d4e       0x18 ./Core/Inc/GUI/Menu/CMenuItem.o
                0x08003d4e                CMenuItem::DameAnterior()
 .text._ZN9CMenuItem17DameIdentificadorEv
                0x08003d66       0x18 ./Core/Inc/GUI/Menu/CMenuItem.o
                0x08003d66                CMenuItem::DameIdentificador()
 *fill*         0x08003d7e        0x2 
 .text._ZN15CPantallaManualD2Ev
                0x08003d80       0x30 ./Core/Inc/GUI/PantallaManual/CPantallaManual.o
                0x08003d80                CPantallaManual::~CPantallaManual()
                0x08003d80                CPantallaManual::~CPantallaManual()
 .text._ZThn48_N15CPantallaManualD1Ev
                0x08003db0        0x8 ./Core/Inc/GUI/PantallaManual/CPantallaManual.o
                0x08003db0                non-virtual thunk to CPantallaManual::~CPantallaManual()
 .text._ZN15CPantallaManualD0Ev
                0x08003db8       0x20 ./Core/Inc/GUI/PantallaManual/CPantallaManual.o
                0x08003db8                CPantallaManual::~CPantallaManual()
 .text._ZThn48_N15CPantallaManualD0Ev
                0x08003dd8        0x8 ./Core/Inc/GUI/PantallaManual/CPantallaManual.o
                0x08003dd8                non-virtual thunk to CPantallaManual::~CPantallaManual()
 .text._ZN15CPantallaManualC2Ev
                0x08003de0      0x1c8 ./Core/Inc/GUI/PantallaManual/CPantallaManual.o
                0x08003de0                CPantallaManual::CPantallaManual()
                0x08003de0                CPantallaManual::CPantallaManual()
 .text._ZN15CPantallaManual13MuestraEstadoEb
                0x08003fa8       0xd8 ./Core/Inc/GUI/PantallaManual/CPantallaManual.o
                0x08003fa8                CPantallaManual::MuestraEstado(bool)
 .text._ZN15CPantallaManual16LeeDatosEstacionEv
                0x08004080       0xa4 ./Core/Inc/GUI/PantallaManual/CPantallaManual.o
                0x08004080                CPantallaManual::LeeDatosEstacion()
 .text._ZN15CPantallaManual19MuestraTemperaturasEb
                0x08004124       0x88 ./Core/Inc/GUI/PantallaManual/CPantallaManual.o
                0x08004124                CPantallaManual::MuestraTemperaturas(bool)
 .text._ZN15CPantallaManual16OnNivelAireEventEi
                0x080041ac       0x36 ./Core/Inc/GUI/PantallaManual/CPantallaManual.o
                0x080041ac                CPantallaManual::OnNivelAireEvent(int)
 .text._ZThn48_N15CPantallaManual16OnNivelAireEventEi
                0x080041e2        0x8 ./Core/Inc/GUI/PantallaManual/CPantallaManual.o
                0x080041e2                non-virtual thunk to CPantallaManual::OnNivelAireEvent(int)
 *fill*         0x080041ea        0x2 
 .text._ZN15CPantallaManual16MuestraNivelAireEb
                0x080041ec       0xa0 ./Core/Inc/GUI/PantallaManual/CPantallaManual.o
                0x080041ec                CPantallaManual::MuestraNivelAire(bool)
 .text._ZN15CPantallaManual22OnTemperaturaRealEventEi
                0x0800428c       0x16 ./Core/Inc/GUI/PantallaManual/CPantallaManual.o
                0x0800428c                CPantallaManual::OnTemperaturaRealEvent(int)
 .text._ZThn48_N15CPantallaManual22OnTemperaturaRealEventEi
                0x080042a2        0x8 ./Core/Inc/GUI/PantallaManual/CPantallaManual.o
                0x080042a2                non-virtual thunk to CPantallaManual::OnTemperaturaRealEvent(int)
 .text._ZN15CPantallaManual19OnPerillaIncrementoEv
                0x080042aa       0x2e ./Core/Inc/GUI/PantallaManual/CPantallaManual.o
                0x080042aa                CPantallaManual::OnPerillaIncremento()
 .text._ZThn48_N15CPantallaManual19OnPerillaIncrementoEv
                0x080042d8        0x8 ./Core/Inc/GUI/PantallaManual/CPantallaManual.o
                0x080042d8                non-virtual thunk to CPantallaManual::OnPerillaIncremento()
 .text._ZN15CPantallaManual19OnPerillaDecrementoEv
                0x080042e0       0x2e ./Core/Inc/GUI/PantallaManual/CPantallaManual.o
                0x080042e0                CPantallaManual::OnPerillaDecremento()
 .text._ZThn48_N15CPantallaManual19OnPerillaDecrementoEv
                0x0800430e        0x8 ./Core/Inc/GUI/PantallaManual/CPantallaManual.o
                0x0800430e                non-virtual thunk to CPantallaManual::OnPerillaDecremento()
 .text._ZN15CPantallaManual8RefrescaEv
                0x08004316       0x34 ./Core/Inc/GUI/PantallaManual/CPantallaManual.o
                0x08004316                CPantallaManual::Refresca()
 *fill*         0x0800434a        0x2 
 .text._ZN15CPantallaManual24OnBotonPerillaClickEventEv
                0x0800434c       0x1c ./Core/Inc/GUI/PantallaManual/CPantallaManual.o
                0x0800434c                CPantallaManual::OnBotonPerillaClickEvent()
 .text._ZThn48_N15CPantallaManual24OnBotonPerillaClickEventEv
                0x08004368        0x8 ./Core/Inc/GUI/PantallaManual/CPantallaManual.o
                0x08004368                non-virtual thunk to CPantallaManual::OnBotonPerillaClickEvent()
 .text._ZN15CPantallaManual18MuestraInformacionEb
                0x08004370       0x54 ./Core/Inc/GUI/PantallaManual/CPantallaManual.o
                0x08004370                CPantallaManual::MuestraInformacion(bool)
 .text._ZN15CPantallaManual17GuardaTemperaturaEv
                0x080043c4       0x74 ./Core/Inc/GUI/PantallaManual/CPantallaManual.o
                0x080043c4                CPantallaManual::GuardaTemperatura()
 .text._ZN15CPantallaManual4ShowEv
                0x08004438       0x98 ./Core/Inc/GUI/PantallaManual/CPantallaManual.o
                0x08004438                CPantallaManual::Show()
 .text._ZN15CPantallaManual21OnBotonTresClickEventEv
                0x080044d0       0x1c ./Core/Inc/GUI/PantallaManual/CPantallaManual.o
                0x080044d0                CPantallaManual::OnBotonTresClickEvent()
 .text._ZThn48_N15CPantallaManual21OnBotonTresClickEventEv
                0x080044ec        0x8 ./Core/Inc/GUI/PantallaManual/CPantallaManual.o
                0x080044ec                non-virtual thunk to CPantallaManual::OnBotonTresClickEvent()
 .text._ZN15CPantallaManual20OnBotonUnoClickEventEv
                0x080044f4       0x1c ./Core/Inc/GUI/PantallaManual/CPantallaManual.o
                0x080044f4                CPantallaManual::OnBotonUnoClickEvent()
 .text._ZThn48_N15CPantallaManual20OnBotonUnoClickEventEv
                0x08004510        0x8 ./Core/Inc/GUI/PantallaManual/CPantallaManual.o
                0x08004510                non-virtual thunk to CPantallaManual::OnBotonUnoClickEvent()
 .text._ZN15CPantallaManual20OnBotonDosClickEventEv
                0x08004518       0x1c ./Core/Inc/GUI/PantallaManual/CPantallaManual.o
                0x08004518                CPantallaManual::OnBotonDosClickEvent()
 .text._ZThn48_N15CPantallaManual20OnBotonDosClickEventEv
                0x08004534        0x8 ./Core/Inc/GUI/PantallaManual/CPantallaManual.o
                0x08004534                non-virtual thunk to CPantallaManual::OnBotonDosClickEvent()
 .text._ZN16CPantallaMemoriaD2Ev
                0x0800453c       0x30 ./Core/Inc/GUI/PantallaMemoria/CPantallaMemoria.o
                0x0800453c                CPantallaMemoria::~CPantallaMemoria()
                0x0800453c                CPantallaMemoria::~CPantallaMemoria()
 .text._ZThn48_N16CPantallaMemoriaD1Ev
                0x0800456c        0x8 ./Core/Inc/GUI/PantallaMemoria/CPantallaMemoria.o
                0x0800456c                non-virtual thunk to CPantallaMemoria::~CPantallaMemoria()
 .text._ZN16CPantallaMemoriaD0Ev
                0x08004574       0x22 ./Core/Inc/GUI/PantallaMemoria/CPantallaMemoria.o
                0x08004574                CPantallaMemoria::~CPantallaMemoria()
 .text._ZThn48_N16CPantallaMemoriaD0Ev
                0x08004596        0x8 ./Core/Inc/GUI/PantallaMemoria/CPantallaMemoria.o
                0x08004596                non-virtual thunk to CPantallaMemoria::~CPantallaMemoria()
 *fill*         0x0800459e        0x2 
 .text._ZN16CPantallaMemoriaC2Ev
                0x080045a0      0x104 ./Core/Inc/GUI/PantallaMemoria/CPantallaMemoria.o
                0x080045a0                CPantallaMemoria::CPantallaMemoria()
                0x080045a0                CPantallaMemoria::CPantallaMemoria()
 .text._ZN16CPantallaMemoria17GuardaTemperaturaEv
                0x080046a4       0x14 ./Core/Inc/GUI/PantallaMemoria/CPantallaMemoria.o
                0x080046a4                CPantallaMemoria::GuardaTemperatura()
 .text._ZN16CPantallaMemoria4ShowEv
                0x080046b8       0x7c ./Core/Inc/GUI/PantallaMemoria/CPantallaMemoria.o
                0x080046b8                CPantallaMemoria::Show()
 .text._ZN16CPantallaMemoria10SetMemoriaEi
                0x08004734       0x28 ./Core/Inc/GUI/PantallaMemoria/CPantallaMemoria.o
                0x08004734                CPantallaMemoria::SetMemoria(int)
 .text._ZN16CPantallaMemoria23OnBotonCuatroClickEventEv
                0x0800475c       0x1c ./Core/Inc/GUI/PantallaMemoria/CPantallaMemoria.o
                0x0800475c                CPantallaMemoria::OnBotonCuatroClickEvent()
 .text._ZThn48_N16CPantallaMemoria23OnBotonCuatroClickEventEv
                0x08004778        0x8 ./Core/Inc/GUI/PantallaMemoria/CPantallaMemoria.o
                0x08004778                non-virtual thunk to CPantallaMemoria::OnBotonCuatroClickEvent()
 .text._ZN16CPantallaMemoria15LeeDatosMemoriaEv
                0x08004780       0xb0 ./Core/Inc/GUI/PantallaMemoria/CPantallaMemoria.o
                0x08004780                CPantallaMemoria::LeeDatosMemoria()
 .text._ZN16CPantallaMemoria20DameDireccionMemoriaEv
                0x08004830       0x44 ./Core/Inc/GUI/PantallaMemoria/CPantallaMemoria.o
                0x08004830                CPantallaMemoria::DameDireccionMemoria()
 .text._ZN16CPantallaMemoria16LeeDatosEstacionEv
                0x08004874       0x6a ./Core/Inc/GUI/PantallaMemoria/CPantallaMemoria.o
                0x08004874                CPantallaMemoria::LeeDatosEstacion()
 *fill*         0x080048de        0x2 
 .text._ZN16CPantallaMemoria19OnPerillaIncrementoEv
                0x080048e0       0x1c ./Core/Inc/GUI/PantallaMemoria/CPantallaMemoria.o
                0x080048e0                CPantallaMemoria::OnPerillaIncremento()
 .text._ZThn48_N16CPantallaMemoria19OnPerillaIncrementoEv
                0x080048fc        0x8 ./Core/Inc/GUI/PantallaMemoria/CPantallaMemoria.o
                0x080048fc                non-virtual thunk to CPantallaMemoria::OnPerillaIncremento()
 .text._ZN16CPantallaMemoria19OnPerillaDecrementoEv
                0x08004904       0x1c ./Core/Inc/GUI/PantallaMemoria/CPantallaMemoria.o
                0x08004904                CPantallaMemoria::OnPerillaDecremento()
 .text._ZThn48_N16CPantallaMemoria19OnPerillaDecrementoEv
                0x08004920        0x8 ./Core/Inc/GUI/PantallaMemoria/CPantallaMemoria.o
                0x08004920                non-virtual thunk to CPantallaMemoria::OnPerillaDecremento()
 .text._ZN16CPantallaMemoria18MuestraInformacionEb
                0x08004928       0x6c ./Core/Inc/GUI/PantallaMemoria/CPantallaMemoria.o
                0x08004928                CPantallaMemoria::MuestraInformacion(bool)
 .text._ZN14CMenuPrincipalC2Ev
                0x08004994      0x10c ./Core/Inc/GUI/PantallaMenuPrincipal/CMenuPrincipal.o
                0x08004994                CMenuPrincipal::CMenuPrincipal()
                0x08004994                CMenuPrincipal::CMenuPrincipal()
 .text._ZN14CMenuPrincipalD2Ev
                0x08004aa0       0x44 ./Core/Inc/GUI/PantallaMenuPrincipal/CMenuPrincipal.o
                0x08004aa0                CMenuPrincipal::~CMenuPrincipal()
                0x08004aa0                CMenuPrincipal::~CMenuPrincipal()
 .text._ZThn48_N14CMenuPrincipalD1Ev
                0x08004ae4        0x8 ./Core/Inc/GUI/PantallaMenuPrincipal/CMenuPrincipal.o
                0x08004ae4                non-virtual thunk to CMenuPrincipal::~CMenuPrincipal()
 .text._ZThn172_N14CMenuPrincipalD1Ev
                0x08004aec        0x8 ./Core/Inc/GUI/PantallaMenuPrincipal/CMenuPrincipal.o
                0x08004aec                non-virtual thunk to CMenuPrincipal::~CMenuPrincipal()
 .text._ZN14CMenuPrincipalD0Ev
                0x08004af4       0x20 ./Core/Inc/GUI/PantallaMenuPrincipal/CMenuPrincipal.o
                0x08004af4                CMenuPrincipal::~CMenuPrincipal()
 .text._ZThn172_N14CMenuPrincipalD0Ev
                0x08004b14        0x8 ./Core/Inc/GUI/PantallaMenuPrincipal/CMenuPrincipal.o
                0x08004b14                non-virtual thunk to CMenuPrincipal::~CMenuPrincipal()
 .text._ZThn48_N14CMenuPrincipalD0Ev
                0x08004b1c        0x8 ./Core/Inc/GUI/PantallaMenuPrincipal/CMenuPrincipal.o
                0x08004b1c                non-virtual thunk to CMenuPrincipal::~CMenuPrincipal()
 .text._ZN14CMenuPrincipal4ShowEv
                0x08004b24       0x3e ./Core/Inc/GUI/PantallaMenuPrincipal/CMenuPrincipal.o
                0x08004b24                CMenuPrincipal::Show()
 .text._ZN14CMenuPrincipal8RefrescaEv
                0x08004b62       0x3a ./Core/Inc/GUI/PantallaMenuPrincipal/CMenuPrincipal.o
                0x08004b62                CMenuPrincipal::Refresca()
 .text._ZN14CMenuPrincipal23OnBotonCuatroClickEventEv
                0x08004b9c       0x1c ./Core/Inc/GUI/PantallaMenuPrincipal/CMenuPrincipal.o
                0x08004b9c                CMenuPrincipal::OnBotonCuatroClickEvent()
 .text._ZThn48_N14CMenuPrincipal23OnBotonCuatroClickEventEv
                0x08004bb8        0x8 ./Core/Inc/GUI/PantallaMenuPrincipal/CMenuPrincipal.o
                0x08004bb8                non-virtual thunk to CMenuPrincipal::OnBotonCuatroClickEvent()
 .text._ZN14CMenuPrincipal19OnPerillaIncrementoEv
                0x08004bc0       0x1c ./Core/Inc/GUI/PantallaMenuPrincipal/CMenuPrincipal.o
                0x08004bc0                CMenuPrincipal::OnPerillaIncremento()
 .text._ZThn48_N14CMenuPrincipal19OnPerillaIncrementoEv
                0x08004bdc        0x8 ./Core/Inc/GUI/PantallaMenuPrincipal/CMenuPrincipal.o
                0x08004bdc                non-virtual thunk to CMenuPrincipal::OnPerillaIncremento()
 .text._ZN14CMenuPrincipal19OnPerillaDecrementoEv
                0x08004be4       0x1c ./Core/Inc/GUI/PantallaMenuPrincipal/CMenuPrincipal.o
                0x08004be4                CMenuPrincipal::OnPerillaDecremento()
 .text._ZThn48_N14CMenuPrincipal19OnPerillaDecrementoEv
                0x08004c00        0x8 ./Core/Inc/GUI/PantallaMenuPrincipal/CMenuPrincipal.o
                0x08004c00                non-virtual thunk to CMenuPrincipal::OnPerillaDecremento()
 .text._ZN14CMenuPrincipal24OnBotonPerillaClickEventEv
                0x08004c08       0x1c ./Core/Inc/GUI/PantallaMenuPrincipal/CMenuPrincipal.o
                0x08004c08                CMenuPrincipal::OnBotonPerillaClickEvent()
 .text._ZThn48_N14CMenuPrincipal24OnBotonPerillaClickEventEv
                0x08004c24        0x8 ./Core/Inc/GUI/PantallaMenuPrincipal/CMenuPrincipal.o
                0x08004c24                non-virtual thunk to CMenuPrincipal::OnBotonPerillaClickEvent()
 .text._ZN14CMenuPrincipal11OnMenuEventEi
                0x08004c2c       0x40 ./Core/Inc/GUI/PantallaMenuPrincipal/CMenuPrincipal.o
                0x08004c2c                CMenuPrincipal::OnMenuEvent(int)
 .text._ZThn172_N14CMenuPrincipal11OnMenuEventEi
                0x08004c6c        0x8 ./Core/Inc/GUI/PantallaMenuPrincipal/CMenuPrincipal.o
                0x08004c6c                non-virtual thunk to CMenuPrincipal::OnMenuEvent(int)
 .text._ZN14CMenuPrincipal21OnBotonTresClickEventEv
                0x08004c74       0x1c ./Core/Inc/GUI/PantallaMenuPrincipal/CMenuPrincipal.o
                0x08004c74                CMenuPrincipal::OnBotonTresClickEvent()
 .text._ZThn48_N14CMenuPrincipal21OnBotonTresClickEventEv
                0x08004c90        0x8 ./Core/Inc/GUI/PantallaMenuPrincipal/CMenuPrincipal.o
                0x08004c90                non-virtual thunk to CMenuPrincipal::OnBotonTresClickEvent()
 .text._ZN14CMenuPrincipal20OnBotonUnoClickEventEv
                0x08004c98       0x1c ./Core/Inc/GUI/PantallaMenuPrincipal/CMenuPrincipal.o
                0x08004c98                CMenuPrincipal::OnBotonUnoClickEvent()
 .text._ZThn48_N14CMenuPrincipal20OnBotonUnoClickEventEv
                0x08004cb4        0x8 ./Core/Inc/GUI/PantallaMenuPrincipal/CMenuPrincipal.o
                0x08004cb4                non-virtual thunk to CMenuPrincipal::OnBotonUnoClickEvent()
 .text._ZN14CMenuPrincipal20OnBotonDosClickEventEv
                0x08004cbc       0x1c ./Core/Inc/GUI/PantallaMenuPrincipal/CMenuPrincipal.o
                0x08004cbc                CMenuPrincipal::OnBotonDosClickEvent()
 .text._ZThn48_N14CMenuPrincipal20OnBotonDosClickEventEv
                0x08004cd8        0x8 ./Core/Inc/GUI/PantallaMenuPrincipal/CMenuPrincipal.o
                0x08004cd8                non-virtual thunk to CMenuPrincipal::OnBotonDosClickEvent()
 .text._Z35ILI9341_Draw_Hollow_Rectangle_Coordttttt
                0x08004ce0      0x102 ./Core/Inc/ILI9341/ILI9341_GFX.o
                0x08004ce0                ILI9341_Draw_Hollow_Rectangle_Coord(unsigned short, unsigned short, unsigned short, unsigned short, unsigned short)
 .text._Z35ILI9341_Draw_Filled_Rectangle_Coordttttt
                0x08004de2       0xbc ./Core/Inc/ILI9341/ILI9341_GFX.o
                0x08004de2                ILI9341_Draw_Filled_Rectangle_Coord(unsigned short, unsigned short, unsigned short, unsigned short, unsigned short)
 *fill*         0x08004e9e        0x2 
 .text._Z17ILI9341_Draw_Charciittt
                0x08004ea0      0x12c ./Core/Inc/ILI9341/ILI9341_GFX.o
                0x08004ea0                ILI9341_Draw_Char(char, int, int, unsigned short, unsigned short, unsigned short)
 .text._Z17ILI9341_Draw_TextPKciittt
                0x08004fcc       0x50 ./Core/Inc/ILI9341/ILI9341_GFX.o
                0x08004fcc                ILI9341_Draw_Text(char const*, int, int, unsigned short, unsigned short, unsigned short)
 .text._Z16ILI9341_SPI_Initv
                0x0800501c       0x20 ./Core/Inc/ILI9341/ILI9341_STM32_Driver.o
                0x0800501c                ILI9341_SPI_Init()
 .text._Z16ILI9341_SPI_Sendh
                0x0800503c       0x24 ./Core/Inc/ILI9341/ILI9341_STM32_Driver.o
                0x0800503c                ILI9341_SPI_Send(unsigned char)
 .text._Z21ILI9341_Write_Commandh
                0x08005060       0x3c ./Core/Inc/ILI9341/ILI9341_STM32_Driver.o
                0x08005060                ILI9341_Write_Command(unsigned char)
 .text._Z18ILI9341_Write_Datah
                0x0800509c       0x3c ./Core/Inc/ILI9341/ILI9341_STM32_Driver.o
                0x0800509c                ILI9341_Write_Data(unsigned char)
 .text._Z19ILI9341_Set_Addresstttt
                0x080050d8       0x98 ./Core/Inc/ILI9341/ILI9341_STM32_Driver.o
                0x080050d8                ILI9341_Set_Address(unsigned short, unsigned short, unsigned short, unsigned short)
 .text._Z13ILI9341_Resetv
                0x08005170       0x38 ./Core/Inc/ILI9341/ILI9341_STM32_Driver.o
                0x08005170                ILI9341_Reset()
 .text._Z20ILI9341_Set_Rotationh
                0x080051a8       0xa4 ./Core/Inc/ILI9341/ILI9341_STM32_Driver.o
                0x080051a8                ILI9341_Set_Rotation(unsigned char)
 .text._Z14ILI9341_Enablev
                0x0800524c       0x18 ./Core/Inc/ILI9341/ILI9341_STM32_Driver.o
                0x0800524c                ILI9341_Enable()
 .text._Z12ILI9341_Initv
                0x08005264      0x21a ./Core/Inc/ILI9341/ILI9341_STM32_Driver.o
                0x08005264                ILI9341_Init()
 *fill*         0x0800547e        0x2 
 .text._Z25ILI9341_Draw_Colour_Bursttm
                0x08005480      0x134 ./Core/Inc/ILI9341/ILI9341_STM32_Driver.o
                0x08005480                ILI9341_Draw_Colour_Burst(unsigned short, unsigned long)
 .text._Z19ILI9341_Fill_Screent
                0x080055b4       0x4c ./Core/Inc/ILI9341/ILI9341_STM32_Driver.o
                0x080055b4                ILI9341_Fill_Screen(unsigned short)
 .text._Z18ILI9341_Draw_Pixelttt
                0x08005600      0x198 ./Core/Inc/ILI9341/ILI9341_STM32_Driver.o
                0x08005600                ILI9341_Draw_Pixel(unsigned short, unsigned short, unsigned short)
 .text._Z22ILI9341_Draw_Rectanglettttt
                0x08005798       0xd4 ./Core/Inc/ILI9341/ILI9341_STM32_Driver.o
                0x08005798                ILI9341_Draw_Rectangle(unsigned short, unsigned short, unsigned short, unsigned short, unsigned short)
 .text._Z28ILI9341_Draw_Horizontal_Linetttt
                0x0800586c       0x9c ./Core/Inc/ILI9341/ILI9341_STM32_Driver.o
                0x0800586c                ILI9341_Draw_Horizontal_Line(unsigned short, unsigned short, unsigned short, unsigned short)
 .text._Z26ILI9341_Draw_Vertical_Linetttt
                0x08005908       0x9c ./Core/Inc/ILI9341/ILI9341_STM32_Driver.o
                0x08005908                ILI9341_Draw_Vertical_Line(unsigned short, unsigned short, unsigned short, unsigned short)
 .text._ZN19CManejadorControlesC2Ev
                0x080059a4      0x178 ./Core/Inc/ManejadorControles/CManejadorControles.o
                0x080059a4                CManejadorControles::CManejadorControles()
                0x080059a4                CManejadorControles::CManejadorControles()
 .text._ZN19CManejadorControlesD2Ev
                0x08005b1c       0x74 ./Core/Inc/ManejadorControles/CManejadorControles.o
                0x08005b1c                CManejadorControles::~CManejadorControles()
                0x08005b1c                CManejadorControles::~CManejadorControles()
 .text._ZThn4_N19CManejadorControlesD1Ev
                0x08005b90        0x8 ./Core/Inc/ManejadorControles/CManejadorControles.o
                0x08005b90                non-virtual thunk to CManejadorControles::~CManejadorControles()
 .text._ZN19CManejadorControlesD0Ev
                0x08005b98       0x22 ./Core/Inc/ManejadorControles/CManejadorControles.o
                0x08005b98                CManejadorControles::~CManejadorControles()
 .text._ZThn4_N19CManejadorControlesD0Ev
                0x08005bba        0x8 ./Core/Inc/ManejadorControles/CManejadorControles.o
                0x08005bba                non-virtual thunk to CManejadorControles::~CManejadorControles()
 .text._ZN19CManejadorControles17GPIO_INTERRUPCIONEi
                0x08005bc2       0x28 ./Core/Inc/ManejadorControles/CManejadorControles.o
                0x08005bc2                CManejadorControles::GPIO_INTERRUPCION(int)
 .text._ZN19CManejadorControles14ProcesaBotonesEi
                0x08005bea       0x42 ./Core/Inc/ManejadorControles/CManejadorControles.o
                0x08005bea                CManejadorControles::ProcesaBotones(int)
 .text._ZN19CManejadorControles19InterrupcionEncoderEi
                0x08005c2c       0x1e ./Core/Inc/ManejadorControles/CManejadorControles.o
                0x08005c2c                CManejadorControles::InterrupcionEncoder(int)
 .text._ZN19CManejadorControles12GetNivelAireEv
                0x08005c4a       0x1c ./Core/Inc/ManejadorControles/CManejadorControles.o
                0x08005c4a                CManejadorControles::GetNivelAire()
 .text._ZN19CManejadorControles18BotonUnoClickEventEv
                0x08005c66       0x2c ./Core/Inc/ManejadorControles/CManejadorControles.o
                0x08005c66                CManejadorControles::BotonUnoClickEvent()
 .text._ZN19CManejadorControles18BotonDosClickEventEv
                0x08005c92       0x2c ./Core/Inc/ManejadorControles/CManejadorControles.o
                0x08005c92                CManejadorControles::BotonDosClickEvent()
 .text._ZN19CManejadorControles19BotonTresClickEventEv
                0x08005cbe       0x2c ./Core/Inc/ManejadorControles/CManejadorControles.o
                0x08005cbe                CManejadorControles::BotonTresClickEvent()
 .text._ZN19CManejadorControles21BotonCuatroClickEventEv
                0x08005cea       0x2c ./Core/Inc/ManejadorControles/CManejadorControles.o
                0x08005cea                CManejadorControles::BotonCuatroClickEvent()
 .text._ZN19CManejadorControles22BotonPerillaClickEventEv
                0x08005d16       0x2c ./Core/Inc/ManejadorControles/CManejadorControles.o
                0x08005d16                CManejadorControles::BotonPerillaClickEvent()
 .text._ZN19CManejadorControles17EncoderIncrementoEv
                0x08005d42       0x2c ./Core/Inc/ManejadorControles/CManejadorControles.o
                0x08005d42                CManejadorControles::EncoderIncremento()
 .text._ZN19CManejadorControles17EncoderDecrementoEv
                0x08005d6e       0x2c ./Core/Inc/ManejadorControles/CManejadorControles.o
                0x08005d6e                CManejadorControles::EncoderDecremento()
 *fill*         0x08005d9a        0x2 
 .text._ZN19CManejadorControles17OnBotonClickEventEi
                0x08005d9c       0x68 ./Core/Inc/ManejadorControles/CManejadorControles.o
                0x08005d9c                CManejadorControles::OnBotonClickEvent(int)
 .text._ZN19CManejadorControles19OnIncrementoEncoderEi
                0x08005e04       0x1e ./Core/Inc/ManejadorControles/CManejadorControles.o
                0x08005e04                CManejadorControles::OnIncrementoEncoder(int)
 .text._ZThn4_N19CManejadorControles19OnIncrementoEncoderEi
                0x08005e22        0x8 ./Core/Inc/ManejadorControles/CManejadorControles.o
                0x08005e22                non-virtual thunk to CManejadorControles::OnIncrementoEncoder(int)
 .text._ZN19CManejadorControles19OnDecrementoEncoderEi
                0x08005e2a       0x1e ./Core/Inc/ManejadorControles/CManejadorControles.o
                0x08005e2a                CManejadorControles::OnDecrementoEncoder(int)
 .text._ZThn4_N19CManejadorControles19OnDecrementoEncoderEi
                0x08005e48        0x8 ./Core/Inc/ManejadorControles/CManejadorControles.o
                0x08005e48                non-virtual thunk to CManejadorControles::OnDecrementoEncoder(int)
 .text._ZN19CManejadorControles24OnBotonEncoderClickEventEi
                0x08005e50       0x1e ./Core/Inc/ManejadorControles/CManejadorControles.o
                0x08005e50                CManejadorControles::OnBotonEncoderClickEvent(int)
 .text._ZThn4_N19CManejadorControles24OnBotonEncoderClickEventEi
                0x08005e6e        0x8 ./Core/Inc/ManejadorControles/CManejadorControles.o
                0x08005e6e                non-virtual thunk to CManejadorControles::OnBotonEncoderClickEvent(int)
 .text._ZN19CManejadorControles21SetManejadorControlesEP26CManejadorEventosControles
                0x08005e76       0x1c ./Core/Inc/ManejadorControles/CManejadorControles.o
                0x08005e76                CManejadorControles::SetManejadorControles(CManejadorEventosControles*)
 *fill*         0x08005e92        0x2 
 .text._ZN26CManejadorEventosControlesC2Ev
                0x08005e94       0x20 ./Core/Inc/ManejadorControles/CManejadorEventosControles.o
                0x08005e94                CManejadorEventosControles::CManejadorEventosControles()
                0x08005e94                CManejadorEventosControles::CManejadorEventosControles()
 .text._ZN26CManejadorEventosControlesD2Ev
                0x08005eb4       0x20 ./Core/Inc/ManejadorControles/CManejadorEventosControles.o
                0x08005eb4                CManejadorEventosControles::~CManejadorEventosControles()
                0x08005eb4                CManejadorEventosControles::~CManejadorEventosControles()
 .text._ZN26CManejadorEventosControlesD0Ev
                0x08005ed4       0x20 ./Core/Inc/ManejadorControles/CManejadorEventosControles.o
                0x08005ed4                CManejadorEventosControles::~CManejadorEventosControles()
 .text._ZN26CManejadorEventosControles22OnTemperaturaRealEventEi
                0x08005ef4       0x16 ./Core/Inc/ManejadorControles/CManejadorEventosControles.o
                0x08005ef4                CManejadorEventosControles::OnTemperaturaRealEvent(int)
 .text._ZN26CManejadorEventosControles16OnNivelAireEventEi
                0x08005f0a       0x16 ./Core/Inc/ManejadorControles/CManejadorEventosControles.o
                0x08005f0a                CManejadorEventosControles::OnNivelAireEvent(int)
 .text._ZN26CManejadorEventosControles20OnBotonUnoClickEventEv
                0x08005f20       0x14 ./Core/Inc/ManejadorControles/CManejadorEventosControles.o
                0x08005f20                CManejadorEventosControles::OnBotonUnoClickEvent()
 .text._ZN26CManejadorEventosControles20OnBotonDosClickEventEv
                0x08005f34       0x14 ./Core/Inc/ManejadorControles/CManejadorEventosControles.o
                0x08005f34                CManejadorEventosControles::OnBotonDosClickEvent()
 .text._ZN26CManejadorEventosControles21OnBotonTresClickEventEv
                0x08005f48       0x14 ./Core/Inc/ManejadorControles/CManejadorEventosControles.o
                0x08005f48                CManejadorEventosControles::OnBotonTresClickEvent()
 .text._ZN26CManejadorEventosControles23OnBotonCuatroClickEventEv
                0x08005f5c       0x14 ./Core/Inc/ManejadorControles/CManejadorEventosControles.o
                0x08005f5c                CManejadorEventosControles::OnBotonCuatroClickEvent()
 .text._ZN26CManejadorEventosControles24OnBotonPerillaClickEventEv
                0x08005f70       0x14 ./Core/Inc/ManejadorControles/CManejadorEventosControles.o
                0x08005f70                CManejadorEventosControles::OnBotonPerillaClickEvent()
 .text._ZN26CManejadorEventosControles19OnPerillaIncrementoEv
                0x08005f84       0x14 ./Core/Inc/ManejadorControles/CManejadorEventosControles.o
                0x08005f84                CManejadorEventosControles::OnPerillaIncremento()
 .text._ZN26CManejadorEventosControles19OnPerillaDecrementoEv
                0x08005f98       0x14 ./Core/Inc/ManejadorControles/CManejadorEventosControles.o
                0x08005f98                CManejadorEventosControles::OnPerillaDecremento()
 .text._ZN7MAX6675C2Ev
                0x08005fac       0x16 ./Core/Inc/Max6675/Max6675.o
                0x08005fac                MAX6675::MAX6675()
                0x08005fac                MAX6675::MAX6675()
 .text._ZN7MAX667515SetConfigDatPinEP12GPIO_TypeDeft
                0x08005fc2       0x26 ./Core/Inc/Max6675/Max6675.o
                0x08005fc2                MAX6675::SetConfigDatPin(GPIO_TypeDef*, unsigned short)
 .text._ZN7MAX667514SetConfigCkPinEP12GPIO_TypeDeft
                0x08005fe8       0x26 ./Core/Inc/Max6675/Max6675.o
                0x08005fe8                MAX6675::SetConfigCkPin(GPIO_TypeDef*, unsigned short)
 .text._ZN7MAX667514SetConfigCsPinEP12GPIO_TypeDeft
                0x0800600e       0x26 ./Core/Inc/Max6675/Max6675.o
                0x0800600e                MAX6675::SetConfigCsPin(GPIO_TypeDef*, unsigned short)
 .text._ZN7MAX667512MAX6675_leexEv
                0x08006034       0xd4 ./Core/Inc/Max6675/Max6675.o
                0x08006034                MAX6675::MAX6675_leex()
 .text._ZN7MAX667513MAX6675_pulsoEv
                0x08006108       0x52 ./Core/Inc/Max6675/Max6675.o
                0x08006108                MAX6675::MAX6675_pulso()
 *fill*         0x0800615a        0x2 
 .text._ZN7MAX66757RetardoEv
                0x0800615c       0x4c ./Core/Inc/Max6675/Max6675.o
                0x0800615c                MAX6675::Retardo()
 .text._ZN7MAX66754InitEv
                0x080061a8       0xb0 ./Core/Inc/Max6675/Max6675.o
                0x080061a8                MAX6675::Init()
 .text._ZN3PwmC2Ev
                0x08006258       0x20 ./Core/Inc/PWM/Pwm.o
                0x08006258                Pwm::Pwm()
                0x08006258                Pwm::Pwm()
 .text._ZN3PwmD2Ev
                0x08006278       0x20 ./Core/Inc/PWM/Pwm.o
                0x08006278                Pwm::~Pwm()
                0x08006278                Pwm::~Pwm()
 .text._ZN3PwmD0Ev
                0x08006298       0x20 ./Core/Inc/PWM/Pwm.o
                0x08006298                Pwm::~Pwm()
 .text._ZN3Pwm4InitEP11TIM_TypeDefii
                0x080062b8      0x14c ./Core/Inc/PWM/Pwm.o
                0x080062b8                Pwm::Init(TIM_TypeDef*, int, int)
 .text._ZN3Pwm12SicloTrabajoEi
                0x08006404       0x38 ./Core/Inc/PWM/Pwm.o
                0x08006404                Pwm::SicloTrabajo(int)
 .text._ZN3Pwm13Error_HandlerEv
                0x0800643c       0x14 ./Core/Inc/PWM/Pwm.o
                0x0800643c                Pwm::Error_Handler()
 .text._ZN31CManejadorEventoSensorMagneticoC2Ev
                0x08006450       0x20 ./Core/Inc/SensorMagnetico/CManejadorEventoSensorMagnetico.o
                0x08006450                CManejadorEventoSensorMagnetico::CManejadorEventoSensorMagnetico()
                0x08006450                CManejadorEventoSensorMagnetico::CManejadorEventoSensorMagnetico()
 .text._ZN31CManejadorEventoSensorMagneticoD2Ev
                0x08006470       0x20 ./Core/Inc/SensorMagnetico/CManejadorEventoSensorMagnetico.o
                0x08006470                CManejadorEventoSensorMagnetico::~CManejadorEventoSensorMagnetico()
                0x08006470                CManejadorEventoSensorMagnetico::~CManejadorEventoSensorMagnetico()
 .text._ZN31CManejadorEventoSensorMagneticoD0Ev
                0x08006490       0x20 ./Core/Inc/SensorMagnetico/CManejadorEventoSensorMagnetico.o
                0x08006490                CManejadorEventoSensorMagnetico::~CManejadorEventoSensorMagnetico()
 .text._ZN31CManejadorEventoSensorMagnetico23OnSensorMagneticoChangeEi
                0x080064b0       0x16 ./Core/Inc/SensorMagnetico/CManejadorEventoSensorMagnetico.o
                0x080064b0                CManejadorEventoSensorMagnetico::OnSensorMagneticoChange(int)
 *fill*         0x080064c6        0x2 
 .text._ZN15SensorMagneticoC2Ev