../Core/Inc/GUI/Menu/CMenu.cpp:11:1:CMenu::CMenu(int, int, int, int, int, int, int)	40	static
../Core/Inc/GUI/Menu/CMenu.cpp:20:1:CMenu::~CMenu()	16	static
../Core/Inc/GUI/Menu/CMenu.cpp:20:1:virtual CMenu::~CMenu()	16	static
../Core/Inc/GUI/Menu/CMenu.cpp:25:6:virtual void CMenu::Show()	24	static
../Core/Inc/GUI/Menu/CMenu.cpp:43:6:void CMenu::AsignaColoresItems(int, int, int, int)	24	static
../Core/Inc/GUI/Menu/CMenu.cpp:51:12:CMenuItem* CMenu::CreaItem(char*, int, bool)	88	static
../Core/Inc/GUI/Menu/CMenu.cpp:59:6:void CMenu::AgregaItem(char*, int, bool)	32	static
../Core/Inc/GUI/Menu/CMenu.cpp:74:6:void CMenu::CalaculaPosicionItems(CMenuItem*)	16	static
../Core/Inc/GUI/Menu/CMenu.cpp:80:6:bool CMenu::SePuedeMostrar(CMenuItem*)	32	static
../Core/Inc/GUI/Menu/CMenu.cpp:88:6:void CMenu::OnSeleccionaSiguiente()	24	static
../Core/Inc/GUI/Menu/CMenu.cpp:124:6:void CMenu::OnSeleccionaAnterior()	32	static
../Core/Inc/GUI/Menu/CMenu.cpp:169:6:void CMenu::OnClickSeleccionado()	24	static
../Core/Inc/GUI/Menu/CMenu.cpp:177:6:void CMenu::CalculaPaginas()	32	static
../Core/Inc/GUI/Menu/CMenu.cpp:196:6:void CMenu::LimpiaPaginas()	24	static
../Core/Inc/GUI/Menu/CMenu.cpp:204:6:bool CMenu::EstaInicioPagina(CMenuItem*)	24	static
../Core/Inc/GUI/Menu/CMenu.cpp:214:6:void CMenu::AsignaManejadorEventosMenu(CManejadorEventoMenu*)	16	static
../Core/Inc/GUI/Menu/CMenu.cpp:219:6:void CMenu::AgregaItem(char*, int, int, int, int, int, bool)	48	static
../Core/Inc/GUI/Menu/CMenu.cpp:232:12:CMenuItem* CMenu::CreaItem(char*, int, int, int, int, int, bool)	72	static
../Core/Inc/GUI/Menu/CMenu.cpp:239:6:void CMenu::SetPosicion(int, int)	24	static
../Core/Inc/GUI/Menu/CMenu.cpp:244:6:void CMenu::AgregaItem(char*, int, int, int, int, int, int, int, bool)	56	static
../Core/Inc/GUI/Menu/CMenu.cpp:258:12:CMenuItem* CMenu::CreaItem(char*, int, int, int, int, int, int, int, bool)	72	static
../Core/Inc/GUI/Menu/CMenu.cpp:267:6:void CMenu::BorrarItemns()	24	static
